Archive member included to satisfy reference by file (symbol)

/Users/sabrinapiazza/.pico-sdk/toolchain/14_2_Rel1/bin/../lib/gcc/arm-none-eabi/14.2.1/thumb/v6-m/nofp/libgcc.a(_dvmd_tls.o)
                              CMakeFiles/claw_controllerv3.dir/Users/sabrinapiazza/.pico-sdk/sdk/2.2.0/src/rp2_common/pico_divider/divider_hardware.S.o (__aeabi_idiv0)
/Users/sabrinapiazza/.pico-sdk/toolchain/14_2_Rel1/bin/../lib/gcc/arm-none-eabi/14.2.1/../../../../arm-none-eabi/lib/thumb/v6-m/nofp/libg.a(libc_a-calloc.o)
                              CMakeFiles/claw_controllerv3.dir/Users/sabrinapiazza/.pico-sdk/sdk/2.2.0/src/rp2_common/pico_malloc/malloc.c.o (calloc)
/Users/sabrinapiazza/.pico-sdk/toolchain/14_2_Rel1/bin/../lib/gcc/arm-none-eabi/14.2.1/../../../../arm-none-eabi/lib/thumb/v6-m/nofp/libg.a(libc_a-callocr.o)
                              /Users/sabrinapiazza/.pico-sdk/toolchain/14_2_Rel1/bin/../lib/gcc/arm-none-eabi/14.2.1/../../../../arm-none-eabi/lib/thumb/v6-m/nofp/libg.a(libc_a-calloc.o) (_calloc_r)
/Users/sabrinapiazza/.pico-sdk/toolchain/14_2_Rel1/bin/../lib/gcc/arm-none-eabi/14.2.1/../../../../arm-none-eabi/lib/thumb/v6-m/nofp/libg.a(libc_a-malloc.o)
                              CMakeFiles/claw_controllerv3.dir/Users/sabrinapiazza/.pico-sdk/sdk/2.2.0/src/rp2_common/pico_malloc/malloc.c.o (malloc)
/Users/sabrinapiazza/.pico-sdk/toolchain/14_2_Rel1/bin/../lib/gcc/arm-none-eabi/14.2.1/../../../../arm-none-eabi/lib/thumb/v6-m/nofp/libg.a(libc_a-mallocr.o)
                              /Users/sabrinapiazza/.pico-sdk/toolchain/14_2_Rel1/bin/../lib/gcc/arm-none-eabi/14.2.1/../../../../arm-none-eabi/lib/thumb/v6-m/nofp/libg.a(libc_a-callocr.o) (_malloc_r)
/Users/sabrinapiazza/.pico-sdk/toolchain/14_2_Rel1/bin/../lib/gcc/arm-none-eabi/14.2.1/../../../../arm-none-eabi/lib/thumb/v6-m/nofp/libg.a(libc_a-mlock.o)
                              /Users/sabrinapiazza/.pico-sdk/toolchain/14_2_Rel1/bin/../lib/gcc/arm-none-eabi/14.2.1/../../../../arm-none-eabi/lib/thumb/v6-m/nofp/libg.a(libc_a-mallocr.o) (__malloc_lock)
/Users/sabrinapiazza/.pico-sdk/toolchain/14_2_Rel1/bin/../lib/gcc/arm-none-eabi/14.2.1/../../../../arm-none-eabi/lib/thumb/v6-m/nofp/libg.a(libc_a-realloc.o)
                              CMakeFiles/claw_controllerv3.dir/Users/sabrinapiazza/.pico-sdk/sdk/2.2.0/src/rp2_common/pico_malloc/malloc.c.o (realloc)
/Users/sabrinapiazza/.pico-sdk/toolchain/14_2_Rel1/bin/../lib/gcc/arm-none-eabi/14.2.1/../../../../arm-none-eabi/lib/thumb/v6-m/nofp/libg.a(libc_a-reallocr.o)
                              /Users/sabrinapiazza/.pico-sdk/toolchain/14_2_Rel1/bin/../lib/gcc/arm-none-eabi/14.2.1/../../../../arm-none-eabi/lib/thumb/v6-m/nofp/libg.a(libc_a-realloc.o) (_realloc_r)
/Users/sabrinapiazza/.pico-sdk/toolchain/14_2_Rel1/bin/../lib/gcc/arm-none-eabi/14.2.1/../../../../arm-none-eabi/lib/thumb/v6-m/nofp/libg.a(libc_a-memcmp.o)
                              CMakeFiles/claw_controllerv3.dir/Users/sabrinapiazza/.pico-sdk/sdk/2.2.0/src/rp2_common/pico_atomic/atomic.c.o (memcmp)
/Users/sabrinapiazza/.pico-sdk/toolchain/14_2_Rel1/bin/../lib/gcc/arm-none-eabi/14.2.1/../../../../arm-none-eabi/lib/thumb/v6-m/nofp/libg.a(libc_a-memmove.o)
                              CMakeFiles/claw_controllerv3.dir/Users/sabrinapiazza/.pico-sdk/sdk/2.2.0/lib/cyw43-driver/src/cyw43_ll.c.o (memmove)
/Users/sabrinapiazza/.pico-sdk/toolchain/14_2_Rel1/bin/../lib/gcc/arm-none-eabi/14.2.1/../../../../arm-none-eabi/lib/thumb/v6-m/nofp/libg.a(libc_a-strncmp.o)
                              CMakeFiles/claw_controllerv3.dir/Users/sabrinapiazza/.pico-sdk/sdk/2.2.0/lib/cyw43-driver/src/cyw43_ll.c.o (strncmp)
/Users/sabrinapiazza/.pico-sdk/toolchain/14_2_Rel1/bin/../lib/gcc/arm-none-eabi/14.2.1/../../../../arm-none-eabi/lib/thumb/v6-m/nofp/libg.a(libc_a-lcltime_r.o)
                              CMakeFiles/claw_controllerv3.dir/Users/sabrinapiazza/.pico-sdk/sdk/2.2.0/src/common/pico_util/datetime.c.o (localtime_r)
/Users/sabrinapiazza/.pico-sdk/toolchain/14_2_Rel1/bin/../lib/gcc/arm-none-eabi/14.2.1/../../../../arm-none-eabi/lib/thumb/v6-m/nofp/libg.a(libc_a-mktime.o)
                              CMakeFiles/claw_controllerv3.dir/Users/sabrinapiazza/.pico-sdk/sdk/2.2.0/src/common/pico_util/datetime.c.o (mktime)
/Users/sabrinapiazza/.pico-sdk/toolchain/14_2_Rel1/bin/../lib/gcc/arm-none-eabi/14.2.1/../../../../arm-none-eabi/lib/thumb/v6-m/nofp/libg.a(libc_a-month_lengths.o)
                              /Users/sabrinapiazza/.pico-sdk/toolchain/14_2_Rel1/bin/../lib/gcc/arm-none-eabi/14.2.1/../../../../arm-none-eabi/lib/thumb/v6-m/nofp/libg.a(libc_a-lcltime_r.o) (__month_lengths)
/Users/sabrinapiazza/.pico-sdk/toolchain/14_2_Rel1/bin/../lib/gcc/arm-none-eabi/14.2.1/../../../../arm-none-eabi/lib/thumb/v6-m/nofp/libg.a(libc_a-tzcalc_limits.o)
                              /Users/sabrinapiazza/.pico-sdk/toolchain/14_2_Rel1/bin/../lib/gcc/arm-none-eabi/14.2.1/../../../../arm-none-eabi/lib/thumb/v6-m/nofp/libg.a(libc_a-lcltime_r.o) (__tzcalc_limits)
[...]
Memory Configuration

Name             Origin             Length             Attributes
FLASH            0x10000000         0x00200000         xr
RAM              0x20000000         0x00040000         xrw
SCRATCH_X        0x20040000         0x00001000         xrw
SCRATCH_Y        0x20041000         0x00001000         xrw
*default*        0x00000000         0xffffffff

Linker script and memory map

LOAD /Users/sabrinapiazza/.pico-sdk/toolchain/14_2_Rel1/bin/../lib/gcc/arm-none-eabi/14.2.1/thumb/v6-m/nofp/crti.o
LOAD /Users/sabrinapiazza/.pico-sdk/toolchain/14_2_Rel1/bin/../lib/gcc/arm-none-eabi/14.2.1/thumb/v6-m/nofp/crtbegin.o
LOAD /Users/sabrinapiazza/.pico-sdk/toolchain/14_2_Rel1/bin/../lib/gcc/arm-none-eabi/14.2.1/../../../../arm-none-eabi/lib/thumb/v6-m/nofp/crt0.o

.flash_begin    0x10000000        0x0
                0x10000000                        __flash_binary_start = .

.boot2          0x10000000      0x100
                0x10000000                        __boot2_start__ = .
 *(.boot2)
 .boot2         0x10000000      0x100 pico-sdk/src/rp2040/boot_stage2/CMakeFiles/bs2_default_library.dir/./bs2_default_padded_checksummed.S.o
                0x10000100                        __boot2_end__ = .
                0x00000001                        ASSERT (((__boot2_end__ - __boot2_start__) == 0x100), ERROR: Pico second stage bootloader must be 256 bytes in size)

.text           0x10000100     0x7814
                0x10000100                        __logical_binary_start = .
 *(.vectors)
 .vectors       0x10000100       0xd4 CMakeFiles/claw_controllerv3.dir/Users/sabrinapiazza/.pico-sdk/sdk/2.2.0/src/rp2_common/pico_crt0/crt0.S.o
                0x10000100                __VECTOR_TABLE
                0x10000100                __vectors
                0x100001c0                isr_irq13
                0x100001c0                isr_irq27
                0x100001c0                isr_irq31
                0x100001c0                isr_irq5
                0x100001c0                isr_irq11
                0x100001c0                isr_irq23
                0x100001c0                isr_irq18
                0x100001c0                isr_irq9
                0x100001c0                __unhandled_user_irq
                0x100001c0                isr_irq25
                0x100001c0                isr_irq4
                0x100001c0                isr_irq16
                0x100001c0                isr_irq29
                0x100001c0                isr_irq26
                0x100001c0                isr_irq3
                0x100001c0                isr_irq12
                0x100001c0                isr_irq30
                0x100001c0                isr_irq28
                0x100001c0                isr_irq19
                0x100001c0                isr_irq0
                0x100001c0                isr_irq6
                0x100001c0                isr_irq22
                0x100001c0                isr_irq17
                0x100001c0                isr_irq14
                0x100001c0                __vectors_end
                0x100001c0                __default_isrs_start
                0x100001c0                isr_irq2
                0x100001c0                isr_irq10
                0x100001c0                isr_irq8
                0x100001c0                isr_irq24
                0x100001c0                isr_irq1
                0x100001c0                isr_irq7
                0x100001c0                isr_irq21
                0x100001c0                isr_irq20
                0x100001c0                isr_irq15
                0x100001c6                unhandled_user_irq_num_in_r0
                0x100001c8                isr_invalid
                0x100001ca                isr_nmi
                0x100001cc                isr_hardfault
                0x100001ce                isr_svcall
                0x100001d0                isr_pendsv
                0x100001d2                isr_systick
                0x100001d4                __default_isrs_end
 *(.binary_info_header)
 .binary_info_header
                0x100001d4       0x14 CMakeFiles/claw_controllerv3.dir/Users/sabrinapiazza/.pico-sdk/sdk/2.2.0/src/rp2_common/pico_crt0/crt0.S.o
                0x100001e8                        __binary_info_header_end = .
 *(.embedded_block)
                0x100001e8                        __embedded_block_end = .
 *(.reset)
 .reset         0x100001e8       0x9c CMakeFiles/claw_controllerv3.dir/Users/sabrinapiazza/.pico-sdk/sdk/2.2.0/src/rp2_common/pico_crt0/crt0.S.o
                0x100001e8                _entry_point
 *(.init)
 .init          0x10000284        0x4 /Users/sabrinapiazza/.pico-sdk/toolchain/14_2_Rel1/bin/../lib/gcc/arm-none-eabi/14.2.1/thumb/v6-m/nofp/crti.o
                0x10000284                _init
 *(EXCLUDE_FILE(*libm.a: *libc.a:*lib_a-mem*.o *libgcc.a:) .text*)
 .text.register_tm_clones
                0x10000288       0x28 /Users/sabrinapiazza/.pico-sdk/toolchain/14_2_Rel1/bin/../lib/gcc/arm-none-eabi/14.2.1/thumb/v6-m/nofp/crtbegin.o
 .text.frame_dummy
                0x100002b0       0x24 /Users/sabrinapiazza/.pico-sdk/toolchain/14_2_Rel1/bin/../lib/gcc/arm-none-eabi/14.2.1/thumb/v6-m/nofp/crtbegin.o
 .text.pwm_set_chan_level
                0x100002d4       0x38 CMakeFiles/claw_controllerv3.dir/claw_controllerv3.cpp.o
 .text._Z9moveDelayiff
                0x1000030c       0x28 CMakeFiles/claw_controllerv3.dir/claw_controllerv3.cpp.o
                0x1000030c                moveDelay(int, float, float)
 .text._Z8setServoP3PWMf
                0x10000334       0xa0 CMakeFiles/claw_controllerv3.dir/claw_controllerv3.cpp.o
                0x10000334                setServo(PWM*, float)
 .text._Z11enableServoi
                0x100003d4       0x8c CMakeFiles/claw_controllerv3.dir/claw_controllerv3.cpp.o
                0x100003d4                enableServo(int)
 .text.main     0x10000460       0xec CMakeFiles/claw_controllerv3.dir/claw_controllerv3.cpp.o
                0x10000460                main
 .text._gpio_set_irq_enabled
                0x1000054c       0x3c CMakeFiles/claw_controllerv3.dir/Users/sabrinapiazza/.pico-sdk/sdk/2.2.0/src/rp2_common/hardware_gpio/gpio.c.o
 .text.gpio_set_function
                0x10000588       0x34 CMakeFiles/claw_controllerv3.dir/Users/sabrinapiazza/.pico-sdk/sdk/2.2.0/src/rp2_common/hardware_gpio/gpio.c.o
                0x10000588                gpio_set_function
 .text.gpio_set_pulls
                0x100005bc       0x38 CMakeFiles/claw_controllerv3.dir/Users/sabrinapiazza/.pico-sdk/sdk/2.2.0/src/rp2_common/hardware_gpio/gpio.c.o
                0x100005bc                gpio_set_pulls
 .text.gpio_set_irq_enabled
                0x100005f4       0x50 CMakeFiles/claw_controllerv3.dir/Users/sabrinapiazza/.pico-sdk/sdk/2.2.0/src/rp2_common/hardware_gpio/gpio.c.o
                0x100005f4                gpio_set_irq_enabled
 .text.gpio_add_raw_irq_handler_with_order_priority_masked
                0x10000644       0x40 CMakeFiles/claw_controllerv3.dir/Users/sabrinapiazza/.pico-sdk/sdk/2.2.0/src/rp2_common/hardware_gpio/gpio.c.o
                0x10000644                gpio_add_raw_irq_handler_with_order_priority_masked
 .text.gpio_remove_raw_irq_handler_masked
                0x10000684       0x48 CMakeFiles/claw_controllerv3.dir/Users/sabrinapiazza/.pico-sdk/sdk/2.2.0/src/rp2_common/hardware_gpio/gpio.c.o
                0x10000684                gpio_remove_raw_irq_handler_masked
 .text.rp2040_chip_version
                0x100006cc       0x54 CMakeFiles/claw_controllerv3.dir/Users/sabrinapiazza/.pico-sdk/sdk/2.2.0/src/rp2040/pico_platform/platform.c.o
                0x100006cc                rp2040_chip_version
 .text.panic    0x10000720       0x30 CMakeFiles/claw_controllerv3.dir/Users/sabrinapiazza/.pico-sdk/sdk/2.2.0/src/rp2_common/pico_platform_panic/panic.c.o
                0x10000720                panic
 .text.hw_claim_lock
                0x10000750       0x18 CMakeFiles/claw_controllerv3.dir/Users/sabrinapiazza/.pico-sdk/sdk/2.2.0/src/common/hardware_claim/claim.c.o
                0x10000750                hw_claim_lock
 .text.hw_claim_unlock
                0x10000768       0x14 CMakeFiles/claw_controllerv3.dir/Users/sabrinapiazza/.pico-sdk/sdk/2.2.0/src/common/hardware_claim/claim.c.o
                0x10000768                hw_claim_unlock
 .text.hw_claim_or_assert
                0x1000077c       0x32 CMakeFiles/claw_controllerv3.dir/Users/sabrinapiazza/.pico-sdk/sdk/2.2.0/src/common/hardware_claim/claim.c.o
                0x1000077c                hw_claim_or_assert
 .text.hw_claim_unused_from_range
                0x100007ae       0x50 CMakeFiles/claw_controllerv3.dir/Users/sabrinapiazza/.pico-sdk/sdk/2.2.0/src/common/hardware_claim/claim.c.o
                0x100007ae                hw_claim_unused_from_range
 *fill*         0x100007fe        0x2 
 .text.hw_claim_clear
                0x10000800       0x40 CMakeFiles/claw_controllerv3.dir/Users/sabrinapiazza/.pico-sdk/sdk/2.2.0/src/common/hardware_claim/claim.c.o
                0x10000800                hw_claim_clear
 .text.next_striped_spin_lock_num
                0x10000840       0x1c CMakeFiles/claw_controllerv3.dir/Users/sabrinapiazza/.pico-sdk/sdk/2.2.0/src/rp2_common/hardware_sync/sync.c.o
                0x10000840                next_striped_spin_lock_num
 .text.spin_lock_claim_unused
                0x1000085c       0x24 CMakeFiles/claw_controllerv3.dir/Users/sabrinapiazza/.pico-sdk/sdk/2.2.0/src/rp2_common/hardware_sync/sync.c.o
                0x1000085c                spin_lock_claim_unused
 .text.spin_locks_reset
                0x10000880       0x20 CMakeFiles/claw_controllerv3.dir/Users/sabrinapiazza/.pico-sdk/sdk/2.2.0/src/rp2_common/hardware_sync_spin_lock/sync_spin_lock.c.o
                0x10000880                spin_locks_reset
 .text.set_raw_irq_handler_and_unlock
                0x100008a0       0x28 CMakeFiles/claw_controllerv3.dir/Users/sabrinapiazza/.pico-sdk/sdk/2.2.0/src/rp2_common/hardware_irq/irq.c.o
 .text.nvic_ipr0
                0x100008c8        0x8 CMakeFiles/claw_controllerv3.dir/Users/sabrinapiazza/.pico-sdk/sdk/2.2.0/src/rp2_common/hardware_irq/irq.c.o
 .text.runtime_init_per_core_irq_priorities
                0x100008d0       0x1c CMakeFiles/claw_controllerv3.dir/Users/sabrinapiazza/.pico-sdk/sdk/2.2.0/src/rp2_common/hardware_irq/irq.c.o
                0x100008d0                runtime_init_per_core_irq_priorities
 .text.get_user_irq_claim_index
                0x100008ec        0x6 CMakeFiles/claw_controllerv3.dir/Users/sabrinapiazza/.pico-sdk/sdk/2.2.0/src/rp2_common/hardware_irq/irq.c.o
 *fill*         0x100008f2        0x2 
 .text.resolve_j_16
                0x100008f4       0x30 CMakeFiles/claw_controllerv3.dir/Users/sabrinapiazza/.pico-sdk/sdk/2.2.0/src/rp2_common/hardware_irq/irq.c.o
 .text.make_j_16
                0x10000924       0x48 CMakeFiles/claw_controllerv3.dir/Users/sabrinapiazza/.pico-sdk/sdk/2.2.0/src/rp2_common/hardware_irq/irq.c.o
 .text.insert_bl_32
                0x1000096c       0x40 CMakeFiles/claw_controllerv3.dir/Users/sabrinapiazza/.pico-sdk/sdk/2.2.0/src/rp2_common/hardware_irq/irq.c.o
 .text.irq_is_enabled
                0x100009ac       0x18 CMakeFiles/claw_controllerv3.dir/Users/sabrinapiazza/.pico-sdk/sdk/2.2.0/src/rp2_common/hardware_irq/irq.c.o
                0x100009ac                irq_is_enabled
 .text.irq_set_mask_n_enabled
                0x100009c4       0x1c CMakeFiles/claw_controllerv3.dir/Users/sabrinapiazza/.pico-sdk/sdk/2.2.0/src/rp2_common/hardware_irq/irq.c.o
                0x100009c4                irq_set_mask_n_enabled
 .text.irq_set_enabled
                0x100009e0       0x14 CMakeFiles/claw_controllerv3.dir/Users/sabrinapiazza/.pico-sdk/sdk/2.2.0/src/rp2_common/hardware_irq/irq.c.o
                0x100009e0                irq_set_enabled
 .text.irq_set_pending
                0x100009f4       0x10 CMakeFiles/claw_controllerv3.dir/Users/sabrinapiazza/.pico-sdk/sdk/2.2.0/src/rp2_common/hardware_irq/irq.c.o
                0x100009f4                irq_set_pending
 .text.irq_get_vtable_handler
                0x10000a04       0x10 CMakeFiles/claw_controllerv3.dir/Users/sabrinapiazza/.pico-sdk/sdk/2.2.0/src/rp2_common/hardware_irq/irq.c.o
                0x10000a04                irq_get_vtable_handler
 .text.irq_has_shared_handler
                0x10000a14       0x1c CMakeFiles/claw_controllerv3.dir/Users/sabrinapiazza/.pico-sdk/sdk/2.2.0/src/rp2_common/hardware_irq/irq.c.o
                0x10000a14                irq_has_shared_handler
 .text.irq_has_handler
                0x10000a30       0x20 CMakeFiles/claw_controllerv3.dir/Users/sabrinapiazza/.pico-sdk/sdk/2.2.0/src/rp2_common/hardware_irq/irq.c.o
                0x10000a30                irq_has_handler
 .text.irq_set_exclusive_handler
                0x10000a50       0x54 CMakeFiles/claw_controllerv3.dir/Users/sabrinapiazza/.pico-sdk/sdk/2.2.0/src/rp2_common/hardware_irq/irq.c.o
                0x10000a50                irq_set_exclusive_handler
 .text.irq_add_shared_handler
                0x10000aa4      0x218 CMakeFiles/claw_controllerv3.dir/Users/sabrinapiazza/.pico-sdk/sdk/2.2.0/src/rp2_common/hardware_irq/irq.c.o
                0x10000aa4                irq_add_shared_handler
 .text.irq_remove_handler
                0x10000cbc      0x18c CMakeFiles/claw_controllerv3.dir/Users/sabrinapiazza/.pico-sdk/sdk/2.2.0/src/rp2_common/hardware_irq/irq.c.o
                0x10000cbc                irq_remove_handler
 .text.irq_set_priority
                0x10000e48       0x26 CMakeFiles/claw_controllerv3.dir/Users/sabrinapiazza/.pico-sdk/sdk/2.2.0/src/rp2_common/hardware_irq/irq.c.o
                0x10000e48                irq_set_priority
 *fill*         0x10000e6e        0x2 
 .text.irq_add_tail_to_free_list
                0x10000e70       0xf4 CMakeFiles/claw_controllerv3.dir/Users/sabrinapiazza/.pico-sdk/sdk/2.2.0/src/rp2_common/hardware_irq/irq.c.o
                0x10000e70                irq_add_tail_to_free_list
 .text.user_irq_unclaim
                0x10000f64       0x18 CMakeFiles/claw_controllerv3.dir/Users/sabrinapiazza/.pico-sdk/sdk/2.2.0/src/rp2_common/hardware_irq/irq.c.o
                0x10000f64                user_irq_unclaim
 .text.user_irq_claim_unused
                0x10000f7c       0x2c CMakeFiles/claw_controllerv3.dir/Users/sabrinapiazza/.pico-sdk/sdk/2.2.0/src/rp2_common/hardware_irq/irq.c.o
                0x10000f7c                user_irq_claim_unused
 .text.sem_init
                0x10000fa8       0x1e CMakeFiles/claw_controllerv3.dir/Users/sabrinapiazza/.pico-sdk/sdk/2.2.0/src/common/pico_sync/sem.c.o
                0x10000fa8                sem_init
 *fill*         0x10000fc6        0x2 
 .text.lock_init
                0x10000fc8       0x10 CMakeFiles/claw_controllerv3.dir/Users/sabrinapiazza/.pico-sdk/sdk/2.2.0/src/common/pico_sync/lock_core.c.o
                0x10000fc8                lock_init
 .text.mutex_init
                0x10000fd8       0x1a CMakeFiles/claw_controllerv3.dir/Users/sabrinapiazza/.pico-sdk/sdk/2.2.0/src/common/pico_sync/mutex.c.o
                0x10000fd8                mutex_init
 .text.recursive_mutex_init
                0x10000ff2       0x1e CMakeFiles/claw_controllerv3.dir/Users/sabrinapiazza/.pico-sdk/sdk/2.2.0/src/common/pico_sync/mutex.c.o
                0x10000ff2                recursive_mutex_init
 .text.runtime_init_mutex
                0x10001010       0x4c CMakeFiles/claw_controllerv3.dir/Users/sabrinapiazza/.pico-sdk/sdk/2.2.0/src/common/pico_sync/mutex.c.o
                0x10001010                runtime_init_mutex
 .text.critical_section_init_with_lock_num
                0x1000105c       0x14 CMakeFiles/claw_controllerv3.dir/Users/sabrinapiazza/.pico-sdk/sdk/2.2.0/src/common/pico_sync/critical_section.c.o
                0x1000105c                critical_section_init_with_lock_num
 .text.critical_section_init
                0x10001070       0x14 CMakeFiles/claw_controllerv3.dir/Users/sabrinapiazza/.pico-sdk/sdk/2.2.0/src/common/pico_sync/critical_section.c.o
                0x10001070                critical_section_init
 .text.ta_set_timeout
                0x10001084       0x24 CMakeFiles/claw_controllerv3.dir/Users/sabrinapiazza/.pico-sdk/sdk/2.2.0/src/common/pico_time/time.c.o
 .text.make_alarm_id
                0x100010a8        0x6 CMakeFiles/claw_controllerv3.dir/Users/sabrinapiazza/.pico-sdk/sdk/2.2.0/src/common/pico_time/time.c.o
 *fill*         0x100010ae        0x2 
 .text.sleep_until_callback
                0x100010b0       0x30 CMakeFiles/claw_controllerv3.dir/Users/sabrinapiazza/.pico-sdk/sdk/2.2.0/src/common/pico_time/time.c.o
 .text.alarm_pool_irq_handler
                0x100010e0      0x2f0 CMakeFiles/claw_controllerv3.dir/Users/sabrinapiazza/.pico-sdk/sdk/2.2.0/src/common/pico_time/time.c.o
 .text.ta_enable_irq_handler
                0x100013d0       0x2c CMakeFiles/claw_controllerv3.dir/Users/sabrinapiazza/.pico-sdk/sdk/2.2.0/src/common/pico_time/time.c.o
 .text.alarm_pool_post_alloc_init
                0x100013fc       0x78 CMakeFiles/claw_controllerv3.dir/Users/sabrinapiazza/.pico-sdk/sdk/2.2.0/src/common/pico_time/time.c.o
 .text.alarm_pool_get_default
                0x10001474       0x2c CMakeFiles/claw_controllerv3.dir/Users/sabrinapiazza/.pico-sdk/sdk/2.2.0/src/common/pico_time/time.c.o
                0x10001474                alarm_pool_get_default
 .text.alarm_pool_add_alarm_at_force_in_context
                0x100014a0       0xa4 CMakeFiles/claw_controllerv3.dir/Users/sabrinapiazza/.pico-sdk/sdk/2.2.0/src/common/pico_time/time.c.o
                0x100014a0                alarm_pool_add_alarm_at_force_in_context
 .text.alarm_pool_add_alarm_at
                0x10001544       0x3c CMakeFiles/claw_controllerv3.dir/Users/sabrinapiazza/.pico-sdk/sdk/2.2.0/src/common/pico_time/time.c.o
                0x10001544                alarm_pool_add_alarm_at
 .text.add_alarm_at
                0x10001580       0x2e CMakeFiles/claw_controllerv3.dir/Users/sabrinapiazza/.pico-sdk/sdk/2.2.0/src/common/pico_time/time.c.o
 *fill*         0x100015ae        0x2 
 .text.alarm_pool_cancel_alarm
                0x100015b0       0x78 CMakeFiles/claw_controllerv3.dir/Users/sabrinapiazza/.pico-sdk/sdk/2.2.0/src/common/pico_time/time.c.o
                0x100015b0                alarm_pool_cancel_alarm
 .text.cancel_alarm
                0x10001628       0x10 CMakeFiles/claw_controllerv3.dir/Users/sabrinapiazza/.pico-sdk/sdk/2.2.0/src/common/pico_time/time.c.o
 .text.alarm_pool_core_num
                0x10001638        0x4 CMakeFiles/claw_controllerv3.dir/Users/sabrinapiazza/.pico-sdk/sdk/2.2.0/src/common/pico_time/time.c.o
                0x10001638                alarm_pool_core_num
 .text.sleep_until
                0x1000163c       0xb0 CMakeFiles/claw_controllerv3.dir/Users/sabrinapiazza/.pico-sdk/sdk/2.2.0/src/common/pico_time/time.c.o
                0x1000163c                sleep_until
 .text.sleep_us
                0x100016ec       0x24 CMakeFiles/claw_controllerv3.dir/Users/sabrinapiazza/.pico-sdk/sdk/2.2.0/src/common/pico_time/time.c.o
                0x100016ec                sleep_us
 .text.sleep_ms
                0x10001710       0x14 CMakeFiles/claw_controllerv3.dir/Users/sabrinapiazza/.pico-sdk/sdk/2.2.0/src/common/pico_time/time.c.o
                0x10001710                sleep_ms
 .text.best_effort_wfe_or_timeout
                0x10001724      0x11c CMakeFiles/claw_controllerv3.dir/Users/sabrinapiazza/.pico-sdk/sdk/2.2.0/src/common/pico_time/time.c.o
                0x10001724                best_effort_wfe_or_timeout
 .text.alarm_pool_get_default_timer
                0x10001840        0x8 CMakeFiles/claw_controllerv3.dir/Users/sabrinapiazza/.pico-sdk/sdk/2.2.0/src/common/pico_time/time.c.o
                0x10001840                alarm_pool_get_default_timer
 .text.runtime_init_default_alarm_pool
                0x10001848       0x38 CMakeFiles/claw_controllerv3.dir/Users/sabrinapiazza/.pico-sdk/sdk/2.2.0/src/common/pico_time/time.c.o
                0x10001848                runtime_init_default_alarm_pool
 .text.timer_hardware_alarm_claim
                0x10001880       0x14 CMakeFiles/claw_controllerv3.dir/Users/sabrinapiazza/.pico-sdk/sdk/2.2.0/src/rp2_common/hardware_timer/timer.c.o
                0x10001880                timer_hardware_alarm_claim
 .text.timer_time_us_64
                0x10001894       0x10 CMakeFiles/claw_controllerv3.dir/Users/sabrinapiazza/.pico-sdk/sdk/2.2.0/src/rp2_common/hardware_timer/timer.c.o
                0x10001894                timer_time_us_64
 .text.timer_busy_wait_until
                0x100018a4       0x1a CMakeFiles/claw_controllerv3.dir/Users/sabrinapiazza/.pico-sdk/sdk/2.2.0/src/rp2_common/hardware_timer/timer.c.o
                0x100018a4                timer_busy_wait_until
 .text.timer_busy_wait_us
                0x100018be       0x38 CMakeFiles/claw_controllerv3.dir/Users/sabrinapiazza/.pico-sdk/sdk/2.2.0/src/rp2_common/hardware_timer/timer.c.o
                0x100018be                timer_busy_wait_us
 *fill*         0x100018f6        0x2 
 .text.time_us_64
                0x100018f8       0x10 CMakeFiles/claw_controllerv3.dir/Users/sabrinapiazza/.pico-sdk/sdk/2.2.0/src/rp2_common/hardware_timer/timer.c.o
                0x100018f8                time_us_64
 .text.busy_wait_us
                0x10001908       0x14 CMakeFiles/claw_controllerv3.dir/Users/sabrinapiazza/.pico-sdk/sdk/2.2.0/src/rp2_common/hardware_timer/timer.c.o
                0x10001908                busy_wait_us
 .text.busy_wait_until
                0x1000191c       0x14 CMakeFiles/claw_controllerv3.dir/Users/sabrinapiazza/.pico-sdk/sdk/2.2.0/src/rp2_common/hardware_timer/timer.c.o
                0x1000191c                busy_wait_until
 .text.clock_configure_internal
                0x10001930       0xc4 CMakeFiles/claw_controllerv3.dir/Users/sabrinapiazza/.pico-sdk/sdk/2.2.0/src/rp2_common/hardware_clocks/clocks.c.o
 .text.clock_configure_int_divider
                0x100019f4       0x28 CMakeFiles/claw_controllerv3.dir/Users/sabrinapiazza/.pico-sdk/sdk/2.2.0/src/rp2_common/hardware_clocks/clocks.c.o
                0x100019f4                clock_configure_int_divider
 .text.clock_configure_undivided
                0x10001a1c       0x12 CMakeFiles/claw_controllerv3.dir/Users/sabrinapiazza/.pico-sdk/sdk/2.2.0/src/rp2_common/hardware_clocks/clocks.c.o
                0x10001a1c                clock_configure_undivided
 *fill*         0x10001a2e        0x2 
 .text.clock_get_hz
                0x10001a30        0xc CMakeFiles/claw_controllerv3.dir/Users/sabrinapiazza/.pico-sdk/sdk/2.2.0/src/rp2_common/hardware_clocks/clocks.c.o
                0x10001a30                clock_get_hz
 .text.pll_init
                0x10001a3c      0x124 CMakeFiles/claw_controllerv3.dir/Users/sabrinapiazza/.pico-sdk/sdk/2.2.0/src/rp2_common/hardware_pll/pll.c.o
                0x10001a3c                pll_init
 .text.watchdog_update
                0x10001b60       0x14 CMakeFiles/claw_controllerv3.dir/Users/sabrinapiazza/.pico-sdk/sdk/2.2.0/src/rp2_common/hardware_watchdog/watchdog.c.o
                0x10001b60                watchdog_update
 .text._watchdog_enable
                0x10001b74       0x78 CMakeFiles/claw_controllerv3.dir/Users/sabrinapiazza/.pico-sdk/sdk/2.2.0/src/rp2_common/hardware_watchdog/watchdog.c.o
                0x10001b74                _watchdog_enable
 .text.watchdog_reboot
                0x10001bec       0x48 CMakeFiles/claw_controllerv3.dir/Users/sabrinapiazza/.pico-sdk/sdk/2.2.0/src/rp2_common/hardware_watchdog/watchdog.c.o
                0x10001bec                watchdog_reboot
 .text.tick_start
                0x10001c34       0x10 CMakeFiles/claw_controllerv3.dir/Users/sabrinapiazza/.pico-sdk/sdk/2.2.0/src/rp2_common/hardware_ticks/ticks.c.o
                0x10001c34                tick_start
 .text.rom_func_lookup
                0x10001c44       0x10 CMakeFiles/claw_controllerv3.dir/Users/sabrinapiazza/.pico-sdk/sdk/2.2.0/src/rp2_common/pico_bootrom/bootrom.c.o
                0x10001c44                rom_func_lookup
 .text.rom_data_lookup
                0x10001c54       0x10 CMakeFiles/claw_controllerv3.dir/Users/sabrinapiazza/.pico-sdk/sdk/2.2.0/src/rp2_common/pico_bootrom/bootrom.c.o
                0x10001c54                rom_data_lookup
 .text.rom_funcs_lookup
                0x10001c64       0x36 CMakeFiles/claw_controllerv3.dir/Users/sabrinapiazza/.pico-sdk/sdk/2.2.0/src/rp2_common/pico_bootrom/bootrom.c.o
                0x10001c64                rom_funcs_lookup
 *fill*         0x10001c9a        0x2 
 .text.rom_reset_usb_boot_extra
                0x10001c9c       0x24 CMakeFiles/claw_controllerv3.dir/Users/sabrinapiazza/.pico-sdk/sdk/2.2.0/src/rp2_common/pico_bootrom/bootrom.c.o
                0x10001c9c                rom_reset_usb_boot_extra
 .text.xosc_init
                0x10001cc0       0x2c CMakeFiles/claw_controllerv3.dir/Users/sabrinapiazza/.pico-sdk/sdk/2.2.0/src/rp2_common/hardware_xosc/xosc.c.o
                0x10001cc0                xosc_init
 .text.runtime_run_initializers_from
                0x10001cec       0x18 CMakeFiles/claw_controllerv3.dir/Users/sabrinapiazza/.pico-sdk/sdk/2.2.0/src/rp2_common/pico_runtime/runtime.c.o
 .text.first_per_core_initializer
                0x10001d04        0x2 CMakeFiles/claw_controllerv3.dir/Users/sabrinapiazza/.pico-sdk/sdk/2.2.0/src/rp2_common/pico_runtime/runtime.c.o
 *fill*         0x10001d06        0x2 
 .text.runtime_run_initializers
                0x10001d08       0x10 CMakeFiles/claw_controllerv3.dir/Users/sabrinapiazza/.pico-sdk/sdk/2.2.0/src/rp2_common/pico_runtime/runtime.c.o
                0x10001d08                runtime_run_initializers
 .text.runtime_init_early_resets
                0x10001d18       0x2c CMakeFiles/claw_controllerv3.dir/Users/sabrinapiazza/.pico-sdk/sdk/2.2.0/src/rp2_common/pico_runtime_init/runtime_init.c.o
                0x10001d18                runtime_init_early_resets
 .text.runtime_init_usb_power_down
                0x10001d44       0x1c CMakeFiles/claw_controllerv3.dir/Users/sabrinapiazza/.pico-sdk/sdk/2.2.0/src/rp2_common/pico_runtime_init/runtime_init.c.o
                0x10001d44                runtime_init_usb_power_down
 .text.runtime_init_post_clock_resets
                0x10001d60       0x20 CMakeFiles/claw_controllerv3.dir/Users/sabrinapiazza/.pico-sdk/sdk/2.2.0/src/rp2_common/pico_runtime_init/runtime_init.c.o
                0x10001d60                runtime_init_post_clock_resets
 .text.runtime_init_rp2040_gpio_ie_disable
                0x10001d80       0x14 CMakeFiles/claw_controllerv3.dir/Users/sabrinapiazza/.pico-sdk/sdk/2.2.0/src/rp2_common/pico_runtime_init/runtime_init.c.o
                0x10001d80                runtime_init_rp2040_gpio_ie_disable
 .text.runtime_init_spin_locks_reset
                0x10001d94        0x8 CMakeFiles/claw_controllerv3.dir/Users/sabrinapiazza/.pico-sdk/sdk/2.2.0/src/rp2_common/pico_runtime_init/runtime_init.c.o
                0x10001d94                runtime_init_spin_locks_reset
 .text.runtime_init_install_ram_vector_table
                0x10001d9c       0x48 CMakeFiles/claw_controllerv3.dir/Users/sabrinapiazza/.pico-sdk/sdk/2.2.0/src/rp2_common/pico_runtime_init/runtime_init.c.o
                0x10001d9c                runtime_init_install_ram_vector_table
 .text.start_all_ticks
                0x10001de4       0x28 CMakeFiles/claw_controllerv3.dir/Users/sabrinapiazza/.pico-sdk/sdk/2.2.0/src/rp2_common/pico_runtime_init/runtime_init_clocks.c.o
 .text.runtime_init_clocks
                0x10001e0c       0xcc CMakeFiles/claw_controllerv3.dir/Users/sabrinapiazza/.pico-sdk/sdk/2.2.0/src/rp2_common/pico_runtime_init/runtime_init_clocks.c.o
                0x10001e0c                runtime_init_clocks
 .text          0x10001ed8       0x10 CMakeFiles/claw_controllerv3.dir/Users/sabrinapiazza/.pico-sdk/sdk/2.2.0/src/rp2_common/pico_bit_ops/bit_ops_aeabi.S.o
 .text.__wrap___aeabi_idiv
                0x10001ee8       0x50 CMakeFiles/claw_controllerv3.dir/Users/sabrinapiazza/.pico-sdk/sdk/2.2.0/src/rp2_common/pico_divider/divider_hardware.S.o
                0x10001ee8                __wrap___aeabi_idivmod
                0x10001ee8                divmod_s32s32
                0x10001ee8                div_s32s32
                0x10001ee8                __wrap___aeabi_idiv
                0x10001ef0                divmod_s32s32_unsafe
                0x10001f1c                divmod_s32s32_savestate
 .text.__wrap___aeabi_uidiv
                0x10001f38       0x4c CMakeFiles/claw_controllerv3.dir/Users/sabrinapiazza/.pico-sdk/sdk/2.2.0/src/rp2_common/pico_divider/divider_hardware.S.o
                0x10001f38                __wrap___aeabi_uidiv
                0x10001f38                __wrap___aeabi_uidivmod
                0x10001f38                div_u32u32
                0x10001f38                divmod_u32u32
                0x10001f40                divmod_u32u32_unsafe
                0x10001f68                divmod_u32u32_savestate
 .text.__wrap___aeabi_ldiv
                0x10001f84      0x424 CMakeFiles/claw_controllerv3.dir/Users/sabrinapiazza/.pico-sdk/sdk/2.2.0/src/rp2_common/pico_divider/divider_hardware.S.o
                0x10001f84                __wrap___aeabi_ldivmod
                0x10001f84                div_s64s64
                0x10001f84                divmod_s64s64
                0x10001fb4                divmod_u64u64
                0x10001fb4                div_u64u64
                0x10001fb4                __wrap___aeabi_uldivmod
                0x10001fc4                divmod_u64u64_savestate
                0x10001fe4                divmod_s64s64_unsafe
                0x1000206c                divmod_u64u64_unsafe
 .text.__wrap___aeabi_darithmetic
                0x100023a8       0x60 CMakeFiles/claw_controllerv3.dir/Users/sabrinapiazza/.pico-sdk/sdk/2.2.0/src/rp2_common/pico_double/double_aeabi_rp2040.S.o
                0x100023a8                __wrap___aeabi_drsub
                0x100023ae                __wrap___aeabi_dsub
                0x100023b8                __wrap___aeabi_dadd
                0x100023c2                __wrap___aeabi_ddiv
                0x100023f6                __wrap___aeabi_dmul
 .text.__wrap___aeabi_cdcmple
                0x10002408       0x6c CMakeFiles/claw_controllerv3.dir/Users/sabrinapiazza/.pico-sdk/sdk/2.2.0/src/rp2_common/pico_double/double_aeabi_rp2040.S.o
                0x10002408                __wrap___aeabi_cdrcmple
                0x10002418                __wrap___aeabi_cdcmple
                0x10002418                __wrap___aeabi_cdcmpeq
 .text.__wrap___aeabi_dcmplt
                0x10002474        0xc CMakeFiles/claw_controllerv3.dir/Users/sabrinapiazza/.pico-sdk/sdk/2.2.0/src/rp2_common/pico_double/double_aeabi_rp2040.S.o
                0x10002474                __wrap___aeabi_dcmplt
 .text.__wrap___aeabi_dcmple
                0x10002480       0x10 CMakeFiles/claw_controllerv3.dir/Users/sabrinapiazza/.pico-sdk/sdk/2.2.0/src/rp2_common/pico_double/double_aeabi_rp2040.S.o
                0x10002480                __wrap___aeabi_dcmple
 .text.__wrap___aeabi_dcmpge
                0x10002490       0x10 CMakeFiles/claw_controllerv3.dir/Users/sabrinapiazza/.pico-sdk/sdk/2.2.0/src/rp2_common/pico_double/double_aeabi_rp2040.S.o
                0x10002490                __wrap___aeabi_dcmpge
 .text.__wrap___aeabi_dcmpgt
                0x100024a0        0xa CMakeFiles/claw_controllerv3.dir/Users/sabrinapiazza/.pico-sdk/sdk/2.2.0/src/rp2_common/pico_double/double_aeabi_rp2040.S.o
                0x100024a0                __wrap___aeabi_dcmpgt
 .text.__wrap___aeabi_dcmpun
                0x100024aa       0x18 CMakeFiles/claw_controllerv3.dir/Users/sabrinapiazza/.pico-sdk/sdk/2.2.0/src/rp2_common/pico_double/double_aeabi_rp2040.S.o
                0x100024aa                __wrap___aeabi_dcmpun
 *fill*         0x100024c2        0x2 
 .text.__wrap___aeabi_i2d
                0x100024c4       0x38 CMakeFiles/claw_controllerv3.dir/Users/sabrinapiazza/.pico-sdk/sdk/2.2.0/src/rp2_common/pico_double/double_aeabi_rp2040.S.o
                0x100024c4                __wrap___aeabi_ui2d
                0x100024c4                uint2double
                0x100024cc                __wrap___aeabi_i2d
                0x100024cc                int2double
 .text.__wrap___aeabi_d2iz
                0x100024fc       0x48 CMakeFiles/claw_controllerv3.dir/Users/sabrinapiazza/.pico-sdk/sdk/2.2.0/src/rp2_common/pico_double/double_aeabi_rp2040.S.o
                0x100024fc                __wrap___aeabi_d2iz
                0x100024fc                double2int_z
 .text.__wrap___aeabi_d2uiz
                0x10002544       0x10 CMakeFiles/claw_controllerv3.dir/Users/sabrinapiazza/.pico-sdk/sdk/2.2.0/src/rp2_common/pico_double/double_aeabi_rp2040.S.o
                0x10002544                double2uint_z
                0x10002544                double2uint
                0x10002544                __wrap___aeabi_d2uiz
 .text.missing_double_func_shim
                0x10002554        0xc CMakeFiles/claw_controllerv3.dir/Users/sabrinapiazza/.pico-sdk/sdk/2.2.0/src/rp2_common/pico_double/double_init_rom_rp2040.c.o
 .text.__aeabi_double_init
                0x10002560       0xd0 CMakeFiles/claw_controllerv3.dir/Users/sabrinapiazza/.pico-sdk/sdk/2.2.0/src/rp2_common/pico_double/double_init_rom_rp2040.c.o
                0x10002560                __aeabi_double_init
 .text.double_table_shim_on_use_helper
                0x10002630       0x34 CMakeFiles/claw_controllerv3.dir/Users/sabrinapiazza/.pico-sdk/sdk/2.2.0/src/rp2_common/pico_double/double_v1_rom_shim_rp2040.S.o
                0x10002630                double_table_shim_on_use_helper
 .text.__aeabi_lmul
                0x10002664       0x32 CMakeFiles/claw_controllerv3.dir/Users/sabrinapiazza/.pico-sdk/sdk/2.2.0/src/rp2_common/pico_int64_ops/pico_int64_ops_aeabi.S.o
                0x10002664                __wrap___aeabi_lmul
 *fill*         0x10002696        0x2 
 .text.__wrap___aeabi_farithmetic
                0x10002698       0x48 CMakeFiles/claw_controllerv3.dir/Users/sabrinapiazza/.pico-sdk/sdk/2.2.0/src/rp2_common/pico_float/float_aeabi_rp2040.S.o
                0x10002698                __wrap___aeabi_frsub
                0x1000269e                __wrap___aeabi_fsub
                0x100026a4                __wrap___aeabi_fadd
                0x100026aa                __wrap___aeabi_fdiv
                0x100026d2                __wrap___aeabi_fmul
 .text.__wrap___aeabi_cfcmple
                0x100026e0       0x50 CMakeFiles/claw_controllerv3.dir/Users/sabrinapiazza/.pico-sdk/sdk/2.2.0/src/rp2_common/pico_float/float_aeabi_rp2040.S.o
                0x100026e0                __wrap___aeabi_cfrcmple
                0x100026ec                __wrap___aeabi_cfcmpeq
                0x100026ec                __wrap___aeabi_cfcmple
 .text.__wrap___aeabi_fcmplt
                0x10002730        0xc CMakeFiles/claw_controllerv3.dir/Users/sabrinapiazza/.pico-sdk/sdk/2.2.0/src/rp2_common/pico_float/float_aeabi_rp2040.S.o
                0x10002730                __wrap___aeabi_fcmplt
 .text.__wrap___aeabi_fcmpgt
                0x1000273c        0xa CMakeFiles/claw_controllerv3.dir/Users/sabrinapiazza/.pico-sdk/sdk/2.2.0/src/rp2_common/pico_float/float_aeabi_rp2040.S.o
                0x1000273c                __wrap___aeabi_fcmpgt
 *fill*         0x10002746        0x2 
 .text.__wrap___aeabi_i2f
                0x10002748       0x44 CMakeFiles/claw_controllerv3.dir/Users/sabrinapiazza/.pico-sdk/sdk/2.2.0/src/rp2_common/pico_float/float_aeabi_rp2040.S.o
                0x10002748                int2float
                0x10002748                __wrap___aeabi_i2f
 .text.__wrap___aeabi_f2iz
                0x1000278c       0x4e CMakeFiles/claw_controllerv3.dir/Users/sabrinapiazza/.pico-sdk/sdk/2.2.0/src/rp2_common/pico_float/float_aeabi_rp2040.S.o
                0x1000278c                __wrap___aeabi_f2iz
                0x1000278c                float2int_z
 *fill*         0x100027da        0x2 
 .text.float2int
                0x100027dc        0xc CMakeFiles/claw_controllerv3.dir/Users/sabrinapiazza/.pico-sdk/sdk/2.2.0/src/rp2_common/pico_float/float_aeabi_rp2040.S.o
                0x100027dc                float2int
 .text.__wrap___aeabi_f2uiz
                0x100027e8        0xc CMakeFiles/claw_controllerv3.dir/Users/sabrinapiazza/.pico-sdk/sdk/2.2.0/src/rp2_common/pico_float/float_aeabi_rp2040.S.o
                0x100027e8                float2uint
                0x100027e8                float2uint_z
                0x100027e8                __wrap___aeabi_f2uiz
 .text.__wrap___aeabi_f2d
                0x100027f4        0xc CMakeFiles/claw_controllerv3.dir/Users/sabrinapiazza/.pico-sdk/sdk/2.2.0/src/rp2_common/pico_float/float_aeabi_rp2040.S.o
                0x100027f4                __wrap___aeabi_f2d
 .text.missing_float_func_shim
                0x10002800        0xc CMakeFiles/claw_controllerv3.dir/Users/sabrinapiazza/.pico-sdk/sdk/2.2.0/src/rp2_common/pico_float/float_init_rom_rp2040.c.o
 .text.__aeabi_float_init
                0x1000280c       0x88 CMakeFiles/claw_controllerv3.dir/Users/sabrinapiazza/.pico-sdk/sdk/2.2.0/src/rp2_common/pico_float/float_init_rom_rp2040.c.o
                0x1000280c                __aeabi_float_init
 .text          0x10002894       0x10 CMakeFiles/claw_controllerv3.dir/Users/sabrinapiazza/.pico-sdk/sdk/2.2.0/src/rp2_common/pico_mem_ops/mem_ops_aeabi.S.o
                0x10002894                __aeabi_mem_init
 .text.memset   0x100028a4        0xc CMakeFiles/claw_controllerv3.dir/Users/sabrinapiazza/.pico-sdk/sdk/2.2.0/src/rp2_common/pico_mem_ops/mem_ops_aeabi.S.o
                0x100028a4                __wrap_memset
 .text.memcpy   0x100028b0        0xc CMakeFiles/claw_controllerv3.dir/Users/sabrinapiazza/.pico-sdk/sdk/2.2.0/src/rp2_common/pico_mem_ops/mem_ops_aeabi.S.o
                0x100028b0                __wrap___aeabi_memcpy
                0x100028b0                __wrap_memcpy
 .text._out_null
                0x100028bc        0x2 CMakeFiles/claw_controllerv3.dir/Users/sabrinapiazza/.pico-sdk/sdk/2.2.0/src/rp2_common/pico_printf/printf.c.o
 .text._out_fct
                0x100028be        0xe CMakeFiles/claw_controllerv3.dir/Users/sabrinapiazza/.pico-sdk/sdk/2.2.0/src/rp2_common/pico_printf/printf.c.o
 .text._atoi    0x100028cc       0x24 CMakeFiles/claw_controllerv3.dir/Users/sabrinapiazza/.pico-sdk/sdk/2.2.0/src/rp2_common/pico_printf/printf.c.o
 .text._out_rev
                0x100028f0       0xb0 CMakeFiles/claw_controllerv3.dir/Users/sabrinapiazza/.pico-sdk/sdk/2.2.0/src/rp2_common/pico_printf/printf.c.o
 .text._ntoa_format
                0x100029a0      0x10e CMakeFiles/claw_controllerv3.dir/Users/sabrinapiazza/.pico-sdk/sdk/2.2.0/src/rp2_common/pico_printf/printf.c.o
 .text._ntoa_long
                0x10002aae       0xbc CMakeFiles/claw_controllerv3.dir/Users/sabrinapiazza/.pico-sdk/sdk/2.2.0/src/rp2_common/pico_printf/printf.c.o
 .text._ntoa_long_long
                0x10002b6a      0x10e CMakeFiles/claw_controllerv3.dir/Users/sabrinapiazza/.pico-sdk/sdk/2.2.0/src/rp2_common/pico_printf/printf.c.o
 .text._etoa    0x10002c78      0x424 CMakeFiles/claw_controllerv3.dir/Users/sabrinapiazza/.pico-sdk/sdk/2.2.0/src/rp2_common/pico_printf/printf.c.o
 .text._ftoa    0x1000309c      0x348 CMakeFiles/claw_controllerv3.dir/Users/sabrinapiazza/.pico-sdk/sdk/2.2.0/src/rp2_common/pico_printf/printf.c.o
 .text._vsnprintf
                0x100033e4      0x6a4 CMakeFiles/claw_controllerv3.dir/Users/sabrinapiazza/.pico-sdk/sdk/2.2.0/src/rp2_common/pico_printf/printf.c.o
 .text.vfctprintf
                0x10003a88       0x24 CMakeFiles/claw_controllerv3.dir/Users/sabrinapiazza/.pico-sdk/sdk/2.2.0/src/rp2_common/pico_printf/printf.c.o
                0x10003a88                vfctprintf
 .text._exit    0x10003aac        0x4 CMakeFiles/claw_controllerv3.dir/Users/sabrinapiazza/.pico-sdk/sdk/2.2.0/src/rp2_common/pico_clib_interface/newlib_interface.c.o
                0x10003aac                _exit
 .text.exit     0x10003ab0        0x6 CMakeFiles/claw_controllerv3.dir/Users/sabrinapiazza/.pico-sdk/sdk/2.2.0/src/rp2_common/pico_clib_interface/newlib_interface.c.o
                0x10003ab0                exit
 *fill*         0x10003ab6        0x2 
 .text.__assert_func
                0x10003ab8       0x38 CMakeFiles/claw_controllerv3.dir/Users/sabrinapiazza/.pico-sdk/sdk/2.2.0/src/rp2_common/pico_clib_interface/newlib_interface.c.o
                0x10003ab8                __assert_func
 .text.runtime_init
                0x10003af0       0x28 CMakeFiles/claw_controllerv3.dir/Users/sabrinapiazza/.pico-sdk/sdk/2.2.0/src/rp2_common/pico_clib_interface/newlib_interface.c.o
                0x10003af0                runtime_init
 .text.stdio_out_chars_no_crlf
                0x10003b18        0xe CMakeFiles/claw_controllerv3.dir/Users/sabrinapiazza/.pico-sdk/sdk/2.2.0/src/rp2_common/pico_stdio/stdio.c.o
 *fill*         0x10003b26        0x2 
 .text.stdio_out_chars_crlf
                0x10003b28       0x80 CMakeFiles/claw_controllerv3.dir/Users/sabrinapiazza/.pico-sdk/sdk/2.2.0/src/rp2_common/pico_stdio/stdio.c.o
 .text.stdio_stack_buffer_flush
                0x10003ba8       0x44 CMakeFiles/claw_controllerv3.dir/Users/sabrinapiazza/.pico-sdk/sdk/2.2.0/src/rp2_common/pico_stdio/stdio.c.o
 .text.stdio_buffered_printer
                0x10003bec       0x20 CMakeFiles/claw_controllerv3.dir/Users/sabrinapiazza/.pico-sdk/sdk/2.2.0/src/rp2_common/pico_stdio/stdio.c.o
 .text.stdout_serialize_begin
                0x10003c0c       0x30 CMakeFiles/claw_controllerv3.dir/Users/sabrinapiazza/.pico-sdk/sdk/2.2.0/src/rp2_common/pico_stdio/stdio.c.o
                0x10003c0c                stdout_serialize_begin
 .text.stdout_serialize_end
                0x10003c3c       0x10 CMakeFiles/claw_controllerv3.dir/Users/sabrinapiazza/.pico-sdk/sdk/2.2.0/src/rp2_common/pico_stdio/stdio.c.o
                0x10003c3c                stdout_serialize_end
 .text.stdio_put_string
                0x10003c4c       0x94 CMakeFiles/claw_controllerv3.dir/Users/sabrinapiazza/.pico-sdk/sdk/2.2.0/src/rp2_common/pico_stdio/stdio.c.o
                0x10003c4c                stdio_put_string
 .text.stdio_get_until
                0x10003ce0       0x74 CMakeFiles/claw_controllerv3.dir/Users/sabrinapiazza/.pico-sdk/sdk/2.2.0/src/rp2_common/pico_stdio/stdio.c.o
                0x10003ce0                stdio_get_until
 .text.stdio_set_driver_enabled
                0x10003d54       0x30 CMakeFiles/claw_controllerv3.dir/Users/sabrinapiazza/.pico-sdk/sdk/2.2.0/src/rp2_common/pico_stdio/stdio.c.o
                0x10003d54                stdio_set_driver_enabled
 .text.stdio_flush
                0x10003d84       0x20 CMakeFiles/claw_controllerv3.dir/Users/sabrinapiazza/.pico-sdk/sdk/2.2.0/src/rp2_common/pico_stdio/stdio.c.o
                0x10003d84                stdio_flush
 .text.stdio_init_all
                0x10003da4        0x8 CMakeFiles/claw_controllerv3.dir/Users/sabrinapiazza/.pico-sdk/sdk/2.2.0/src/rp2_common/pico_stdio/stdio.c.o
                0x10003da4                stdio_init_all
 .text.stdio_getchar_timeout_us
                0x10003dac       0x54 CMakeFiles/claw_controllerv3.dir/Users/sabrinapiazza/.pico-sdk/sdk/2.2.0/src/rp2_common/pico_stdio/stdio.c.o
                0x10003dac                stdio_getchar_timeout_us
 .text.__wrap_puts
                0x10003e00       0x1e CMakeFiles/claw_controllerv3.dir/Users/sabrinapiazza/.pico-sdk/sdk/2.2.0/src/rp2_common/pico_stdio/stdio.c.o
                0x10003e00                __wrap_puts
                0x10003e00                stdio_puts
 *fill*         0x10003e1e        0x2 
 .text.__wrap_vprintf
                0x10003e20       0x40 CMakeFiles/claw_controllerv3.dir/Users/sabrinapiazza/.pico-sdk/sdk/2.2.0/src/rp2_common/pico_stdio/stdio.c.o
                0x10003e20                __wrap_vprintf
                0x10003e20                stdio_vprintf
 .text.__wrap_printf
                0x10003e60       0x18 CMakeFiles/claw_controllerv3.dir/Users/sabrinapiazza/.pico-sdk/sdk/2.2.0/src/rp2_common/pico_stdio/stdio.c.o
                0x10003e60                stdio_printf
                0x10003e60                __wrap_printf
 .text.resetd_init
                0x10003e78        0x2 CMakeFiles/claw_controllerv3.dir/Users/sabrinapiazza/.pico-sdk/sdk/2.2.0/src/rp2_common/pico_stdio_usb/reset_interface.c.o
 *fill*         0x10003e7a        0x2 
 .text.resetd_reset
                0x10003e7c        0xc CMakeFiles/claw_controllerv3.dir/Users/sabrinapiazza/.pico-sdk/sdk/2.2.0/src/rp2_common/pico_stdio_usb/reset_interface.c.o
 .text.resetd_open
                0x10003e88       0x34 CMakeFiles/claw_controllerv3.dir/Users/sabrinapiazza/.pico-sdk/sdk/2.2.0/src/rp2_common/pico_stdio_usb/reset_interface.c.o
 .text.resetd_xfer_cb
                0x10003ebc        0x4 CMakeFiles/claw_controllerv3.dir/Users/sabrinapiazza/.pico-sdk/sdk/2.2.0/src/rp2_common/pico_stdio_usb/reset_interface.c.o
 .text.resetd_control_xfer_cb
                0x10003ec0       0x60 CMakeFiles/claw_controllerv3.dir/Users/sabrinapiazza/.pico-sdk/sdk/2.2.0/src/rp2_common/pico_stdio_usb/reset_interface.c.o
 .text.tud_descriptor_bos_cb
                0x10003f20        0x8 CMakeFiles/claw_controllerv3.dir/Users/sabrinapiazza/.pico-sdk/sdk/2.2.0/src/rp2_common/pico_stdio_usb/reset_interface.c.o
                0x10003f20                tud_descriptor_bos_cb
 .text.tud_vendor_control_xfer_cb
                0x10003f28       0x38 CMakeFiles/claw_controllerv3.dir/Users/sabrinapiazza/.pico-sdk/sdk/2.2.0/src/rp2_common/pico_stdio_usb/reset_interface.c.o
                0x10003f28                tud_vendor_control_xfer_cb
 .text.usbd_app_driver_get_cb
                0x10003f60        0xc CMakeFiles/claw_controllerv3.dir/Users/sabrinapiazza/.pico-sdk/sdk/2.2.0/src/rp2_common/pico_stdio_usb/reset_interface.c.o
                0x10003f60                usbd_app_driver_get_cb
 .text.tud_cdc_line_coding_cb
                0x10003f6c       0x2c CMakeFiles/claw_controllerv3.dir/Users/sabrinapiazza/.pico-sdk/sdk/2.2.0/src/rp2_common/pico_stdio_usb/reset_interface.c.o
                0x10003f6c                tud_cdc_line_coding_cb
 .text.stdio_usb_set_chars_available_callback
                0x10003f98       0x14 CMakeFiles/claw_controllerv3.dir/Users/sabrinapiazza/.pico-sdk/sdk/2.2.0/src/rp2_common/pico_stdio_usb/stdio_usb.c.o
                0x10003f98                stdio_usb_set_chars_available_callback
 .text.stdio_usb_out_flush
                0x10003fac       0x4c CMakeFiles/claw_controllerv3.dir/Users/sabrinapiazza/.pico-sdk/sdk/2.2.0/src/rp2_common/pico_stdio_usb/stdio_usb.c.o
 .text.usb_irq  0x10003ff8       0x10 CMakeFiles/claw_controllerv3.dir/Users/sabrinapiazza/.pico-sdk/sdk/2.2.0/src/rp2_common/pico_stdio_usb/stdio_usb.c.o
 .text.timer_task
                0x10004008       0x6c CMakeFiles/claw_controllerv3.dir/Users/sabrinapiazza/.pico-sdk/sdk/2.2.0/src/rp2_common/pico_stdio_usb/stdio_usb.c.o
 .text.alarm_pool_add_alarm_in_us
                0x10004074       0x40 CMakeFiles/claw_controllerv3.dir/Users/sabrinapiazza/.pico-sdk/sdk/2.2.0/src/rp2_common/pico_stdio_usb/stdio_usb.c.o
 .text.add_alarm_in_us
                0x100040b4       0x2e CMakeFiles/claw_controllerv3.dir/Users/sabrinapiazza/.pico-sdk/sdk/2.2.0/src/rp2_common/pico_stdio_usb/stdio_usb.c.o
 *fill*         0x100040e2        0x2 
 .text.low_priority_worker_irq
                0x100040e4       0xa8 CMakeFiles/claw_controllerv3.dir/Users/sabrinapiazza/.pico-sdk/sdk/2.2.0/src/rp2_common/pico_stdio_usb/stdio_usb.c.o
 .text.stdio_usb_init
                0x1000418c       0xe0 CMakeFiles/claw_controllerv3.dir/Users/sabrinapiazza/.pico-sdk/sdk/2.2.0/src/rp2_common/pico_stdio_usb/stdio_usb.c.o
                0x1000418c                stdio_usb_init
 .text.stdio_usb_connected
                0x1000426c        0xa CMakeFiles/claw_controllerv3.dir/Users/sabrinapiazza/.pico-sdk/sdk/2.2.0/src/rp2_common/pico_stdio_usb/stdio_usb.c.o
                0x1000426c                stdio_usb_connected
 *fill*         0x10004276        0x2 
 .text.stdio_usb_in_chars
                0x10004278       0x98 CMakeFiles/claw_controllerv3.dir/Users/sabrinapiazza/.pico-sdk/sdk/2.2.0/src/rp2_common/pico_stdio_usb/stdio_usb.c.o
                0x10004278                stdio_usb_in_chars
 .text.stdio_usb_out_chars
                0x10004310       0xe8 CMakeFiles/claw_controllerv3.dir/Users/sabrinapiazza/.pico-sdk/sdk/2.2.0/src/rp2_common/pico_stdio_usb/stdio_usb.c.o
 .text.tud_descriptor_device_cb
                0x100043f8        0x8 CMakeFiles/claw_controllerv3.dir/Users/sabrinapiazza/.pico-sdk/sdk/2.2.0/src/rp2_common/pico_stdio_usb/stdio_usb_descriptors.c.o
                0x100043f8                tud_descriptor_device_cb
 .text.tud_descriptor_configuration_cb
                0x10004400        0x8 CMakeFiles/claw_controllerv3.dir/Users/sabrinapiazza/.pico-sdk/sdk/2.2.0/src/rp2_common/pico_stdio_usb/stdio_usb_descriptors.c.o
                0x10004400                tud_descriptor_configuration_cb
 .text.tud_descriptor_string_cb
                0x10004408       0x6c CMakeFiles/claw_controllerv3.dir/Users/sabrinapiazza/.pico-sdk/sdk/2.2.0/src/rp2_common/pico_stdio_usb/stdio_usb_descriptors.c.o
                0x10004408                tud_descriptor_string_cb
 .text._retrieve_unique_id_on_boot
                0x10004474       0x10 CMakeFiles/claw_controllerv3.dir/Users/sabrinapiazza/.pico-sdk/sdk/2.2.0/src/rp2_common/pico_unique_id/unique_id.c.o
 .text.pico_get_unique_board_id_string
                0x10004484       0x58 CMakeFiles/claw_controllerv3.dir/Users/sabrinapiazza/.pico-sdk/sdk/2.2.0/src/rp2_common/pico_unique_id/unique_id.c.o
                0x10004484                pico_get_unique_board_id_string
 .text.flash_get_unique_id
                0x100044dc       0x40 CMakeFiles/claw_controllerv3.dir/Users/sabrinapiazza/.pico-sdk/sdk/2.2.0/src/rp2_common/hardware_flash/flash.c.o
                0x100044dc                flash_get_unique_id
 .text.hw_endpoint_init
                0x1000451c       0xc0 CMakeFiles/claw_controllerv3.dir/Users/sabrinapiazza/.pico-sdk/sdk/2.2.0/lib/tinyusb/src/portable/raspberrypi/rp2040/dcd_rp2040.c.o
 .text.hw_endpoint_alloc
                0x100045dc       0x48 CMakeFiles/claw_controllerv3.dir/Users/sabrinapiazza/.pico-sdk/sdk/2.2.0/lib/tinyusb/src/portable/raspberrypi/rp2040/dcd_rp2040.c.o
 .text.hw_endpoint_open
                0x10004624       0x50 CMakeFiles/claw_controllerv3.dir/Users/sabrinapiazza/.pico-sdk/sdk/2.2.0/lib/tinyusb/src/portable/raspberrypi/rp2040/dcd_rp2040.c.o
 .text.hw_endpoint_xfer
                0x10004674       0x20 CMakeFiles/claw_controllerv3.dir/Users/sabrinapiazza/.pico-sdk/sdk/2.2.0/lib/tinyusb/src/portable/raspberrypi/rp2040/dcd_rp2040.c.o
 .text.dcd_int_enable
                0x10004694       0x2c CMakeFiles/claw_controllerv3.dir/Users/sabrinapiazza/.pico-sdk/sdk/2.2.0/lib/tinyusb/src/portable/raspberrypi/rp2040/dcd_rp2040.c.o
                0x10004694                dcd_int_enable
 .text.dcd_set_address
                0x100046c0       0x2c CMakeFiles/claw_controllerv3.dir/Users/sabrinapiazza/.pico-sdk/sdk/2.2.0/lib/tinyusb/src/portable/raspberrypi/rp2040/dcd_rp2040.c.o
                0x100046c0                dcd_set_address
 .text.dcd_connect
                0x100046ec       0x10 CMakeFiles/claw_controllerv3.dir/Users/sabrinapiazza/.pico-sdk/sdk/2.2.0/lib/tinyusb/src/portable/raspberrypi/rp2040/dcd_rp2040.c.o
                0x100046ec                dcd_connect
 .text.dcd_init
                0x100046fc       0x80 CMakeFiles/claw_controllerv3.dir/Users/sabrinapiazza/.pico-sdk/sdk/2.2.0/lib/tinyusb/src/portable/raspberrypi/rp2040/dcd_rp2040.c.o
                0x100046fc                dcd_init
 .text.dcd_sof_enable
                0x1000477c       0x1c CMakeFiles/claw_controllerv3.dir/Users/sabrinapiazza/.pico-sdk/sdk/2.2.0/lib/tinyusb/src/portable/raspberrypi/rp2040/dcd_rp2040.c.o
                0x1000477c                dcd_sof_enable
 .text.dcd_edpt0_status_complete
                0x10004798       0x1c CMakeFiles/claw_controllerv3.dir/Users/sabrinapiazza/.pico-sdk/sdk/2.2.0/lib/tinyusb/src/portable/raspberrypi/rp2040/dcd_rp2040.c.o
                0x10004798                dcd_edpt0_status_complete
 .text.dcd_edpt_open
                0x100047b4       0x26 CMakeFiles/claw_controllerv3.dir/Users/sabrinapiazza/.pico-sdk/sdk/2.2.0/lib/tinyusb/src/portable/raspberrypi/rp2040/dcd_rp2040.c.o
                0x100047b4                dcd_edpt_open
 .text.dcd_edpt_close_all
                0x100047da        0x8 CMakeFiles/claw_controllerv3.dir/Users/sabrinapiazza/.pico-sdk/sdk/2.2.0/lib/tinyusb/src/portable/raspberrypi/rp2040/dcd_rp2040.c.o
                0x100047da                dcd_edpt_close_all
 *fill*         0x100047e2        0x2 
 .text.dcd_edpt_xfer
                0x100047e4       0x30 CMakeFiles/claw_controllerv3.dir/Users/sabrinapiazza/.pico-sdk/sdk/2.2.0/lib/tinyusb/src/portable/raspberrypi/rp2040/dcd_rp2040.c.o
                0x100047e4                dcd_edpt_xfer
 .text.dcd_edpt_stall
                0x10004814       0x3c CMakeFiles/claw_controllerv3.dir/Users/sabrinapiazza/.pico-sdk/sdk/2.2.0/lib/tinyusb/src/portable/raspberrypi/rp2040/dcd_rp2040.c.o
                0x10004814                dcd_edpt_stall
 .text.dcd_edpt_clear_stall
                0x10004850       0x30 CMakeFiles/claw_controllerv3.dir/Users/sabrinapiazza/.pico-sdk/sdk/2.2.0/lib/tinyusb/src/portable/raspberrypi/rp2040/dcd_rp2040.c.o
                0x10004850                dcd_edpt_clear_stall
 .text.unaligned_memcpy
                0x10004880       0x14 CMakeFiles/claw_controllerv3.dir/Users/sabrinapiazza/.pico-sdk/sdk/2.2.0/lib/tinyusb/src/portable/raspberrypi/rp2040/rp2040_usb.c.o
 .text.rp2040_usb_init
                0x10004894       0x44 CMakeFiles/claw_controllerv3.dir/Users/sabrinapiazza/.pico-sdk/sdk/2.2.0/lib/tinyusb/src/portable/raspberrypi/rp2040/rp2040_usb.c.o
                0x10004894                rp2040_usb_init
 .text.hw_endpoint_xfer_start
                0x100048d8       0x60 CMakeFiles/claw_controllerv3.dir/Users/sabrinapiazza/.pico-sdk/sdk/2.2.0/lib/tinyusb/src/portable/raspberrypi/rp2040/rp2040_usb.c.o
                0x100048d8                hw_endpoint_xfer_start
 .text.configuration_reset
                0x10004938       0x84 CMakeFiles/claw_controllerv3.dir/Users/sabrinapiazza/.pico-sdk/sdk/2.2.0/lib/tinyusb/src/device/usbd.c.o
 .text.usbd_reset
                0x100049bc        0xc CMakeFiles/claw_controllerv3.dir/Users/sabrinapiazza/.pico-sdk/sdk/2.2.0/lib/tinyusb/src/device/usbd.c.o
 .text.invoke_class_control
                0x100049c8       0x1a CMakeFiles/claw_controllerv3.dir/Users/sabrinapiazza/.pico-sdk/sdk/2.2.0/lib/tinyusb/src/device/usbd.c.o
 *fill*         0x100049e2        0x2 
 .text.process_set_config
                0x100049e4      0x1b0 CMakeFiles/claw_controllerv3.dir/Users/sabrinapiazza/.pico-sdk/sdk/2.2.0/lib/tinyusb/src/device/usbd.c.o
 .text.tud_event_hook_cb
                0x10004b94        0x2 CMakeFiles/claw_controllerv3.dir/Users/sabrinapiazza/.pico-sdk/sdk/2.2.0/lib/tinyusb/src/device/usbd.c.o
                0x10004b94                tud_event_hook_cb
 .text.tud_sof_cb
                0x10004b96        0x2 CMakeFiles/claw_controllerv3.dir/Users/sabrinapiazza/.pico-sdk/sdk/2.2.0/lib/tinyusb/src/device/usbd.c.o
                0x10004b96                tud_sof_cb
 .text.tud_descriptor_device_qualifier_cb
                0x10004b98        0x4 CMakeFiles/claw_controllerv3.dir/Users/sabrinapiazza/.pico-sdk/sdk/2.2.0/lib/tinyusb/src/device/usbd.c.o
                0x10004b98                tud_descriptor_device_qualifier_cb
 .text.tud_descriptor_other_speed_configuration_cb
                0x10004b9c        0x4 CMakeFiles/claw_controllerv3.dir/Users/sabrinapiazza/.pico-sdk/sdk/2.2.0/lib/tinyusb/src/device/usbd.c.o
                0x10004b9c                tud_descriptor_other_speed_configuration_cb
 .text.process_get_descriptor
                0x10004ba0       0xe0 CMakeFiles/claw_controllerv3.dir/Users/sabrinapiazza/.pico-sdk/sdk/2.2.0/lib/tinyusb/src/device/usbd.c.o
 .text.tud_mount_cb
                0x10004c80        0x2 CMakeFiles/claw_controllerv3.dir/Users/sabrinapiazza/.pico-sdk/sdk/2.2.0/lib/tinyusb/src/device/usbd.c.o
                0x10004c80                tud_mount_cb
 .text.tud_umount_cb
                0x10004c82        0x2 CMakeFiles/claw_controllerv3.dir/Users/sabrinapiazza/.pico-sdk/sdk/2.2.0/lib/tinyusb/src/device/usbd.c.o
                0x10004c82                tud_umount_cb
 .text.tud_suspend_cb
                0x10004c84        0x2 CMakeFiles/claw_controllerv3.dir/Users/sabrinapiazza/.pico-sdk/sdk/2.2.0/lib/tinyusb/src/device/usbd.c.o
                0x10004c84                tud_suspend_cb
 .text.tud_resume_cb
                0x10004c86        0x2 CMakeFiles/claw_controllerv3.dir/Users/sabrinapiazza/.pico-sdk/sdk/2.2.0/lib/tinyusb/src/device/usbd.c.o
                0x10004c86                tud_resume_cb
 .text.tud_mounted
                0x10004c88       0x10 CMakeFiles/claw_controllerv3.dir/Users/sabrinapiazza/.pico-sdk/sdk/2.2.0/lib/tinyusb/src/device/usbd.c.o
                0x10004c88                tud_mounted
 .text.tud_suspended
                0x10004c98       0x10 CMakeFiles/claw_controllerv3.dir/Users/sabrinapiazza/.pico-sdk/sdk/2.2.0/lib/tinyusb/src/device/usbd.c.o
                0x10004c98                tud_suspended
 .text.tud_inited
                0x10004ca8       0x14 CMakeFiles/claw_controllerv3.dir/Users/sabrinapiazza/.pico-sdk/sdk/2.2.0/lib/tinyusb/src/device/usbd.c.o
                0x10004ca8                tud_inited
 .text.tud_rhport_init
                0x10004cbc      0x100 CMakeFiles/claw_controllerv3.dir/Users/sabrinapiazza/.pico-sdk/sdk/2.2.0/lib/tinyusb/src/device/usbd.c.o
                0x10004cbc                tud_rhport_init
 .text.usbd_edpt_open
                0x10004dbc       0x60 CMakeFiles/claw_controllerv3.dir/Users/sabrinapiazza/.pico-sdk/sdk/2.2.0/lib/tinyusb/src/device/usbd.c.o
                0x10004dbc                usbd_edpt_open
 .text.usbd_open_edpt_pair
                0x10004e1c       0x88 CMakeFiles/claw_controllerv3.dir/Users/sabrinapiazza/.pico-sdk/sdk/2.2.0/lib/tinyusb/src/device/usbd.c.o
                0x10004e1c                usbd_open_edpt_pair
 .text.usbd_edpt_claim
                0x10004ea4       0x28 CMakeFiles/claw_controllerv3.dir/Users/sabrinapiazza/.pico-sdk/sdk/2.2.0/lib/tinyusb/src/device/usbd.c.o
                0x10004ea4                usbd_edpt_claim
 .text.usbd_edpt_release
                0x10004ecc       0x28 CMakeFiles/claw_controllerv3.dir/Users/sabrinapiazza/.pico-sdk/sdk/2.2.0/lib/tinyusb/src/device/usbd.c.o
                0x10004ecc                usbd_edpt_release
 .text.usbd_edpt_xfer
                0x10004ef4       0x88 CMakeFiles/claw_controllerv3.dir/Users/sabrinapiazza/.pico-sdk/sdk/2.2.0/lib/tinyusb/src/device/usbd.c.o
                0x10004ef4                usbd_edpt_xfer
 .text.usbd_edpt_stall
                0x10004f7c       0x34 CMakeFiles/claw_controllerv3.dir/Users/sabrinapiazza/.pico-sdk/sdk/2.2.0/lib/tinyusb/src/device/usbd.c.o
                0x10004f7c                usbd_edpt_stall
 .text.usbd_edpt_clear_stall
                0x10004fb0       0x34 CMakeFiles/claw_controllerv3.dir/Users/sabrinapiazza/.pico-sdk/sdk/2.2.0/lib/tinyusb/src/device/usbd.c.o
                0x10004fb0                usbd_edpt_clear_stall
 .text.usbd_edpt_stalled
                0x10004fe4       0x1c CMakeFiles/claw_controllerv3.dir/Users/sabrinapiazza/.pico-sdk/sdk/2.2.0/lib/tinyusb/src/device/usbd.c.o
                0x10004fe4                usbd_edpt_stalled
 .text.process_control_request
                0x10005000      0x384 CMakeFiles/claw_controllerv3.dir/Users/sabrinapiazza/.pico-sdk/sdk/2.2.0/lib/tinyusb/src/device/usbd.c.o
 .text.tud_task_ext
                0x10005384      0x1d0 CMakeFiles/claw_controllerv3.dir/Users/sabrinapiazza/.pico-sdk/sdk/2.2.0/lib/tinyusb/src/device/usbd.c.o
                0x10005384                tud_task_ext
 .text.status_stage_xact
                0x10005554       0x1a CMakeFiles/claw_controllerv3.dir/Users/sabrinapiazza/.pico-sdk/sdk/2.2.0/lib/tinyusb/src/device/usbd_control.c.o
 *fill*         0x1000556e        0x2 
 .text.data_stage_xact
                0x10005570       0x60 CMakeFiles/claw_controllerv3.dir/Users/sabrinapiazza/.pico-sdk/sdk/2.2.0/lib/tinyusb/src/device/usbd_control.c.o
 .text.tud_control_status
                0x100055d0       0x28 CMakeFiles/claw_controllerv3.dir/Users/sabrinapiazza/.pico-sdk/sdk/2.2.0/lib/tinyusb/src/device/usbd_control.c.o
                0x100055d0                tud_control_status
 .text.tud_control_xfer
                0x100055f8       0x98 CMakeFiles/claw_controllerv3.dir/Users/sabrinapiazza/.pico-sdk/sdk/2.2.0/lib/tinyusb/src/device/usbd_control.c.o
                0x100055f8                tud_control_xfer
 .text.usbd_control_reset
                0x10005690       0x14 CMakeFiles/claw_controllerv3.dir/Users/sabrinapiazza/.pico-sdk/sdk/2.2.0/lib/tinyusb/src/device/usbd_control.c.o
                0x10005690                usbd_control_reset
 .text.usbd_control_set_complete_callback
                0x100056a4        0xc CMakeFiles/claw_controllerv3.dir/Users/sabrinapiazza/.pico-sdk/sdk/2.2.0/lib/tinyusb/src/device/usbd_control.c.o
                0x100056a4                usbd_control_set_complete_callback
 .text.usbd_control_set_request
                0x100056b0       0x1c CMakeFiles/claw_controllerv3.dir/Users/sabrinapiazza/.pico-sdk/sdk/2.2.0/lib/tinyusb/src/device/usbd_control.c.o
                0x100056b0                usbd_control_set_request
 .text.usbd_control_xfer_cb
                0x100056cc       0xe0 CMakeFiles/claw_controllerv3.dir/Users/sabrinapiazza/.pico-sdk/sdk/2.2.0/lib/tinyusb/src/device/usbd_control.c.o
                0x100056cc                usbd_control_xfer_cb
 .text._prep_out_transaction
                0x100057ac       0x94 CMakeFiles/claw_controllerv3.dir/Users/sabrinapiazza/.pico-sdk/sdk/2.2.0/lib/tinyusb/src/class/cdc/cdc_device.c.o
 .text.tud_cdc_n_connected
                0x10005840       0x38 CMakeFiles/claw_controllerv3.dir/Users/sabrinapiazza/.pico-sdk/sdk/2.2.0/lib/tinyusb/src/class/cdc/cdc_device.c.o
                0x10005840                tud_cdc_n_connected
 .text.tud_cdc_n_available
                0x10005878       0x18 CMakeFiles/claw_controllerv3.dir/Users/sabrinapiazza/.pico-sdk/sdk/2.2.0/lib/tinyusb/src/class/cdc/cdc_device.c.o
                0x10005878                tud_cdc_n_available
 .text.tud_cdc_n_read
                0x10005890       0x38 CMakeFiles/claw_controllerv3.dir/Users/sabrinapiazza/.pico-sdk/sdk/2.2.0/lib/tinyusb/src/class/cdc/cdc_device.c.o
                0x10005890                tud_cdc_n_read
 .text.tud_cdc_n_write_flush
                0x100058c8       0xb0 CMakeFiles/claw_controllerv3.dir/Users/sabrinapiazza/.pico-sdk/sdk/2.2.0/lib/tinyusb/src/class/cdc/cdc_device.c.o
                0x100058c8                tud_cdc_n_write_flush
 .text.tud_cdc_n_write
                0x10005978       0x48 CMakeFiles/claw_controllerv3.dir/Users/sabrinapiazza/.pico-sdk/sdk/2.2.0/lib/tinyusb/src/class/cdc/cdc_device.c.o
                0x10005978                tud_cdc_n_write
 .text.tud_cdc_n_write_available
                0x100059c0       0x18 CMakeFiles/claw_controllerv3.dir/Users/sabrinapiazza/.pico-sdk/sdk/2.2.0/lib/tinyusb/src/class/cdc/cdc_device.c.o
                0x100059c0                tud_cdc_n_write_available
 .text.cdcd_init
                0x100059d8       0xac CMakeFiles/claw_controllerv3.dir/Users/sabrinapiazza/.pico-sdk/sdk/2.2.0/lib/tinyusb/src/class/cdc/cdc_device.c.o
                0x100059d8                cdcd_init
 .text.cdcd_deinit
                0x10005a84       0x48 CMakeFiles/claw_controllerv3.dir/Users/sabrinapiazza/.pico-sdk/sdk/2.2.0/lib/tinyusb/src/class/cdc/cdc_device.c.o
                0x10005a84                cdcd_deinit
 .text.cdcd_reset
                0x10005acc       0x70 CMakeFiles/claw_controllerv3.dir/Users/sabrinapiazza/.pico-sdk/sdk/2.2.0/lib/tinyusb/src/class/cdc/cdc_device.c.o
                0x10005acc                cdcd_reset
 .text.cdcd_open
                0x10005b3c       0xec CMakeFiles/claw_controllerv3.dir/Users/sabrinapiazza/.pico-sdk/sdk/2.2.0/lib/tinyusb/src/class/cdc/cdc_device.c.o
                0x10005b3c                cdcd_open
 .text.cdcd_control_xfer_cb
                0x10005c28      0x13c CMakeFiles/claw_controllerv3.dir/Users/sabrinapiazza/.pico-sdk/sdk/2.2.0/lib/tinyusb/src/class/cdc/cdc_device.c.o
                0x10005c28                cdcd_control_xfer_cb
 .text.cdcd_xfer_cb
                0x10005d64      0x148 CMakeFiles/claw_controllerv3.dir/Users/sabrinapiazza/.pico-sdk/sdk/2.2.0/lib/tinyusb/src/class/cdc/cdc_device.c.o
                0x10005d64                cdcd_xfer_cb
 .text.tud_vendor_n_mounted
                0x10005eac       0x3c CMakeFiles/claw_controllerv3.dir/Users/sabrinapiazza/.pico-sdk/sdk/2.2.0/lib/tinyusb/src/class/vendor/vendor_device.c.o
                0x10005eac                tud_vendor_n_mounted
 .text.tud_vendor_n_write_flush
                0x10005ee8       0x20 CMakeFiles/claw_controllerv3.dir/Users/sabrinapiazza/.pico-sdk/sdk/2.2.0/lib/tinyusb/src/class/vendor/vendor_device.c.o
                0x10005ee8                tud_vendor_n_write_flush
 .text.vendord_init
                0x10005f08       0x9c CMakeFiles/claw_controllerv3.dir/Users/sabrinapiazza/.pico-sdk/sdk/2.2.0/lib/tinyusb/src/class/vendor/vendor_device.c.o
                0x10005f08                vendord_init
 .text.vendord_deinit
                0x10005fa4       0x34 CMakeFiles/claw_controllerv3.dir/Users/sabrinapiazza/.pico-sdk/sdk/2.2.0/lib/tinyusb/src/class/vendor/vendor_device.c.o
                0x10005fa4                vendord_deinit
 .text.vendord_reset
                0x10005fd8       0x50 CMakeFiles/claw_controllerv3.dir/Users/sabrinapiazza/.pico-sdk/sdk/2.2.0/lib/tinyusb/src/class/vendor/vendor_device.c.o
                0x10005fd8                vendord_reset
 .text.vendord_open
                0x10006028      0x14c CMakeFiles/claw_controllerv3.dir/Users/sabrinapiazza/.pico-sdk/sdk/2.2.0/lib/tinyusb/src/class/vendor/vendor_device.c.o
                0x10006028                vendord_open
 .text.vendord_xfer_cb
                0x10006174       0xd8 CMakeFiles/claw_controllerv3.dir/Users/sabrinapiazza/.pico-sdk/sdk/2.2.0/lib/tinyusb/src/class/vendor/vendor_device.c.o
                0x10006174                vendord_xfer_cb
 .text.tusb_rhport_init
                0x1000624c       0x78 CMakeFiles/claw_controllerv3.dir/Users/sabrinapiazza/.pico-sdk/sdk/2.2.0/lib/tinyusb/src/tusb.c.o
                0x1000624c                tusb_rhport_init
 .text.tu_edpt_claim
                0x100062c4       0x50 CMakeFiles/claw_controllerv3.dir/Users/sabrinapiazza/.pico-sdk/sdk/2.2.0/lib/tinyusb/src/tusb.c.o
                0x100062c4                tu_edpt_claim
 .text.tu_edpt_release
                0x10006314       0x38 CMakeFiles/claw_controllerv3.dir/Users/sabrinapiazza/.pico-sdk/sdk/2.2.0/lib/tinyusb/src/tusb.c.o
                0x10006314                tu_edpt_release
 .text.tu_edpt_validate
                0x1000634c       0xac CMakeFiles/claw_controllerv3.dir/Users/sabrinapiazza/.pico-sdk/sdk/2.2.0/lib/tinyusb/src/tusb.c.o
                0x1000634c                tu_edpt_validate
 .text.tu_edpt_bind_driver
                0x100063f8       0x26 CMakeFiles/claw_controllerv3.dir/Users/sabrinapiazza/.pico-sdk/sdk/2.2.0/lib/tinyusb/src/tusb.c.o
                0x100063f8                tu_edpt_bind_driver
 .text.tu_edpt_stream_init
                0x1000641e       0x62 CMakeFiles/claw_controllerv3.dir/Users/sabrinapiazza/.pico-sdk/sdk/2.2.0/lib/tinyusb/src/tusb.c.o
                0x1000641e                tu_edpt_stream_init
 .text.tu_edpt_stream_deinit
                0x10006480        0x4 CMakeFiles/claw_controllerv3.dir/Users/sabrinapiazza/.pico-sdk/sdk/2.2.0/lib/tinyusb/src/tusb.c.o
                0x10006480                tu_edpt_stream_deinit
 .text.tu_edpt_stream_write_zlp_if_needed
                0x10006484       0x80 CMakeFiles/claw_controllerv3.dir/Users/sabrinapiazza/.pico-sdk/sdk/2.2.0/lib/tinyusb/src/tusb.c.o
                0x10006484                tu_edpt_stream_write_zlp_if_needed
 .text.tu_edpt_stream_write_xfer
                0x10006504       0x84 CMakeFiles/claw_controllerv3.dir/Users/sabrinapiazza/.pico-sdk/sdk/2.2.0/lib/tinyusb/src/tusb.c.o
                0x10006504                tu_edpt_stream_write_xfer
 .text.tu_edpt_stream_read_xfer
                0x10006588       0xf4 CMakeFiles/claw_controllerv3.dir/Users/sabrinapiazza/.pico-sdk/sdk/2.2.0/lib/tinyusb/src/tusb.c.o
                0x10006588                tu_edpt_stream_read_xfer
 .text.advance_index
                0x1000667c       0x1a CMakeFiles/claw_controllerv3.dir/Users/sabrinapiazza/.pico-sdk/sdk/2.2.0/lib/tinyusb/src/common/tusb_fifo.c.o
 .text._tu_fifo_peek
                0x10006696       0x56 CMakeFiles/claw_controllerv3.dir/Users/sabrinapiazza/.pico-sdk/sdk/2.2.0/lib/tinyusb/src/common/tusb_fifo.c.o
 .text._ff_pull_n
                0x100066ec       0x68 CMakeFiles/claw_controllerv3.dir/Users/sabrinapiazza/.pico-sdk/sdk/2.2.0/lib/tinyusb/src/common/tusb_fifo.c.o
 .text._tu_fifo_peek_n
                0x10006754       0x6a CMakeFiles/claw_controllerv3.dir/Users/sabrinapiazza/.pico-sdk/sdk/2.2.0/lib/tinyusb/src/common/tusb_fifo.c.o
 .text._tu_fifo_read_n
                0x100067be       0x4e CMakeFiles/claw_controllerv3.dir/Users/sabrinapiazza/.pico-sdk/sdk/2.2.0/lib/tinyusb/src/common/tusb_fifo.c.o
 .text._ff_push_n
                0x1000680c       0x68 CMakeFiles/claw_controllerv3.dir/Users/sabrinapiazza/.pico-sdk/sdk/2.2.0/lib/tinyusb/src/common/tusb_fifo.c.o
 .text._tu_fifo_write_n
                0x10006874       0xf0 CMakeFiles/claw_controllerv3.dir/Users/sabrinapiazza/.pico-sdk/sdk/2.2.0/lib/tinyusb/src/common/tusb_fifo.c.o
 .text.tu_fifo_config
                0x10006964       0x7c CMakeFiles/claw_controllerv3.dir/Users/sabrinapiazza/.pico-sdk/sdk/2.2.0/lib/tinyusb/src/common/tusb_fifo.c.o
                0x10006964                tu_fifo_config
 .text.tu_fifo_count
                0x100069e0       0x2c CMakeFiles/claw_controllerv3.dir/Users/sabrinapiazza/.pico-sdk/sdk/2.2.0/lib/tinyusb/src/common/tusb_fifo.c.o
                0x100069e0                tu_fifo_count
 .text.tu_fifo_empty
                0x10006a0c        0xe CMakeFiles/claw_controllerv3.dir/Users/sabrinapiazza/.pico-sdk/sdk/2.2.0/lib/tinyusb/src/common/tusb_fifo.c.o
                0x10006a0c                tu_fifo_empty
 .text.tu_fifo_full
                0x10006a1a       0x2a CMakeFiles/claw_controllerv3.dir/Users/sabrinapiazza/.pico-sdk/sdk/2.2.0/lib/tinyusb/src/common/tusb_fifo.c.o
                0x10006a1a                tu_fifo_full
 .text.tu_fifo_remaining
                0x10006a44       0x2e CMakeFiles/claw_controllerv3.dir/Users/sabrinapiazza/.pico-sdk/sdk/2.2.0/lib/tinyusb/src/common/tusb_fifo.c.o
                0x10006a44                tu_fifo_remaining
 .text.tu_fifo_read
                0x10006a72       0x42 CMakeFiles/claw_controllerv3.dir/Users/sabrinapiazza/.pico-sdk/sdk/2.2.0/lib/tinyusb/src/common/tusb_fifo.c.o
                0x10006a72                tu_fifo_read
 .text.tu_fifo_read_n
                0x10006ab4        0xa CMakeFiles/claw_controllerv3.dir/Users/sabrinapiazza/.pico-sdk/sdk/2.2.0/lib/tinyusb/src/common/tusb_fifo.c.o
                0x10006ab4                tu_fifo_read_n
 .text.tu_fifo_write
                0x10006abe       0x64 CMakeFiles/claw_controllerv3.dir/Users/sabrinapiazza/.pico-sdk/sdk/2.2.0/lib/tinyusb/src/common/tusb_fifo.c.o
                0x10006abe                tu_fifo_write
 .text.tu_fifo_write_n
                0x10006b22        0xa CMakeFiles/claw_controllerv3.dir/Users/sabrinapiazza/.pico-sdk/sdk/2.2.0/lib/tinyusb/src/common/tusb_fifo.c.o
                0x10006b22                tu_fifo_write_n
 .text.tu_fifo_clear
                0x10006b2c       0x3e CMakeFiles/claw_controllerv3.dir/Users/sabrinapiazza/.pico-sdk/sdk/2.2.0/lib/tinyusb/src/common/tusb_fifo.c.o
                0x10006b2c                tu_fifo_clear
 .text.tu_fifo_set_overwritable
                0x10006b6a       0x46 CMakeFiles/claw_controllerv3.dir/Users/sabrinapiazza/.pico-sdk/sdk/2.2.0/lib/tinyusb/src/common/tusb_fifo.c.o
                0x10006b6a                tu_fifo_set_overwritable
 .text.cyw43_arch_set_async_context
                0x10006bb0        0xc CMakeFiles/claw_controllerv3.dir/Users/sabrinapiazza/.pico-sdk/sdk/2.2.0/src/rp2_common/pico_cyw43_arch/cyw43_arch.c.o
                0x10006bb0                cyw43_arch_set_async_context
 .text.cyw43_arch_async_context
                0x10006bbc        0xc CMakeFiles/claw_controllerv3.dir/Users/sabrinapiazza/.pico-sdk/sdk/2.2.0/src/rp2_common/pico_cyw43_arch/cyw43_arch.c.o
                0x10006bbc                cyw43_arch_async_context
 .text.cyw43_arch_init_default_async_context
                0x10006bc8       0x20 CMakeFiles/claw_controllerv3.dir/Users/sabrinapiazza/.pico-sdk/sdk/2.2.0/src/rp2_common/pico_cyw43_arch/cyw43_arch_threadsafe_background.c.o
                0x10006bc8                cyw43_arch_init_default_async_context
 .text.cyw43_arch_deinit
                0x10006be8       0x28 CMakeFiles/claw_controllerv3.dir/Users/sabrinapiazza/.pico-sdk/sdk/2.2.0/src/rp2_common/pico_cyw43_arch/cyw43_arch_threadsafe_background.c.o
                0x10006be8                cyw43_arch_deinit
 .text.cyw43_arch_init
                0x10006c10       0x36 CMakeFiles/claw_controllerv3.dir/Users/sabrinapiazza/.pico-sdk/sdk/2.2.0/src/rp2_common/pico_cyw43_arch/cyw43_arch_threadsafe_background.c.o
                0x10006c10                cyw43_arch_init
 *fill*         0x10006c46        0x2 
 .text.cyw43_spi_deinit
                0x10006c48       0x64 CMakeFiles/claw_controllerv3.dir/Users/sabrinapiazza/.pico-sdk/sdk/2.2.0/src/rp2_common/pico_cyw43_driver/cyw43_bus_pio_spi.c.o
                0x10006c48                cyw43_spi_deinit
 .text.cyw43_ll_init
                0x10006cac       0x20 CMakeFiles/claw_controllerv3.dir/Users/sabrinapiazza/.pico-sdk/sdk/2.2.0/lib/cyw43-driver/src/cyw43_ll.c.o
                0x10006cac                cyw43_ll_init
 .text.cyw43_ll_deinit
                0x10006ccc        0x8 CMakeFiles/claw_controllerv3.dir/Users/sabrinapiazza/.pico-sdk/sdk/2.2.0/lib/cyw43-driver/src/cyw43_ll.c.o
                0x10006ccc                cyw43_ll_deinit
 .text.cyw43_init
                0x10006cd4       0x8c CMakeFiles/claw_controllerv3.dir/Users/sabrinapiazza/.pico-sdk/sdk/2.2.0/lib/cyw43-driver/src/cyw43_ctrl.c.o
                0x10006cd4                cyw43_init
 .text.cyw43_deinit
                0x10006d60       0x3c CMakeFiles/claw_controllerv3.dir/Users/sabrinapiazza/.pico-sdk/sdk/2.2.0/lib/cyw43-driver/src/cyw43_ctrl.c.o
                0x10006d60                cyw43_deinit
 .text.pio_sm_unclaim
                0x10006d9c       0x20 CMakeFiles/claw_controllerv3.dir/Users/sabrinapiazza/.pico-sdk/sdk/2.2.0/src/rp2_common/hardware_pio/pio.c.o
                0x10006d9c                pio_sm_unclaim
 .text.pio_remove_program
                0x10006dbc       0x54 CMakeFiles/claw_controllerv3.dir/Users/sabrinapiazza/.pico-sdk/sdk/2.2.0/src/rp2_common/hardware_pio/pio.c.o
                0x10006dbc                pio_remove_program
 .text.pio_remove_program_and_unclaim_sm
                0x10006e10       0x1a CMakeFiles/claw_controllerv3.dir/Users/sabrinapiazza/.pico-sdk/sdk/2.2.0/src/rp2_common/hardware_pio/pio.c.o
                0x10006e10                pio_remove_program_and_unclaim_sm
 *fill*         0x10006e2a        0x2 
 .text.dma_channel_unclaim
                0x10006e2c       0x14 CMakeFiles/claw_controllerv3.dir/Users/sabrinapiazza/.pico-sdk/sdk/2.2.0/src/rp2_common/hardware_dma/dma.c.o
                0x10006e2c                dma_channel_unclaim
 .text.dma_channel_cleanup
                0x10006e40       0x6c CMakeFiles/claw_controllerv3.dir/Users/sabrinapiazza/.pico-sdk/sdk/2.2.0/src/rp2_common/hardware_dma/dma.c.o
                0x10006e40                dma_channel_cleanup
 .text.cyw43_sleep_timeout_reached
                0x10006eac       0x50 CMakeFiles/claw_controllerv3.dir/Users/sabrinapiazza/.pico-sdk/sdk/2.2.0/src/rp2_common/pico_cyw43_driver/cyw43_driver.c.o
 .text.async_context_add_at_time_worker_in_ms
                0x10006efc       0x4c CMakeFiles/claw_controllerv3.dir/Users/sabrinapiazza/.pico-sdk/sdk/2.2.0/src/rp2_common/pico_cyw43_driver/cyw43_driver.c.o
 .text.cyw43_do_poll
                0x10006f48       0x74 CMakeFiles/claw_controllerv3.dir/Users/sabrinapiazza/.pico-sdk/sdk/2.2.0/src/rp2_common/pico_cyw43_driver/cyw43_driver.c.o
 .text.cyw43_set_irq_enabled
                0x10006fbc        0xe CMakeFiles/claw_controllerv3.dir/Users/sabrinapiazza/.pico-sdk/sdk/2.2.0/src/rp2_common/pico_cyw43_driver/cyw43_driver.c.o
 *fill*         0x10006fca        0x2 
 .text.cyw43_irq_init
                0x10006fcc       0x50 CMakeFiles/claw_controllerv3.dir/Users/sabrinapiazza/.pico-sdk/sdk/2.2.0/src/rp2_common/pico_cyw43_driver/cyw43_driver.c.o
                0x10006fcc                cyw43_irq_init
 .text.cyw43_gpio_irq_handler
                0x1000701c       0x40 CMakeFiles/claw_controllerv3.dir/Users/sabrinapiazza/.pico-sdk/sdk/2.2.0/src/rp2_common/pico_cyw43_driver/cyw43_driver.c.o
 .text.cyw43_irq_deinit
                0x1000705c       0x48 CMakeFiles/claw_controllerv3.dir/Users/sabrinapiazza/.pico-sdk/sdk/2.2.0/src/rp2_common/pico_cyw43_driver/cyw43_driver.c.o
                0x1000705c                cyw43_irq_deinit
 .text.cyw43_driver_init
                0x100070a4       0x38 CMakeFiles/claw_controllerv3.dir/Users/sabrinapiazza/.pico-sdk/sdk/2.2.0/src/rp2_common/pico_cyw43_driver/cyw43_driver.c.o
                0x100070a4                cyw43_driver_init
 .text.cyw43_driver_deinit
                0x100070dc       0x68 CMakeFiles/claw_controllerv3.dir/Users/sabrinapiazza/.pico-sdk/sdk/2.2.0/src/rp2_common/pico_cyw43_driver/cyw43_driver.c.o
                0x100070dc                cyw43_driver_deinit
 .text.cyw43_thread_enter
                0x10007144       0x14 CMakeFiles/claw_controllerv3.dir/Users/sabrinapiazza/.pico-sdk/sdk/2.2.0/src/rp2_common/pico_cyw43_driver/cyw43_driver.c.o
                0x10007144                cyw43_thread_enter
 .text.cyw43_thread_exit
                0x10007158       0x14 CMakeFiles/claw_controllerv3.dir/Users/sabrinapiazza/.pico-sdk/sdk/2.2.0/src/rp2_common/pico_cyw43_driver/cyw43_driver.c.o
                0x10007158                cyw43_thread_exit
 .text.cyw43_cb_tcpip_deinit
                0x1000716c        0x2 CMakeFiles/claw_controllerv3.dir/Users/sabrinapiazza/.pico-sdk/sdk/2.2.0/src/rp2_common/pico_cyw43_driver/cyw43_driver.c.o
                0x1000716c                cyw43_cb_tcpip_deinit
 .text.async_context_threadsafe_background_acquire_lock_blocking
                0x1000716e        0xa CMakeFiles/claw_controllerv3.dir/Users/sabrinapiazza/.pico-sdk/sdk/2.2.0/src/rp2_common/pico_async_context/async_context_threadsafe_background.c.o
 .text.async_context_threadsafe_background_wake_up
                0x10007178       0x16 CMakeFiles/claw_controllerv3.dir/Users/sabrinapiazza/.pico-sdk/sdk/2.2.0/src/rp2_common/pico_async_context/async_context_threadsafe_background.c.o
 .text.alarm_handler
                0x1000718e       0x14 CMakeFiles/claw_controllerv3.dir/Users/sabrinapiazza/.pico-sdk/sdk/2.2.0/src/rp2_common/pico_async_context/async_context_threadsafe_background.c.o
 .text.async_context_threadsafe_background_set_work_pending
                0x100071a2        0xc CMakeFiles/claw_controllerv3.dir/Users/sabrinapiazza/.pico-sdk/sdk/2.2.0/src/rp2_common/pico_async_context/async_context_threadsafe_background.c.o
 *fill*         0x100071ae        0x2 
 .text.async_context_threadsafe_background_lock_check
                0x100071b0       0x2c CMakeFiles/claw_controllerv3.dir/Users/sabrinapiazza/.pico-sdk/sdk/2.2.0/src/rp2_common/pico_async_context/async_context_threadsafe_background.c.o
 .text.process_under_lock
                0x100071dc       0xdc CMakeFiles/claw_controllerv3.dir/Users/sabrinapiazza/.pico-sdk/sdk/2.2.0/src/rp2_common/pico_async_context/async_context_threadsafe_background.c.o
 .text.lock_release
                0x100072b8       0x1e CMakeFiles/claw_controllerv3.dir/Users/sabrinapiazza/.pico-sdk/sdk/2.2.0/src/rp2_common/pico_async_context/async_context_threadsafe_background.c.o
 .text.async_context_threadsafe_background_execute_sync
                0x100072d6       0x1e CMakeFiles/claw_controllerv3.dir/Users/sabrinapiazza/.pico-sdk/sdk/2.2.0/src/rp2_common/pico_async_context/async_context_threadsafe_background.c.o
                0x100072d6                async_context_threadsafe_background_execute_sync
 .text.async_context_threadsafe_background_release_lock
                0x100072f4        0x8 CMakeFiles/claw_controllerv3.dir/Users/sabrinapiazza/.pico-sdk/sdk/2.2.0/src/rp2_common/pico_async_context/async_context_threadsafe_background.c.o
 .text.low_prio_irq_deinit
                0x100072fc       0x50 CMakeFiles/claw_controllerv3.dir/Users/sabrinapiazza/.pico-sdk/sdk/2.2.0/src/rp2_common/pico_async_context/async_context_threadsafe_background.c.o
 .text.async_context_threadsafe_background_deinit
                0x1000734c       0x58 CMakeFiles/claw_controllerv3.dir/Users/sabrinapiazza/.pico-sdk/sdk/2.2.0/src/rp2_common/pico_async_context/async_context_threadsafe_background.c.o
 .text.low_priority_irq_handler
                0x100073a4       0x78 CMakeFiles/claw_controllerv3.dir/Users/sabrinapiazza/.pico-sdk/sdk/2.2.0/src/rp2_common/pico_async_context/async_context_threadsafe_background.c.o
 .text.async_context_threadsafe_background_wait_for_work_until
                0x1000741c        0xa CMakeFiles/claw_controllerv3.dir/Users/sabrinapiazza/.pico-sdk/sdk/2.2.0/src/rp2_common/pico_async_context/async_context_threadsafe_background.c.o
 .text.async_context_threadsafe_background_wait_until
                0x10007426       0x1a CMakeFiles/claw_controllerv3.dir/Users/sabrinapiazza/.pico-sdk/sdk/2.2.0/src/rp2_common/pico_async_context/async_context_threadsafe_background.c.o
 .text.async_context_threadsafe_background_when_pending_worker
                0x10007440       0x20 CMakeFiles/claw_controllerv3.dir/Users/sabrinapiazza/.pico-sdk/sdk/2.2.0/src/rp2_common/pico_async_context/async_context_threadsafe_background.c.o
 .text.async_context_threadsafe_background_add_when_pending_worker
                0x10007460       0x20 CMakeFiles/claw_controllerv3.dir/Users/sabrinapiazza/.pico-sdk/sdk/2.2.0/src/rp2_common/pico_async_context/async_context_threadsafe_background.c.o
 .text.async_context_threadsafe_background_remove_at_time_worker
                0x10007480       0x20 CMakeFiles/claw_controllerv3.dir/Users/sabrinapiazza/.pico-sdk/sdk/2.2.0/src/rp2_common/pico_async_context/async_context_threadsafe_background.c.o
 .text.async_context_threadsafe_background_add_at_time_worker
                0x100074a0       0x20 CMakeFiles/claw_controllerv3.dir/Users/sabrinapiazza/.pico-sdk/sdk/2.2.0/src/rp2_common/pico_async_context/async_context_threadsafe_background.c.o
 .text.low_prio_irq_init
                0x100074c0       0x84 CMakeFiles/claw_controllerv3.dir/Users/sabrinapiazza/.pico-sdk/sdk/2.2.0/src/rp2_common/pico_async_context/async_context_threadsafe_background.c.o
 .text.async_context_threadsafe_background_default_config
                0x10007544        0xa CMakeFiles/claw_controllerv3.dir/Users/sabrinapiazza/.pico-sdk/sdk/2.2.0/src/rp2_common/pico_async_context/async_context_threadsafe_background.c.o
                0x10007544                async_context_threadsafe_background_default_config
 *fill*         0x1000754e        0x2 
 .text.async_context_threadsafe_background_init
                0x10007550       0x74 CMakeFiles/claw_controllerv3.dir/Users/sabrinapiazza/.pico-sdk/sdk/2.2.0/src/rp2_common/pico_async_context/async_context_threadsafe_background.c.o
                0x10007550                async_context_threadsafe_background_init
 .text.async_context_base_add_at_time_worker
                0x100075c4       0x22 CMakeFiles/claw_controllerv3.dir/Users/sabrinapiazza/.pico-sdk/sdk/2.2.0/src/rp2_common/pico_async_context/async_context_base.c.o
                0x100075c4                async_context_base_add_at_time_worker
 .text.async_context_base_remove_at_time_worker
                0x100075e6       0x22 CMakeFiles/claw_controllerv3.dir/Users/sabrinapiazza/.pico-sdk/sdk/2.2.0/src/rp2_common/pico_async_context/async_context_base.c.o
                0x100075e6                async_context_base_remove_at_time_worker
 .text.async_context_base_add_when_pending_worker
                0x10007608       0x20 CMakeFiles/claw_controllerv3.dir/Users/sabrinapiazza/.pico-sdk/sdk/2.2.0/src/rp2_common/pico_async_context/async_context_base.c.o
                0x10007608                async_context_base_add_when_pending_worker
 .text.async_context_base_remove_when_pending_worker
                0x10007628       0x20 CMakeFiles/claw_controllerv3.dir/Users/sabrinapiazza/.pico-sdk/sdk/2.2.0/src/rp2_common/pico_async_context/async_context_base.c.o
                0x10007628                async_context_base_remove_when_pending_worker
 .text.async_context_base_remove_ready_at_time_worker
                0x10007648       0x7c CMakeFiles/claw_controllerv3.dir/Users/sabrinapiazza/.pico-sdk/sdk/2.2.0/src/rp2_common/pico_async_context/async_context_base.c.o
                0x10007648                async_context_base_remove_ready_at_time_worker
 .text.async_context_base_refresh_next_timeout
                0x100076c4       0x48 CMakeFiles/claw_controllerv3.dir/Users/sabrinapiazza/.pico-sdk/sdk/2.2.0/src/rp2_common/pico_async_context/async_context_base.c.o
                0x100076c4                async_context_base_refresh_next_timeout
 .text.async_context_base_execute_once
                0x1000770c       0x40 CMakeFiles/claw_controllerv3.dir/Users/sabrinapiazza/.pico-sdk/sdk/2.2.0/src/rp2_common/pico_async_context/async_context_base.c.o
                0x1000770c                async_context_base_execute_once
 .text.strlen   0x1000774c       0x5c /Users/sabrinapiazza/.pico-sdk/toolchain/14_2_Rel1/bin/../lib/gcc/arm-none-eabi/14.2.1/../../../../arm-none-eabi/lib/thumb/v6-m/nofp/libg.a(libc_a-strlen-stub.o)
                0x1000774c                strlen
 *(.fini)
 .fini          0x100077a8        0x4 /Users/sabrinapiazza/.pico-sdk/toolchain/14_2_Rel1/bin/../lib/gcc/arm-none-eabi/14.2.1/thumb/v6-m/nofp/crti.o
                0x100077a8                _fini
 *fill*         0x100077ac        0x4 
 .fini.__stub   0x100077b0      0x120 linker stubs
 *crtbegin.o(.ctors)
 *crtbegin?.o(.ctors)
 *(EXCLUDE_FILE(*crtend.o *crtend?.o) .ctors)
 *(SORT_BY_NAME(.ctors.*))
 *(.ctors)
 *crtbegin.o(.dtors)
 *crtbegin?.o(.dtors)
 *(EXCLUDE_FILE(*crtend.o *crtend?.o) .dtors)
 *(SORT_BY_NAME(.dtors.*))
 *(.dtors)
                0x100078d0                        . = ALIGN (0x4)
                0x100078d0                        PROVIDE (__preinit_array_start = .)
 *(SORT_BY_NAME(.preinit_array.*))
 .preinit_array.00100
                0x100078d0        0x4 CMakeFiles/claw_controllerv3.dir/Users/sabrinapiazza/.pico-sdk/sdk/2.2.0/src/rp2_common/pico_runtime_init/runtime_init.c.o
                0x100078d0                __pre_init_runtime_init_early_resets
 .preinit_array.00101
                0x100078d4        0x4 CMakeFiles/claw_controllerv3.dir/Users/sabrinapiazza/.pico-sdk/sdk/2.2.0/src/rp2_common/pico_runtime_init/runtime_init.c.o
                0x100078d4                __pre_init_runtime_init_usb_power_down
 .preinit_array.00275
                0x100078d8        0x4 CMakeFiles/claw_controllerv3.dir/Users/sabrinapiazza/.pico-sdk/sdk/2.2.0/src/rp2_common/pico_bit_ops/bit_ops_aeabi.S.o
 .preinit_array.00300
                0x100078dc        0x4 CMakeFiles/claw_controllerv3.dir/Users/sabrinapiazza/.pico-sdk/sdk/2.2.0/src/rp2_common/pico_mem_ops/mem_ops_aeabi.S.o
 .preinit_array.00350
                0x100078e0        0x4 CMakeFiles/claw_controllerv3.dir/Users/sabrinapiazza/.pico-sdk/sdk/2.2.0/src/rp2_common/pico_double/double_aeabi_rp2040.S.o
 .preinit_array.00350
                0x100078e4        0x4 CMakeFiles/claw_controllerv3.dir/Users/sabrinapiazza/.pico-sdk/sdk/2.2.0/src/rp2_common/pico_float/float_aeabi_rp2040.S.o
 .preinit_array.00500
                0x100078e8        0x4 CMakeFiles/claw_controllerv3.dir/Users/sabrinapiazza/.pico-sdk/sdk/2.2.0/src/rp2_common/pico_runtime_init/runtime_init.c.o
                0x100078e8                __pre_init_runtime_init_clocks
 .preinit_array.00600
                0x100078ec        0x4 CMakeFiles/claw_controllerv3.dir/Users/sabrinapiazza/.pico-sdk/sdk/2.2.0/src/rp2_common/pico_runtime_init/runtime_init.c.o
                0x100078ec                __pre_init_runtime_init_post_clock_resets
 .preinit_array.00700
                0x100078f0        0x4 CMakeFiles/claw_controllerv3.dir/Users/sabrinapiazza/.pico-sdk/sdk/2.2.0/src/rp2_common/pico_runtime_init/runtime_init.c.o
                0x100078f0                __pre_init_runtime_init_rp2040_gpio_ie_disable
 .preinit_array.01000
                0x100078f4        0x4 CMakeFiles/claw_controllerv3.dir/Users/sabrinapiazza/.pico-sdk/sdk/2.2.0/src/rp2_common/pico_runtime_init/runtime_init.c.o
                0x100078f4                __pre_init_runtime_init_spin_locks_reset
 .preinit_array.01100
                0x100078f8        0x4 CMakeFiles/claw_controllerv3.dir/Users/sabrinapiazza/.pico-sdk/sdk/2.2.0/src/common/pico_sync/mutex.c.o
                0x100078f8                __pre_init_runtime_init_mutex
 .preinit_array.10080
                0x100078fc        0x4 CMakeFiles/claw_controllerv3.dir/Users/sabrinapiazza/.pico-sdk/sdk/2.2.0/src/rp2_common/pico_runtime_init/runtime_init.c.o
                0x100078fc                __pre_init_runtime_init_install_ram_vector_table
 .preinit_array.11000
                0x10007900        0x4 CMakeFiles/claw_controllerv3.dir/Users/sabrinapiazza/.pico-sdk/sdk/2.2.0/src/common/pico_time/time.c.o
                0x10007900                __pre_init_runtime_init_default_alarm_pool
 .preinit_array.YYYYY
                0x10007904        0x4 CMakeFiles/claw_controllerv3.dir/Users/sabrinapiazza/.pico-sdk/sdk/2.2.0/src/rp2_common/pico_runtime/runtime.c.o
                0x10007904                __pre_init_first_per_core_initializer
 .preinit_array.ZZZZZ.01200
                0x10007908        0x4 CMakeFiles/claw_controllerv3.dir/Users/sabrinapiazza/.pico-sdk/sdk/2.2.0/src/rp2_common/hardware_irq/irq.c.o
                0x10007908                __pre_init_runtime_init_per_core_irq_priorities
 *(.preinit_array)
                0x1000790c                        PROVIDE (__preinit_array_end = .)
                0x1000790c                        . = ALIGN (0x4)
                0x1000790c                        PROVIDE (__init_array_start = .)
 *(SORT_BY_NAME(.init_array.*))
 .init_array.01000
                0x1000790c        0x4 CMakeFiles/claw_controllerv3.dir/Users/sabrinapiazza/.pico-sdk/sdk/2.2.0/src/rp2_common/pico_unique_id/unique_id.c.o
 *(.init_array)
 .init_array    0x10007910        0x4 /Users/sabrinapiazza/.pico-sdk/toolchain/14_2_Rel1/bin/../lib/gcc/arm-none-eabi/14.2.1/thumb/v6-m/nofp/crtbegin.o
                0x10007914                        PROVIDE (__init_array_end = .)
                0x10007914                        . = ALIGN (0x4)
                [!provide]                        PROVIDE (__fini_array_start = .)
 *(SORT_BY_NAME(.fini_array.*))
 *(.fini_array)
                [!provide]                        PROVIDE (__fini_array_end = .)
 *(.eh_frame*)
 .eh_frame      0x10007914        0x0 /Users/sabrinapiazza/.pico-sdk/toolchain/14_2_Rel1/bin/../lib/gcc/arm-none-eabi/14.2.1/thumb/v6-m/nofp/crtbegin.o
                0x10007914                        . = ALIGN (0x4)

.glue_7         0x10007914        0x0
 .glue_7        0x10007914        0x0 linker stubs

.glue_7t        0x10007914        0x0
 .glue_7t       0x10007914        0x0 linker stubs

.vfp11_veneer   0x10007914        0x0
 .vfp11_veneer  0x10007914        0x0 linker stubs

.v4_bx          0x10007914        0x0
 .v4_bx         0x10007914        0x0 linker stubs

.iplt           0x10007914        0x0
 .iplt          0x10007914        0x0 /Users/sabrinapiazza/.pico-sdk/toolchain/14_2_Rel1/bin/../lib/gcc/arm-none-eabi/14.2.1/thumb/v6-m/nofp/crtbegin.o

.rodata         0x10007918     0x1ce8
 *(EXCLUDE_FILE(*libm.a: *libc.a:*lib_a-mem*.o *libgcc.a:) .rodata*)
 .rodata.main.str1.4
                0x10007918     0x1210 CMakeFiles/claw_controllerv3.dir/claw_controllerv3.cpp.o
                                 0x25 (size before relaxing)
 .rodata.gpio_set_irq_enabled.str1.4
                0x10008b28       0x79 CMakeFiles/claw_controllerv3.dir/Users/sabrinapiazza/.pico-sdk/sdk/2.2.0/src/rp2_common/hardware_gpio/gpio.c.o
 .rodata.gpio_add_raw_irq_handler_with_order_priority_masked.str1.4
                0x10008b28       0x2c CMakeFiles/claw_controllerv3.dir/Users/sabrinapiazza/.pico-sdk/sdk/2.2.0/src/rp2_common/hardware_gpio/gpio.c.o
 .rodata.gpio_remove_raw_irq_handler_masked.str1.4
                0x10008b28       0x29 CMakeFiles/claw_controllerv3.dir/Users/sabrinapiazza/.pico-sdk/sdk/2.2.0/src/rp2_common/hardware_gpio/gpio.c.o
 .rodata.__func__.1
                0x10008b28       0x23 CMakeFiles/claw_controllerv3.dir/Users/sabrinapiazza/.pico-sdk/sdk/2.2.0/src/rp2_common/hardware_gpio/gpio.c.o
 *fill*         0x10008b4b        0x1 
 .rodata.__func__.3
                0x10008b4c       0x34 CMakeFiles/claw_controllerv3.dir/Users/sabrinapiazza/.pico-sdk/sdk/2.2.0/src/rp2_common/hardware_gpio/gpio.c.o
 .rodata.__func__.4
                0x10008b80       0x15 CMakeFiles/claw_controllerv3.dir/Users/sabrinapiazza/.pico-sdk/sdk/2.2.0/src/rp2_common/hardware_gpio/gpio.c.o
 .rodata.rp2040_chip_version.str1.4
                0x10008b95       0x85 CMakeFiles/claw_controllerv3.dir/Users/sabrinapiazza/.pico-sdk/sdk/2.2.0/src/rp2040/pico_platform/platform.c.o
 *fill*         0x10008b95        0x3 
 .rodata.__func__.0