Archive member included to satisfy reference by file (symbol)

/Users/sabrinapiazza/.pico-sdk/toolchain/14_2_Rel1/bin/../lib/gcc/arm-none-eabi/14.2.1/thumb/v6-m/nofp/libgcc.a(_dvmd_tls.o)
                              CMakeFiles/claw_dc.dir/Users/sabrinapiazza/.pico-sdk/sdk/2.2.0/src/rp2_common/pico_divider/divider_hardware.S.o (__aeabi_idiv0)
/Users/sabrinapiazza/.pico-sdk/toolchain/14_2_Rel1/bin/../lib/gcc/arm-none-eabi/14.2.1/../../../../arm-none-eabi/lib/thumb/v6-m/nofp/libg.a(libc_a-calloc.o)
                              CMakeFiles/claw_dc.dir/Users/sabrinapiazza/.pico-sdk/sdk/2.2.0/src/rp2_common/pico_malloc/malloc.c.o (calloc)
/Users/sabrinapiazza/.pico-sdk/toolchain/14_2_Rel1/bin/../lib/gcc/arm-none-eabi/14.2.1/../../../../arm-none-eabi/lib/thumb/v6-m/nofp/libg.a(libc_a-callocr.o)
                              /Users/sabrinapiazza/.pico-sdk/toolchain/14_2_Rel1/bin/../lib/gcc/arm-none-eabi/14.2.1/../../../../arm-none-eabi/lib/thumb/v6-m/nofp/libg.a(libc_a-calloc.o) (_calloc_r)
/Users/sabrinapiazza/.pico-sdk/toolchain/14_2_Rel1/bin/../lib/gcc/arm-none-eabi/14.2.1/../../../../arm-none-eabi/lib/thumb/v6-m/nofp/libg.a(libc_a-malloc.o)
                              CMakeFiles/claw_dc.dir/Users/sabrinapiazza/.pico-sdk/sdk/2.2.0/src/rp2_common/pico_malloc/malloc.c.o (malloc)
/Users/sabrinapiazza/.pico-sdk/toolchain/14_2_Rel1/bin/../lib/gcc/arm-none-eabi/14.2.1/../../../../arm-none-eabi/lib/thumb/v6-m/nofp/libg.a(libc_a-mallocr.o)
                              /Users/sabrinapiazza/.pico-sdk/toolchain/14_2_Rel1/bin/../lib/gcc/arm-none-eabi/14.2.1/../../../../arm-none-eabi/lib/thumb/v6-m/nofp/libg.a(libc_a-callocr.o) (_malloc_r)
/Users/sabrinapiazza/.pico-sdk/toolchain/14_2_Rel1/bin/../lib/gcc/arm-none-eabi/14.2.1/../../../../arm-none-eabi/lib/thumb/v6-m/nofp/libg.a(libc_a-mlock.o)
                              /Users/sabrinapiazza/.pico-sdk/toolchain/14_2_Rel1/bin/../lib/gcc/arm-none-eabi/14.2.1/../../../../arm-none-eabi/lib/thumb/v6-m/nofp/libg.a(libc_a-mallocr.o) (__malloc_lock)
/Users/sabrinapiazza/.pico-sdk/toolchain/14_2_Rel1/bin/../lib/gcc/arm-none-eabi/14.2.1/../../../../arm-none-eabi/lib/thumb/v6-m/nofp/libg.a(libc_a-realloc.o)
                              CMakeFiles/claw_dc.dir/Users/sabrinapiazza/.pico-sdk/sdk/2.2.0/src/rp2_common/pico_malloc/malloc.c.o (realloc)
/Users/sabrinapiazza/.pico-sdk/toolchain/14_2_Rel1/bin/../lib/gcc/arm-none-eabi/14.2.1/../../../../arm-none-eabi/lib/thumb/v6-m/nofp/libg.a(libc_a-reallocr.o)
                              /Users/sabrinapiazza/.pico-sdk/toolchain/14_2_Rel1/bin/../lib/gcc/arm-none-eabi/14.2.1/../../../../arm-none-eabi/lib/thumb/v6-m/nofp/libg.a(libc_a-realloc.o) (_realloc_r)
/Users/sabrinapiazza/.pico-sdk/toolchain/14_2_Rel1/bin/../lib/gcc/arm-none-eabi/14.2.1/../../../../arm-none-eabi/lib/thumb/v6-m/nofp/libg.a(libc_a-memcmp.o)
                              CMakeFiles/claw_dc.dir/Users/sabrinapiazza/.pico-sdk/sdk/2.2.0/src/rp2_common/pico_atomic/atomic.c.o (memcmp)
/Users/sabrinapiazza/.pico-sdk/toolchain/14_2_Rel1/bin/../lib/gcc/arm-none-eabi/14.2.1/../../../../arm-none-eabi/lib/thumb/v6-m/nofp/libg.a(libc_a-memmove.o)
                              /Users/sabrinapiazza/.pico-sdk/toolchain/14_2_Rel1/bin/../lib/gcc/arm-none-eabi/14.2.1/../../../../arm-none-eabi/lib/thumb/v6-m/nofp/libg.a(libc_a-reallocr.o) (memmove)
/Users/sabrinapiazza/.pico-sdk/toolchain/14_2_Rel1/bin/../lib/gcc/arm-none-eabi/14.2.1/../../../../arm-none-eabi/lib/thumb/v6-m/nofp/libg.a(libc_a-lcltime_r.o)
                              CMakeFiles/claw_dc.dir/Users/sabrinapiazza/.pico-sdk/sdk/2.2.0/src/common/pico_util/datetime.c.o (localtime_r)
/Users/sabrinapiazza/.pico-sdk/toolchain/14_2_Rel1/bin/../lib/gcc/arm-none-eabi/14.2.1/../../../../arm-none-eabi/lib/thumb/v6-m/nofp/libg.a(libc_a-mktime.o)
                              CMakeFiles/claw_dc.dir/Users/sabrinapiazza/.pico-sdk/sdk/2.2.0/src/common/pico_util/datetime.c.o (mktime)
/Users/sabrinapiazza/.pico-sdk/toolchain/14_2_Rel1/bin/../lib/gcc/arm-none-eabi/14.2.1/../../../../arm-none-eabi/lib/thumb/v6-m/nofp/libg.a(libc_a-month_lengths.o)
                              /Users/sabrinapiazza/.pico-sdk/toolchain/14_2_Rel1/bin/../lib/gcc/arm-none-eabi/14.2.1/../../../../arm-none-eabi/lib/thumb/v6-m/nofp/libg.a(libc_a-lcltime_r.o) (__month_lengths)
/Users/sabrinapiazza/.pico-sdk/toolchain/14_2_Rel1/bin/../lib/gcc/arm-none-eabi/14.2.1/../../../../arm-none-eabi/lib/thumb/v6-m/nofp/libg.a(libc_a-tzcalc_limits.o)
                              /Users/sabrinapiazza/.pico-sdk/toolchain/14_2_Rel1/bin/../lib/gcc/arm-none-eabi/14.2.1/../../../../arm-none-eabi/lib/thumb/v6-m/nofp/libg.a(libc_a-lcltime_r.o) (__tzcalc_limits)
/Users/sabrinapiazza/.pico-sdk/toolchain/14_2_Rel1/bin/../lib/gcc/arm-none-eabi/14.2.1/../../../../arm-none-eabi/lib/thumb/v6-m/nofp/libg.a(libc_a-tzlock.o)
[...]
Memory Configuration

Name             Origin             Length             Attributes
FLASH            0x10000000         0x00200000         xr
RAM              0x20000000         0x00040000         xrw
SCRATCH_X        0x20040000         0x00001000         xrw
SCRATCH_Y        0x20041000         0x00001000         xrw
*default*        0x00000000         0xffffffff

Linker script and memory map

LOAD /Users/sabrinapiazza/.pico-sdk/toolchain/14_2_Rel1/bin/../lib/gcc/arm-none-eabi/14.2.1/thumb/v6-m/nofp/crti.o
LOAD /Users/sabrinapiazza/.pico-sdk/toolchain/14_2_Rel1/bin/../lib/gcc/arm-none-eabi/14.2.1/thumb/v6-m/nofp/crtbegin.o
LOAD /Users/sabrinapiazza/.pico-sdk/toolchain/14_2_Rel1/bin/../lib/gcc/arm-none-eabi/14.2.1/../../../../arm-none-eabi/lib/thumb/v6-m/nofp/crt0.o

.flash_begin    0x10000000        0x0
                0x10000000                        __flash_binary_start = .

.boot2          0x10000000      0x100
                0x10000000                        __boot2_start__ = .
 *(.boot2)
 .boot2         0x10000000      0x100 pico-sdk/src/rp2040/boot_stage2/CMakeFiles/bs2_default_library.dir/./bs2_default_padded_checksummed.S.o
                0x10000100                        __boot2_end__ = .
                0x00000001                        ASSERT (((__boot2_end__ - __boot2_start__) == 0x100), ERROR: Pico second stage bootloader must be 256 bytes in size)

.text           0x10000100     0x6444
                0x10000100                        __logical_binary_start = .
 *(.vectors)
 .vectors       0x10000100       0xd4 CMakeFiles/claw_dc.dir/Users/sabrinapiazza/.pico-sdk/sdk/2.2.0/src/rp2_common/pico_crt0/crt0.S.o
                0x10000100                __VECTOR_TABLE
                0x10000100                __vectors
                0x100001c0                isr_irq13
                0x100001c0                isr_irq27
                0x100001c0                isr_irq31
                0x100001c0                isr_irq5
                0x100001c0                isr_irq11
                0x100001c0                isr_irq23
                0x100001c0                isr_irq18
                0x100001c0                isr_irq9
                0x100001c0                __unhandled_user_irq
                0x100001c0                isr_irq25
                0x100001c0                isr_irq4
                0x100001c0                isr_irq16
                0x100001c0                isr_irq29
                0x100001c0                isr_irq26
                0x100001c0                isr_irq3
                0x100001c0                isr_irq12
                0x100001c0                isr_irq30
                0x100001c0                isr_irq28
                0x100001c0                isr_irq19
                0x100001c0                isr_irq0
                0x100001c0                isr_irq6
                0x100001c0                isr_irq22
                0x100001c0                isr_irq17
                0x100001c0                isr_irq14
                0x100001c0                __vectors_end
                0x100001c0                __default_isrs_start
                0x100001c0                isr_irq2
                0x100001c0                isr_irq10
                0x100001c0                isr_irq8
                0x100001c0                isr_irq24
                0x100001c0                isr_irq1
                0x100001c0                isr_irq7
                0x100001c0                isr_irq21
                0x100001c0                isr_irq20
                0x100001c0                isr_irq15
                0x100001c6                unhandled_user_irq_num_in_r0
                0x100001c8                isr_invalid
                0x100001ca                isr_nmi
                0x100001cc                isr_hardfault
                0x100001ce                isr_svcall
                0x100001d0                isr_pendsv
                0x100001d2                isr_systick
                0x100001d4                __default_isrs_end
 *(.binary_info_header)
 .binary_info_header
                0x100001d4       0x14 CMakeFiles/claw_dc.dir/Users/sabrinapiazza/.pico-sdk/sdk/2.2.0/src/rp2_common/pico_crt0/crt0.S.o
                0x100001e8                        __binary_info_header_end = .
 *(.embedded_block)
                0x100001e8                        __embedded_block_end = .
 *(.reset)
 .reset         0x100001e8       0x9c CMakeFiles/claw_dc.dir/Users/sabrinapiazza/.pico-sdk/sdk/2.2.0/src/rp2_common/pico_crt0/crt0.S.o
                0x100001e8                _entry_point
 *(.init)
 .init          0x10000284        0x4 /Users/sabrinapiazza/.pico-sdk/toolchain/14_2_Rel1/bin/../lib/gcc/arm-none-eabi/14.2.1/thumb/v6-m/nofp/crti.o
                0x10000284                _init
 *(EXCLUDE_FILE(*libm.a: *libc.a:*lib_a-mem*.o *libgcc.a:) .text*)
 .text.register_tm_clones
                0x10000288       0x28 /Users/sabrinapiazza/.pico-sdk/toolchain/14_2_Rel1/bin/../lib/gcc/arm-none-eabi/14.2.1/thumb/v6-m/nofp/crtbegin.o
 .text.frame_dummy
                0x100002b0       0x24 /Users/sabrinapiazza/.pico-sdk/toolchain/14_2_Rel1/bin/../lib/gcc/arm-none-eabi/14.2.1/thumb/v6-m/nofp/crtbegin.o
 .text.main     0x100002d4       0xf0 CMakeFiles/claw_dc.dir/claw_dc.cpp.o
                0x100002d4                main
 .text.gpio_set_function
                0x100003c4       0x34 CMakeFiles/claw_dc.dir/Users/sabrinapiazza/.pico-sdk/sdk/2.2.0/src/rp2_common/hardware_gpio/gpio.c.o
                0x100003c4                gpio_set_function
 .text.rp2040_chip_version
                0x100003f8       0x54 CMakeFiles/claw_dc.dir/Users/sabrinapiazza/.pico-sdk/sdk/2.2.0/src/rp2040/pico_platform/platform.c.o
                0x100003f8                rp2040_chip_version
 .text.panic    0x1000044c       0x30 CMakeFiles/claw_dc.dir/Users/sabrinapiazza/.pico-sdk/sdk/2.2.0/src/rp2_common/pico_platform_panic/panic.c.o
                0x1000044c                panic
 .text.hw_claim_lock
                0x1000047c       0x18 CMakeFiles/claw_dc.dir/Users/sabrinapiazza/.pico-sdk/sdk/2.2.0/src/common/hardware_claim/claim.c.o
                0x1000047c                hw_claim_lock
 .text.hw_claim_unlock
                0x10000494       0x14 CMakeFiles/claw_dc.dir/Users/sabrinapiazza/.pico-sdk/sdk/2.2.0/src/common/hardware_claim/claim.c.o
                0x10000494                hw_claim_unlock
 .text.hw_claim_or_assert
                0x100004a8       0x32 CMakeFiles/claw_dc.dir/Users/sabrinapiazza/.pico-sdk/sdk/2.2.0/src/common/hardware_claim/claim.c.o
                0x100004a8                hw_claim_or_assert
 .text.hw_claim_unused_from_range
                0x100004da       0x50 CMakeFiles/claw_dc.dir/Users/sabrinapiazza/.pico-sdk/sdk/2.2.0/src/common/hardware_claim/claim.c.o
                0x100004da                hw_claim_unused_from_range
 *fill*         0x1000052a        0x2 
 .text.next_striped_spin_lock_num
                0x1000052c       0x1c CMakeFiles/claw_dc.dir/Users/sabrinapiazza/.pico-sdk/sdk/2.2.0/src/rp2_common/hardware_sync/sync.c.o
                0x1000052c                next_striped_spin_lock_num
 .text.spin_lock_claim_unused
                0x10000548       0x24 CMakeFiles/claw_dc.dir/Users/sabrinapiazza/.pico-sdk/sdk/2.2.0/src/rp2_common/hardware_sync/sync.c.o
                0x10000548                spin_lock_claim_unused
 .text.spin_locks_reset
                0x1000056c       0x20 CMakeFiles/claw_dc.dir/Users/sabrinapiazza/.pico-sdk/sdk/2.2.0/src/rp2_common/hardware_sync_spin_lock/sync_spin_lock.c.o
                0x1000056c                spin_locks_reset
 .text.set_raw_irq_handler_and_unlock
                0x1000058c       0x28 CMakeFiles/claw_dc.dir/Users/sabrinapiazza/.pico-sdk/sdk/2.2.0/src/rp2_common/hardware_irq/irq.c.o
 .text.nvic_ipr0
                0x100005b4        0x8 CMakeFiles/claw_dc.dir/Users/sabrinapiazza/.pico-sdk/sdk/2.2.0/src/rp2_common/hardware_irq/irq.c.o
 .text.runtime_init_per_core_irq_priorities
                0x100005bc       0x1c CMakeFiles/claw_dc.dir/Users/sabrinapiazza/.pico-sdk/sdk/2.2.0/src/rp2_common/hardware_irq/irq.c.o
                0x100005bc                runtime_init_per_core_irq_priorities
 .text.resolve_j_16
                0x100005d8       0x30 CMakeFiles/claw_dc.dir/Users/sabrinapiazza/.pico-sdk/sdk/2.2.0/src/rp2_common/hardware_irq/irq.c.o
 .text.make_j_16
                0x10000608       0x48 CMakeFiles/claw_dc.dir/Users/sabrinapiazza/.pico-sdk/sdk/2.2.0/src/rp2_common/hardware_irq/irq.c.o
 .text.irq_is_enabled
                0x10000650       0x18 CMakeFiles/claw_dc.dir/Users/sabrinapiazza/.pico-sdk/sdk/2.2.0/src/rp2_common/hardware_irq/irq.c.o
                0x10000650                irq_is_enabled
 .text.irq_set_mask_n_enabled
                0x10000668       0x1c CMakeFiles/claw_dc.dir/Users/sabrinapiazza/.pico-sdk/sdk/2.2.0/src/rp2_common/hardware_irq/irq.c.o
                0x10000668                irq_set_mask_n_enabled
 .text.irq_set_enabled
                0x10000684       0x14 CMakeFiles/claw_dc.dir/Users/sabrinapiazza/.pico-sdk/sdk/2.2.0/src/rp2_common/hardware_irq/irq.c.o
                0x10000684                irq_set_enabled
 .text.irq_set_pending
                0x10000698       0x10 CMakeFiles/claw_dc.dir/Users/sabrinapiazza/.pico-sdk/sdk/2.2.0/src/rp2_common/hardware_irq/irq.c.o
                0x10000698                irq_set_pending
 .text.irq_get_vtable_handler
                0x100006a8       0x10 CMakeFiles/claw_dc.dir/Users/sabrinapiazza/.pico-sdk/sdk/2.2.0/src/rp2_common/hardware_irq/irq.c.o
                0x100006a8                irq_get_vtable_handler
 .text.irq_has_shared_handler
                0x100006b8       0x1c CMakeFiles/claw_dc.dir/Users/sabrinapiazza/.pico-sdk/sdk/2.2.0/src/rp2_common/hardware_irq/irq.c.o
                0x100006b8                irq_has_shared_handler
 .text.irq_set_exclusive_handler
                0x100006d4       0x54 CMakeFiles/claw_dc.dir/Users/sabrinapiazza/.pico-sdk/sdk/2.2.0/src/rp2_common/hardware_irq/irq.c.o
                0x100006d4                irq_set_exclusive_handler
 .text.irq_add_shared_handler
                0x10000728      0x218 CMakeFiles/claw_dc.dir/Users/sabrinapiazza/.pico-sdk/sdk/2.2.0/src/rp2_common/hardware_irq/irq.c.o
                0x10000728                irq_add_shared_handler
 .text.irq_add_tail_to_free_list
                0x10000940       0xf4 CMakeFiles/claw_dc.dir/Users/sabrinapiazza/.pico-sdk/sdk/2.2.0/src/rp2_common/hardware_irq/irq.c.o
                0x10000940                irq_add_tail_to_free_list
 .text.user_irq_claim_unused
                0x10000a34       0x2c CMakeFiles/claw_dc.dir/Users/sabrinapiazza/.pico-sdk/sdk/2.2.0/src/rp2_common/hardware_irq/irq.c.o
                0x10000a34                user_irq_claim_unused
 .text.lock_init
                0x10000a60       0x10 CMakeFiles/claw_dc.dir/Users/sabrinapiazza/.pico-sdk/sdk/2.2.0/src/common/pico_sync/lock_core.c.o
                0x10000a60                lock_init
 .text.mutex_init
                0x10000a70       0x1a CMakeFiles/claw_dc.dir/Users/sabrinapiazza/.pico-sdk/sdk/2.2.0/src/common/pico_sync/mutex.c.o
                0x10000a70                mutex_init
 .text.recursive_mutex_init
                0x10000a8a       0x1e CMakeFiles/claw_dc.dir/Users/sabrinapiazza/.pico-sdk/sdk/2.2.0/src/common/pico_sync/mutex.c.o
                0x10000a8a                recursive_mutex_init
 .text.runtime_init_mutex
                0x10000aa8       0x4c CMakeFiles/claw_dc.dir/Users/sabrinapiazza/.pico-sdk/sdk/2.2.0/src/common/pico_sync/mutex.c.o
                0x10000aa8                runtime_init_mutex
 .text.critical_section_init_with_lock_num
                0x10000af4       0x14 CMakeFiles/claw_dc.dir/Users/sabrinapiazza/.pico-sdk/sdk/2.2.0/src/common/pico_sync/critical_section.c.o
                0x10000af4                critical_section_init_with_lock_num
 .text.critical_section_init
                0x10000b08       0x14 CMakeFiles/claw_dc.dir/Users/sabrinapiazza/.pico-sdk/sdk/2.2.0/src/common/pico_sync/critical_section.c.o
                0x10000b08                critical_section_init
 .text.ta_set_timeout
                0x10000b1c       0x24 CMakeFiles/claw_dc.dir/Users/sabrinapiazza/.pico-sdk/sdk/2.2.0/src/common/pico_time/time.c.o
 .text.make_alarm_id
                0x10000b40        0x6 CMakeFiles/claw_dc.dir/Users/sabrinapiazza/.pico-sdk/sdk/2.2.0/src/common/pico_time/time.c.o
 *fill*         0x10000b46        0x2 
 .text.sleep_until_callback
                0x10000b48       0x30 CMakeFiles/claw_dc.dir/Users/sabrinapiazza/.pico-sdk/sdk/2.2.0/src/common/pico_time/time.c.o
 .text.alarm_pool_irq_handler
                0x10000b78      0x2f0 CMakeFiles/claw_dc.dir/Users/sabrinapiazza/.pico-sdk/sdk/2.2.0/src/common/pico_time/time.c.o
 .text.ta_enable_irq_handler
                0x10000e68       0x2c CMakeFiles/claw_dc.dir/Users/sabrinapiazza/.pico-sdk/sdk/2.2.0/src/common/pico_time/time.c.o
 .text.alarm_pool_post_alloc_init
                0x10000e94       0x78 CMakeFiles/claw_dc.dir/Users/sabrinapiazza/.pico-sdk/sdk/2.2.0/src/common/pico_time/time.c.o
 .text.alarm_pool_get_default
                0x10000f0c       0x2c CMakeFiles/claw_dc.dir/Users/sabrinapiazza/.pico-sdk/sdk/2.2.0/src/common/pico_time/time.c.o
                0x10000f0c                alarm_pool_get_default
 .text.alarm_pool_add_alarm_at_force_in_context
                0x10000f38       0xa4 CMakeFiles/claw_dc.dir/Users/sabrinapiazza/.pico-sdk/sdk/2.2.0/src/common/pico_time/time.c.o
                0x10000f38                alarm_pool_add_alarm_at_force_in_context
 .text.alarm_pool_add_alarm_at
                0x10000fdc       0x3c CMakeFiles/claw_dc.dir/Users/sabrinapiazza/.pico-sdk/sdk/2.2.0/src/common/pico_time/time.c.o
                0x10000fdc                alarm_pool_add_alarm_at
 .text.add_alarm_at
                0x10001018       0x2e CMakeFiles/claw_dc.dir/Users/sabrinapiazza/.pico-sdk/sdk/2.2.0/src/common/pico_time/time.c.o
 *fill*         0x10001046        0x2 
 .text.alarm_pool_cancel_alarm
                0x10001048       0x78 CMakeFiles/claw_dc.dir/Users/sabrinapiazza/.pico-sdk/sdk/2.2.0/src/common/pico_time/time.c.o
                0x10001048                alarm_pool_cancel_alarm
 .text.cancel_alarm
                0x100010c0       0x10 CMakeFiles/claw_dc.dir/Users/sabrinapiazza/.pico-sdk/sdk/2.2.0/src/common/pico_time/time.c.o
 .text.alarm_pool_core_num
                0x100010d0        0x4 CMakeFiles/claw_dc.dir/Users/sabrinapiazza/.pico-sdk/sdk/2.2.0/src/common/pico_time/time.c.o
                0x100010d0                alarm_pool_core_num
 .text.sleep_until
                0x100010d4       0xb0 CMakeFiles/claw_dc.dir/Users/sabrinapiazza/.pico-sdk/sdk/2.2.0/src/common/pico_time/time.c.o
                0x100010d4                sleep_until
 .text.sleep_us
                0x10001184       0x24 CMakeFiles/claw_dc.dir/Users/sabrinapiazza/.pico-sdk/sdk/2.2.0/src/common/pico_time/time.c.o
                0x10001184                sleep_us
 .text.sleep_ms
                0x100011a8       0x14 CMakeFiles/claw_dc.dir/Users/sabrinapiazza/.pico-sdk/sdk/2.2.0/src/common/pico_time/time.c.o
                0x100011a8                sleep_ms
 .text.best_effort_wfe_or_timeout
                0x100011bc      0x11c CMakeFiles/claw_dc.dir/Users/sabrinapiazza/.pico-sdk/sdk/2.2.0/src/common/pico_time/time.c.o
                0x100011bc                best_effort_wfe_or_timeout
 .text.alarm_pool_get_default_timer
                0x100012d8        0x8 CMakeFiles/claw_dc.dir/Users/sabrinapiazza/.pico-sdk/sdk/2.2.0/src/common/pico_time/time.c.o
                0x100012d8                alarm_pool_get_default_timer
 .text.runtime_init_default_alarm_pool
                0x100012e0       0x38 CMakeFiles/claw_dc.dir/Users/sabrinapiazza/.pico-sdk/sdk/2.2.0/src/common/pico_time/time.c.o
                0x100012e0                runtime_init_default_alarm_pool
 .text.timer_hardware_alarm_claim
                0x10001318       0x14 CMakeFiles/claw_dc.dir/Users/sabrinapiazza/.pico-sdk/sdk/2.2.0/src/rp2_common/hardware_timer/timer.c.o
                0x10001318                timer_hardware_alarm_claim
 .text.timer_time_us_64
                0x1000132c       0x10 CMakeFiles/claw_dc.dir/Users/sabrinapiazza/.pico-sdk/sdk/2.2.0/src/rp2_common/hardware_timer/timer.c.o
                0x1000132c                timer_time_us_64
 .text.timer_busy_wait_until
                0x1000133c       0x1a CMakeFiles/claw_dc.dir/Users/sabrinapiazza/.pico-sdk/sdk/2.2.0/src/rp2_common/hardware_timer/timer.c.o
                0x1000133c                timer_busy_wait_until
 *fill*         0x10001356        0x2 
 .text.time_us_64
                0x10001358       0x10 CMakeFiles/claw_dc.dir/Users/sabrinapiazza/.pico-sdk/sdk/2.2.0/src/rp2_common/hardware_timer/timer.c.o
                0x10001358                time_us_64
 .text.busy_wait_until
                0x10001368       0x14 CMakeFiles/claw_dc.dir/Users/sabrinapiazza/.pico-sdk/sdk/2.2.0/src/rp2_common/hardware_timer/timer.c.o
                0x10001368                busy_wait_until
 .text.clock_configure_internal
                0x1000137c       0xc4 CMakeFiles/claw_dc.dir/Users/sabrinapiazza/.pico-sdk/sdk/2.2.0/src/rp2_common/hardware_clocks/clocks.c.o
 .text.clock_configure_int_divider
                0x10001440       0x28 CMakeFiles/claw_dc.dir/Users/sabrinapiazza/.pico-sdk/sdk/2.2.0/src/rp2_common/hardware_clocks/clocks.c.o
                0x10001440                clock_configure_int_divider
 .text.clock_configure_undivided
                0x10001468       0x12 CMakeFiles/claw_dc.dir/Users/sabrinapiazza/.pico-sdk/sdk/2.2.0/src/rp2_common/hardware_clocks/clocks.c.o
                0x10001468                clock_configure_undivided
 *fill*         0x1000147a        0x2 
 .text.clock_get_hz
                0x1000147c        0xc CMakeFiles/claw_dc.dir/Users/sabrinapiazza/.pico-sdk/sdk/2.2.0/src/rp2_common/hardware_clocks/clocks.c.o
                0x1000147c                clock_get_hz
 .text.pll_init
                0x10001488      0x124 CMakeFiles/claw_dc.dir/Users/sabrinapiazza/.pico-sdk/sdk/2.2.0/src/rp2_common/hardware_pll/pll.c.o
                0x10001488                pll_init
 .text.watchdog_update
                0x100015ac       0x14 CMakeFiles/claw_dc.dir/Users/sabrinapiazza/.pico-sdk/sdk/2.2.0/src/rp2_common/hardware_watchdog/watchdog.c.o
                0x100015ac                watchdog_update
 .text._watchdog_enable
                0x100015c0       0x78 CMakeFiles/claw_dc.dir/Users/sabrinapiazza/.pico-sdk/sdk/2.2.0/src/rp2_common/hardware_watchdog/watchdog.c.o
                0x100015c0                _watchdog_enable
 .text.watchdog_reboot
                0x10001638       0x48 CMakeFiles/claw_dc.dir/Users/sabrinapiazza/.pico-sdk/sdk/2.2.0/src/rp2_common/hardware_watchdog/watchdog.c.o
                0x10001638                watchdog_reboot
 .text.tick_start
                0x10001680       0x10 CMakeFiles/claw_dc.dir/Users/sabrinapiazza/.pico-sdk/sdk/2.2.0/src/rp2_common/hardware_ticks/ticks.c.o
                0x10001680                tick_start
 .text.rom_func_lookup
                0x10001690       0x10 CMakeFiles/claw_dc.dir/Users/sabrinapiazza/.pico-sdk/sdk/2.2.0/src/rp2_common/pico_bootrom/bootrom.c.o
                0x10001690                rom_func_lookup
 .text.rom_data_lookup
                0x100016a0       0x10 CMakeFiles/claw_dc.dir/Users/sabrinapiazza/.pico-sdk/sdk/2.2.0/src/rp2_common/pico_bootrom/bootrom.c.o
                0x100016a0                rom_data_lookup
 .text.rom_funcs_lookup
                0x100016b0       0x36 CMakeFiles/claw_dc.dir/Users/sabrinapiazza/.pico-sdk/sdk/2.2.0/src/rp2_common/pico_bootrom/bootrom.c.o
                0x100016b0                rom_funcs_lookup
 *fill*         0x100016e6        0x2 
 .text.rom_reset_usb_boot_extra
                0x100016e8       0x24 CMakeFiles/claw_dc.dir/Users/sabrinapiazza/.pico-sdk/sdk/2.2.0/src/rp2_common/pico_bootrom/bootrom.c.o
                0x100016e8                rom_reset_usb_boot_extra
 .text.xosc_init
                0x1000170c       0x2c CMakeFiles/claw_dc.dir/Users/sabrinapiazza/.pico-sdk/sdk/2.2.0/src/rp2_common/hardware_xosc/xosc.c.o
                0x1000170c                xosc_init
 .text.runtime_run_initializers_from
                0x10001738       0x18 CMakeFiles/claw_dc.dir/Users/sabrinapiazza/.pico-sdk/sdk/2.2.0/src/rp2_common/pico_runtime/runtime.c.o
 .text.first_per_core_initializer
                0x10001750        0x2 CMakeFiles/claw_dc.dir/Users/sabrinapiazza/.pico-sdk/sdk/2.2.0/src/rp2_common/pico_runtime/runtime.c.o
 *fill*         0x10001752        0x2 
 .text.runtime_run_initializers
                0x10001754       0x10 CMakeFiles/claw_dc.dir/Users/sabrinapiazza/.pico-sdk/sdk/2.2.0/src/rp2_common/pico_runtime/runtime.c.o
                0x10001754                runtime_run_initializers
 .text.runtime_init_early_resets
                0x10001764       0x2c CMakeFiles/claw_dc.dir/Users/sabrinapiazza/.pico-sdk/sdk/2.2.0/src/rp2_common/pico_runtime_init/runtime_init.c.o
                0x10001764                runtime_init_early_resets
 .text.runtime_init_usb_power_down
                0x10001790       0x1c CMakeFiles/claw_dc.dir/Users/sabrinapiazza/.pico-sdk/sdk/2.2.0/src/rp2_common/pico_runtime_init/runtime_init.c.o
                0x10001790                runtime_init_usb_power_down
 .text.runtime_init_post_clock_resets
                0x100017ac       0x20 CMakeFiles/claw_dc.dir/Users/sabrinapiazza/.pico-sdk/sdk/2.2.0/src/rp2_common/pico_runtime_init/runtime_init.c.o
                0x100017ac                runtime_init_post_clock_resets
 .text.runtime_init_rp2040_gpio_ie_disable
                0x100017cc       0x14 CMakeFiles/claw_dc.dir/Users/sabrinapiazza/.pico-sdk/sdk/2.2.0/src/rp2_common/pico_runtime_init/runtime_init.c.o
                0x100017cc                runtime_init_rp2040_gpio_ie_disable
 .text.runtime_init_spin_locks_reset
                0x100017e0        0x8 CMakeFiles/claw_dc.dir/Users/sabrinapiazza/.pico-sdk/sdk/2.2.0/src/rp2_common/pico_runtime_init/runtime_init.c.o
                0x100017e0                runtime_init_spin_locks_reset
 .text.runtime_init_install_ram_vector_table
                0x100017e8       0x48 CMakeFiles/claw_dc.dir/Users/sabrinapiazza/.pico-sdk/sdk/2.2.0/src/rp2_common/pico_runtime_init/runtime_init.c.o
                0x100017e8                runtime_init_install_ram_vector_table
 .text.start_all_ticks
                0x10001830       0x28 CMakeFiles/claw_dc.dir/Users/sabrinapiazza/.pico-sdk/sdk/2.2.0/src/rp2_common/pico_runtime_init/runtime_init_clocks.c.o
 .text.runtime_init_clocks
                0x10001858       0xcc CMakeFiles/claw_dc.dir/Users/sabrinapiazza/.pico-sdk/sdk/2.2.0/src/rp2_common/pico_runtime_init/runtime_init_clocks.c.o
                0x10001858                runtime_init_clocks
 .text          0x10001924       0x10 CMakeFiles/claw_dc.dir/Users/sabrinapiazza/.pico-sdk/sdk/2.2.0/src/rp2_common/pico_bit_ops/bit_ops_aeabi.S.o
 .text.__wrap___aeabi_idiv
                0x10001934       0x50 CMakeFiles/claw_dc.dir/Users/sabrinapiazza/.pico-sdk/sdk/2.2.0/src/rp2_common/pico_divider/divider_hardware.S.o
                0x10001934                __wrap___aeabi_idivmod
                0x10001934                divmod_s32s32
                0x10001934                div_s32s32
                0x10001934                __wrap___aeabi_idiv
                0x1000193c                divmod_s32s32_unsafe
                0x10001968                divmod_s32s32_savestate
 .text.__wrap___aeabi_uidiv
                0x10001984       0x4c CMakeFiles/claw_dc.dir/Users/sabrinapiazza/.pico-sdk/sdk/2.2.0/src/rp2_common/pico_divider/divider_hardware.S.o
                0x10001984                __wrap___aeabi_uidiv
                0x10001984                __wrap___aeabi_uidivmod
                0x10001984                div_u32u32
                0x10001984                divmod_u32u32
                0x1000198c                divmod_u32u32_unsafe
                0x100019b4                divmod_u32u32_savestate
 .text.__wrap___aeabi_ldiv
                0x100019d0      0x424 CMakeFiles/claw_dc.dir/Users/sabrinapiazza/.pico-sdk/sdk/2.2.0/src/rp2_common/pico_divider/divider_hardware.S.o
                0x100019d0                __wrap___aeabi_ldivmod
                0x100019d0                div_s64s64
                0x100019d0                divmod_s64s64
                0x10001a00                divmod_u64u64
                0x10001a00                div_u64u64
                0x10001a00                __wrap___aeabi_uldivmod
                0x10001a10                divmod_u64u64_savestate
                0x10001a30                divmod_s64s64_unsafe
                0x10001ab8                divmod_u64u64_unsafe
 .text.__wrap___aeabi_darithmetic
                0x10001df4       0x60 CMakeFiles/claw_dc.dir/Users/sabrinapiazza/.pico-sdk/sdk/2.2.0/src/rp2_common/pico_double/double_aeabi_rp2040.S.o
                0x10001df4                __wrap___aeabi_drsub
                0x10001dfa                __wrap___aeabi_dsub
                0x10001e04                __wrap___aeabi_dadd
                0x10001e0e                __wrap___aeabi_ddiv
                0x10001e42                __wrap___aeabi_dmul
 .text.__wrap___aeabi_cdcmple
                0x10001e54       0x6c CMakeFiles/claw_dc.dir/Users/sabrinapiazza/.pico-sdk/sdk/2.2.0/src/rp2_common/pico_double/double_aeabi_rp2040.S.o
                0x10001e54                __wrap___aeabi_cdrcmple
                0x10001e64                __wrap___aeabi_cdcmple
                0x10001e64                __wrap___aeabi_cdcmpeq
 .text.__wrap___aeabi_dcmplt
                0x10001ec0        0xc CMakeFiles/claw_dc.dir/Users/sabrinapiazza/.pico-sdk/sdk/2.2.0/src/rp2_common/pico_double/double_aeabi_rp2040.S.o
                0x10001ec0                __wrap___aeabi_dcmplt
 .text.__wrap___aeabi_dcmple
                0x10001ecc       0x10 CMakeFiles/claw_dc.dir/Users/sabrinapiazza/.pico-sdk/sdk/2.2.0/src/rp2_common/pico_double/double_aeabi_rp2040.S.o
                0x10001ecc                __wrap___aeabi_dcmple
 .text.__wrap___aeabi_dcmpge
                0x10001edc       0x10 CMakeFiles/claw_dc.dir/Users/sabrinapiazza/.pico-sdk/sdk/2.2.0/src/rp2_common/pico_double/double_aeabi_rp2040.S.o
                0x10001edc                __wrap___aeabi_dcmpge
 .text.__wrap___aeabi_dcmpgt
                0x10001eec        0xa CMakeFiles/claw_dc.dir/Users/sabrinapiazza/.pico-sdk/sdk/2.2.0/src/rp2_common/pico_double/double_aeabi_rp2040.S.o
                0x10001eec                __wrap___aeabi_dcmpgt
 .text.__wrap___aeabi_dcmpun
                0x10001ef6       0x18 CMakeFiles/claw_dc.dir/Users/sabrinapiazza/.pico-sdk/sdk/2.2.0/src/rp2_common/pico_double/double_aeabi_rp2040.S.o
                0x10001ef6                __wrap___aeabi_dcmpun
 *fill*         0x10001f0e        0x2 
 .text.__wrap___aeabi_i2d
                0x10001f10       0x38 CMakeFiles/claw_dc.dir/Users/sabrinapiazza/.pico-sdk/sdk/2.2.0/src/rp2_common/pico_double/double_aeabi_rp2040.S.o
                0x10001f10                __wrap___aeabi_ui2d
                0x10001f10                uint2double
                0x10001f18                __wrap___aeabi_i2d
                0x10001f18                int2double
 .text.__wrap___aeabi_d2iz
                0x10001f48       0x48 CMakeFiles/claw_dc.dir/Users/sabrinapiazza/.pico-sdk/sdk/2.2.0/src/rp2_common/pico_double/double_aeabi_rp2040.S.o
                0x10001f48                __wrap___aeabi_d2iz
                0x10001f48                double2int_z
 .text.__wrap___aeabi_d2uiz
                0x10001f90       0x10 CMakeFiles/claw_dc.dir/Users/sabrinapiazza/.pico-sdk/sdk/2.2.0/src/rp2_common/pico_double/double_aeabi_rp2040.S.o
                0x10001f90                double2uint_z
                0x10001f90                double2uint
                0x10001f90                __wrap___aeabi_d2uiz
 .text.missing_double_func_shim
                0x10001fa0        0xc CMakeFiles/claw_dc.dir/Users/sabrinapiazza/.pico-sdk/sdk/2.2.0/src/rp2_common/pico_double/double_init_rom_rp2040.c.o
 .text.__aeabi_double_init
                0x10001fac       0xd0 CMakeFiles/claw_dc.dir/Users/sabrinapiazza/.pico-sdk/sdk/2.2.0/src/rp2_common/pico_double/double_init_rom_rp2040.c.o
                0x10001fac                __aeabi_double_init
 .text.double_table_shim_on_use_helper
                0x1000207c       0x34 CMakeFiles/claw_dc.dir/Users/sabrinapiazza/.pico-sdk/sdk/2.2.0/src/rp2_common/pico_double/double_v1_rom_shim_rp2040.S.o
                0x1000207c                double_table_shim_on_use_helper
 .text.__aeabi_lmul
                0x100020b0       0x32 CMakeFiles/claw_dc.dir/Users/sabrinapiazza/.pico-sdk/sdk/2.2.0/src/rp2_common/pico_int64_ops/pico_int64_ops_aeabi.S.o
                0x100020b0                __wrap___aeabi_lmul
 *fill*         0x100020e2        0x2 
 .text.missing_float_func_shim
                0x100020e4        0xc CMakeFiles/claw_dc.dir/Users/sabrinapiazza/.pico-sdk/sdk/2.2.0/src/rp2_common/pico_float/float_init_rom_rp2040.c.o
 .text.__aeabi_float_init
                0x100020f0       0x88 CMakeFiles/claw_dc.dir/Users/sabrinapiazza/.pico-sdk/sdk/2.2.0/src/rp2_common/pico_float/float_init_rom_rp2040.c.o
                0x100020f0                __aeabi_float_init
 .text          0x10002178       0x10 CMakeFiles/claw_dc.dir/Users/sabrinapiazza/.pico-sdk/sdk/2.2.0/src/rp2_common/pico_mem_ops/mem_ops_aeabi.S.o
                0x10002178                __aeabi_mem_init
 .text.memset   0x10002188        0xc CMakeFiles/claw_dc.dir/Users/sabrinapiazza/.pico-sdk/sdk/2.2.0/src/rp2_common/pico_mem_ops/mem_ops_aeabi.S.o
                0x10002188                __wrap_memset
 .text.memcpy   0x10002194        0xc CMakeFiles/claw_dc.dir/Users/sabrinapiazza/.pico-sdk/sdk/2.2.0/src/rp2_common/pico_mem_ops/mem_ops_aeabi.S.o
                0x10002194                __wrap___aeabi_memcpy
                0x10002194                __wrap_memcpy
 .text._out_null
                0x100021a0        0x2 CMakeFiles/claw_dc.dir/Users/sabrinapiazza/.pico-sdk/sdk/2.2.0/src/rp2_common/pico_printf/printf.c.o
 .text._out_fct
                0x100021a2        0xe CMakeFiles/claw_dc.dir/Users/sabrinapiazza/.pico-sdk/sdk/2.2.0/src/rp2_common/pico_printf/printf.c.o
 .text._atoi    0x100021b0       0x24 CMakeFiles/claw_dc.dir/Users/sabrinapiazza/.pico-sdk/sdk/2.2.0/src/rp2_common/pico_printf/printf.c.o
 .text._out_rev
                0x100021d4       0xb0 CMakeFiles/claw_dc.dir/Users/sabrinapiazza/.pico-sdk/sdk/2.2.0/src/rp2_common/pico_printf/printf.c.o
 .text._ntoa_format
                0x10002284      0x10e CMakeFiles/claw_dc.dir/Users/sabrinapiazza/.pico-sdk/sdk/2.2.0/src/rp2_common/pico_printf/printf.c.o
 .text._ntoa_long
                0x10002392       0xbc CMakeFiles/claw_dc.dir/Users/sabrinapiazza/.pico-sdk/sdk/2.2.0/src/rp2_common/pico_printf/printf.c.o
 .text._ntoa_long_long
                0x1000244e      0x10e CMakeFiles/claw_dc.dir/Users/sabrinapiazza/.pico-sdk/sdk/2.2.0/src/rp2_common/pico_printf/printf.c.o
 .text._etoa    0x1000255c      0x424 CMakeFiles/claw_dc.dir/Users/sabrinapiazza/.pico-sdk/sdk/2.2.0/src/rp2_common/pico_printf/printf.c.o
 .text._ftoa    0x10002980      0x348 CMakeFiles/claw_dc.dir/Users/sabrinapiazza/.pico-sdk/sdk/2.2.0/src/rp2_common/pico_printf/printf.c.o
 .text._vsnprintf
                0x10002cc8      0x6a4 CMakeFiles/claw_dc.dir/Users/sabrinapiazza/.pico-sdk/sdk/2.2.0/src/rp2_common/pico_printf/printf.c.o
 .text.vfctprintf
                0x1000336c       0x24 CMakeFiles/claw_dc.dir/Users/sabrinapiazza/.pico-sdk/sdk/2.2.0/src/rp2_common/pico_printf/printf.c.o
                0x1000336c                vfctprintf
 .text._exit    0x10003390        0x4 CMakeFiles/claw_dc.dir/Users/sabrinapiazza/.pico-sdk/sdk/2.2.0/src/rp2_common/pico_clib_interface/newlib_interface.c.o
                0x10003390                _exit
 .text.exit     0x10003394        0x6 CMakeFiles/claw_dc.dir/Users/sabrinapiazza/.pico-sdk/sdk/2.2.0/src/rp2_common/pico_clib_interface/newlib_interface.c.o
                0x10003394                exit
 *fill*         0x1000339a        0x2 
 .text.__assert_func
                0x1000339c       0x38 CMakeFiles/claw_dc.dir/Users/sabrinapiazza/.pico-sdk/sdk/2.2.0/src/rp2_common/pico_clib_interface/newlib_interface.c.o
                0x1000339c                __assert_func
 .text.runtime_init
                0x100033d4       0x28 CMakeFiles/claw_dc.dir/Users/sabrinapiazza/.pico-sdk/sdk/2.2.0/src/rp2_common/pico_clib_interface/newlib_interface.c.o
                0x100033d4                runtime_init
 .text.stdio_out_chars_no_crlf
                0x100033fc        0xe CMakeFiles/claw_dc.dir/Users/sabrinapiazza/.pico-sdk/sdk/2.2.0/src/rp2_common/pico_stdio/stdio.c.o
 *fill*         0x1000340a        0x2 
 .text.stdio_out_chars_crlf
                0x1000340c       0x80 CMakeFiles/claw_dc.dir/Users/sabrinapiazza/.pico-sdk/sdk/2.2.0/src/rp2_common/pico_stdio/stdio.c.o
 .text.stdio_stack_buffer_flush
                0x1000348c       0x44 CMakeFiles/claw_dc.dir/Users/sabrinapiazza/.pico-sdk/sdk/2.2.0/src/rp2_common/pico_stdio/stdio.c.o
 .text.stdio_buffered_printer
                0x100034d0       0x20 CMakeFiles/claw_dc.dir/Users/sabrinapiazza/.pico-sdk/sdk/2.2.0/src/rp2_common/pico_stdio/stdio.c.o
 .text.stdout_serialize_begin
                0x100034f0       0x30 CMakeFiles/claw_dc.dir/Users/sabrinapiazza/.pico-sdk/sdk/2.2.0/src/rp2_common/pico_stdio/stdio.c.o
                0x100034f0                stdout_serialize_begin
 .text.stdout_serialize_end
                0x10003520       0x10 CMakeFiles/claw_dc.dir/Users/sabrinapiazza/.pico-sdk/sdk/2.2.0/src/rp2_common/pico_stdio/stdio.c.o
                0x10003520                stdout_serialize_end
 .text.stdio_put_string
                0x10003530       0x94 CMakeFiles/claw_dc.dir/Users/sabrinapiazza/.pico-sdk/sdk/2.2.0/src/rp2_common/pico_stdio/stdio.c.o
                0x10003530                stdio_put_string
 .text.stdio_set_driver_enabled
                0x100035c4       0x30 CMakeFiles/claw_dc.dir/Users/sabrinapiazza/.pico-sdk/sdk/2.2.0/src/rp2_common/pico_stdio/stdio.c.o
                0x100035c4                stdio_set_driver_enabled
 .text.stdio_flush
                0x100035f4       0x20 CMakeFiles/claw_dc.dir/Users/sabrinapiazza/.pico-sdk/sdk/2.2.0/src/rp2_common/pico_stdio/stdio.c.o
                0x100035f4                stdio_flush
 .text.stdio_init_all
                0x10003614        0x8 CMakeFiles/claw_dc.dir/Users/sabrinapiazza/.pico-sdk/sdk/2.2.0/src/rp2_common/pico_stdio/stdio.c.o
                0x10003614                stdio_init_all
 .text.__wrap_puts
                0x1000361c       0x1e CMakeFiles/claw_dc.dir/Users/sabrinapiazza/.pico-sdk/sdk/2.2.0/src/rp2_common/pico_stdio/stdio.c.o
                0x1000361c                __wrap_puts
                0x1000361c                stdio_puts
 *fill*         0x1000363a        0x2 
 .text.__wrap_vprintf
                0x1000363c       0x40 CMakeFiles/claw_dc.dir/Users/sabrinapiazza/.pico-sdk/sdk/2.2.0/src/rp2_common/pico_stdio/stdio.c.o
                0x1000363c                __wrap_vprintf
                0x1000363c                stdio_vprintf
 .text.__wrap_printf
                0x1000367c       0x18 CMakeFiles/claw_dc.dir/Users/sabrinapiazza/.pico-sdk/sdk/2.2.0/src/rp2_common/pico_stdio/stdio.c.o
                0x1000367c                stdio_printf
                0x1000367c                __wrap_printf
 .text.resetd_init
                0x10003694        0x2 CMakeFiles/claw_dc.dir/Users/sabrinapiazza/.pico-sdk/sdk/2.2.0/src/rp2_common/pico_stdio_usb/reset_interface.c.o
 *fill*         0x10003696        0x2 
 .text.resetd_reset
                0x10003698        0xc CMakeFiles/claw_dc.dir/Users/sabrinapiazza/.pico-sdk/sdk/2.2.0/src/rp2_common/pico_stdio_usb/reset_interface.c.o
 .text.resetd_open
                0x100036a4       0x34 CMakeFiles/claw_dc.dir/Users/sabrinapiazza/.pico-sdk/sdk/2.2.0/src/rp2_common/pico_stdio_usb/reset_interface.c.o
 .text.resetd_xfer_cb
                0x100036d8        0x4 CMakeFiles/claw_dc.dir/Users/sabrinapiazza/.pico-sdk/sdk/2.2.0/src/rp2_common/pico_stdio_usb/reset_interface.c.o
 .text.resetd_control_xfer_cb
                0x100036dc       0x60 CMakeFiles/claw_dc.dir/Users/sabrinapiazza/.pico-sdk/sdk/2.2.0/src/rp2_common/pico_stdio_usb/reset_interface.c.o
 .text.tud_descriptor_bos_cb
                0x1000373c        0x8 CMakeFiles/claw_dc.dir/Users/sabrinapiazza/.pico-sdk/sdk/2.2.0/src/rp2_common/pico_stdio_usb/reset_interface.c.o
                0x1000373c                tud_descriptor_bos_cb
 .text.tud_vendor_control_xfer_cb
                0x10003744       0x38 CMakeFiles/claw_dc.dir/Users/sabrinapiazza/.pico-sdk/sdk/2.2.0/src/rp2_common/pico_stdio_usb/reset_interface.c.o
                0x10003744                tud_vendor_control_xfer_cb
 .text.usbd_app_driver_get_cb
                0x1000377c        0xc CMakeFiles/claw_dc.dir/Users/sabrinapiazza/.pico-sdk/sdk/2.2.0/src/rp2_common/pico_stdio_usb/reset_interface.c.o
                0x1000377c                usbd_app_driver_get_cb
 .text.tud_cdc_line_coding_cb
                0x10003788       0x2c CMakeFiles/claw_dc.dir/Users/sabrinapiazza/.pico-sdk/sdk/2.2.0/src/rp2_common/pico_stdio_usb/reset_interface.c.o
                0x10003788                tud_cdc_line_coding_cb
 .text.stdio_usb_set_chars_available_callback
                0x100037b4       0x14 CMakeFiles/claw_dc.dir/Users/sabrinapiazza/.pico-sdk/sdk/2.2.0/src/rp2_common/pico_stdio_usb/stdio_usb.c.o
                0x100037b4                stdio_usb_set_chars_available_callback
 .text.stdio_usb_out_flush
                0x100037c8       0x4c CMakeFiles/claw_dc.dir/Users/sabrinapiazza/.pico-sdk/sdk/2.2.0/src/rp2_common/pico_stdio_usb/stdio_usb.c.o
 .text.usb_irq  0x10003814       0x10 CMakeFiles/claw_dc.dir/Users/sabrinapiazza/.pico-sdk/sdk/2.2.0/src/rp2_common/pico_stdio_usb/stdio_usb.c.o
 .text.timer_task
                0x10003824       0x6c CMakeFiles/claw_dc.dir/Users/sabrinapiazza/.pico-sdk/sdk/2.2.0/src/rp2_common/pico_stdio_usb/stdio_usb.c.o
 .text.alarm_pool_add_alarm_in_us
                0x10003890       0x40 CMakeFiles/claw_dc.dir/Users/sabrinapiazza/.pico-sdk/sdk/2.2.0/src/rp2_common/pico_stdio_usb/stdio_usb.c.o
 .text.add_alarm_in_us
                0x100038d0       0x2e CMakeFiles/claw_dc.dir/Users/sabrinapiazza/.pico-sdk/sdk/2.2.0/src/rp2_common/pico_stdio_usb/stdio_usb.c.o
 *fill*         0x100038fe        0x2 
 .text.low_priority_worker_irq
                0x10003900       0xa8 CMakeFiles/claw_dc.dir/Users/sabrinapiazza/.pico-sdk/sdk/2.2.0/src/rp2_common/pico_stdio_usb/stdio_usb.c.o
 .text.stdio_usb_init
                0x100039a8       0xe0 CMakeFiles/claw_dc.dir/Users/sabrinapiazza/.pico-sdk/sdk/2.2.0/src/rp2_common/pico_stdio_usb/stdio_usb.c.o
                0x100039a8                stdio_usb_init
 .text.stdio_usb_connected
                0x10003a88        0xa CMakeFiles/claw_dc.dir/Users/sabrinapiazza/.pico-sdk/sdk/2.2.0/src/rp2_common/pico_stdio_usb/stdio_usb.c.o
                0x10003a88                stdio_usb_connected
 *fill*         0x10003a92        0x2 
 .text.stdio_usb_in_chars
                0x10003a94       0x98 CMakeFiles/claw_dc.dir/Users/sabrinapiazza/.pico-sdk/sdk/2.2.0/src/rp2_common/pico_stdio_usb/stdio_usb.c.o
                0x10003a94                stdio_usb_in_chars
 .text.stdio_usb_out_chars
                0x10003b2c       0xe8 CMakeFiles/claw_dc.dir/Users/sabrinapiazza/.pico-sdk/sdk/2.2.0/src/rp2_common/pico_stdio_usb/stdio_usb.c.o
 .text.tud_descriptor_device_cb
                0x10003c14        0x8 CMakeFiles/claw_dc.dir/Users/sabrinapiazza/.pico-sdk/sdk/2.2.0/src/rp2_common/pico_stdio_usb/stdio_usb_descriptors.c.o
                0x10003c14                tud_descriptor_device_cb
 .text.tud_descriptor_configuration_cb
                0x10003c1c        0x8 CMakeFiles/claw_dc.dir/Users/sabrinapiazza/.pico-sdk/sdk/2.2.0/src/rp2_common/pico_stdio_usb/stdio_usb_descriptors.c.o
                0x10003c1c                tud_descriptor_configuration_cb
 .text.tud_descriptor_string_cb
                0x10003c24       0x6c CMakeFiles/claw_dc.dir/Users/sabrinapiazza/.pico-sdk/sdk/2.2.0/src/rp2_common/pico_stdio_usb/stdio_usb_descriptors.c.o
                0x10003c24                tud_descriptor_string_cb
 .text._retrieve_unique_id_on_boot
                0x10003c90       0x10 CMakeFiles/claw_dc.dir/Users/sabrinapiazza/.pico-sdk/sdk/2.2.0/src/rp2_common/pico_unique_id/unique_id.c.o
 .text.pico_get_unique_board_id_string
                0x10003ca0       0x58 CMakeFiles/claw_dc.dir/Users/sabrinapiazza/.pico-sdk/sdk/2.2.0/src/rp2_common/pico_unique_id/unique_id.c.o
                0x10003ca0                pico_get_unique_board_id_string
 .text.flash_get_unique_id
                0x10003cf8       0x40 CMakeFiles/claw_dc.dir/Users/sabrinapiazza/.pico-sdk/sdk/2.2.0/src/rp2_common/hardware_flash/flash.c.o
                0x10003cf8                flash_get_unique_id
 .text.hw_endpoint_init
                0x10003d38       0xc0 CMakeFiles/claw_dc.dir/Users/sabrinapiazza/.pico-sdk/sdk/2.2.0/lib/tinyusb/src/portable/raspberrypi/rp2040/dcd_rp2040.c.o
 .text.hw_endpoint_alloc
                0x10003df8       0x48 CMakeFiles/claw_dc.dir/Users/sabrinapiazza/.pico-sdk/sdk/2.2.0/lib/tinyusb/src/portable/raspberrypi/rp2040/dcd_rp2040.c.o
 .text.hw_endpoint_open
                0x10003e40       0x50 CMakeFiles/claw_dc.dir/Users/sabrinapiazza/.pico-sdk/sdk/2.2.0/lib/tinyusb/src/portable/raspberrypi/rp2040/dcd_rp2040.c.o
 .text.hw_endpoint_xfer
                0x10003e90       0x20 CMakeFiles/claw_dc.dir/Users/sabrinapiazza/.pico-sdk/sdk/2.2.0/lib/tinyusb/src/portable/raspberrypi/rp2040/dcd_rp2040.c.o
 .text.dcd_int_enable
                0x10003eb0       0x2c CMakeFiles/claw_dc.dir/Users/sabrinapiazza/.pico-sdk/sdk/2.2.0/lib/tinyusb/src/portable/raspberrypi/rp2040/dcd_rp2040.c.o
                0x10003eb0                dcd_int_enable
 .text.dcd_set_address
                0x10003edc       0x2c CMakeFiles/claw_dc.dir/Users/sabrinapiazza/.pico-sdk/sdk/2.2.0/lib/tinyusb/src/portable/raspberrypi/rp2040/dcd_rp2040.c.o
                0x10003edc                dcd_set_address
 .text.dcd_connect
                0x10003f08       0x10 CMakeFiles/claw_dc.dir/Users/sabrinapiazza/.pico-sdk/sdk/2.2.0/lib/tinyusb/src/portable/raspberrypi/rp2040/dcd_rp2040.c.o
                0x10003f08                dcd_connect
 .text.dcd_init
                0x10003f18       0x80 CMakeFiles/claw_dc.dir/Users/sabrinapiazza/.pico-sdk/sdk/2.2.0/lib/tinyusb/src/portable/raspberrypi/rp2040/dcd_rp2040.c.o
                0x10003f18                dcd_init
 .text.dcd_sof_enable
                0x10003f98       0x1c CMakeFiles/claw_dc.dir/Users/sabrinapiazza/.pico-sdk/sdk/2.2.0/lib/tinyusb/src/portable/raspberrypi/rp2040/dcd_rp2040.c.o
                0x10003f98                dcd_sof_enable
 .text.dcd_edpt0_status_complete
                0x10003fb4       0x1c CMakeFiles/claw_dc.dir/Users/sabrinapiazza/.pico-sdk/sdk/2.2.0/lib/tinyusb/src/portable/raspberrypi/rp2040/dcd_rp2040.c.o
                0x10003fb4                dcd_edpt0_status_complete
 .text.dcd_edpt_open
                0x10003fd0       0x26 CMakeFiles/claw_dc.dir/Users/sabrinapiazza/.pico-sdk/sdk/2.2.0/lib/tinyusb/src/portable/raspberrypi/rp2040/dcd_rp2040.c.o
                0x10003fd0                dcd_edpt_open
 .text.dcd_edpt_close_all
                0x10003ff6        0x8 CMakeFiles/claw_dc.dir/Users/sabrinapiazza/.pico-sdk/sdk/2.2.0/lib/tinyusb/src/portable/raspberrypi/rp2040/dcd_rp2040.c.o
                0x10003ff6                dcd_edpt_close_all
 *fill*         0x10003ffe        0x2 
 .text.dcd_edpt_xfer
                0x10004000       0x30 CMakeFiles/claw_dc.dir/Users/sabrinapiazza/.pico-sdk/sdk/2.2.0/lib/tinyusb/src/portable/raspberrypi/rp2040/dcd_rp2040.c.o
                0x10004000                dcd_edpt_xfer
 .text.dcd_edpt_stall
                0x10004030       0x3c CMakeFiles/claw_dc.dir/Users/sabrinapiazza/.pico-sdk/sdk/2.2.0/lib/tinyusb/src/portable/raspberrypi/rp2040/dcd_rp2040.c.o
                0x10004030                dcd_edpt_stall
 .text.dcd_edpt_clear_stall
                0x1000406c       0x30 CMakeFiles/claw_dc.dir/Users/sabrinapiazza/.pico-sdk/sdk/2.2.0/lib/tinyusb/src/portable/raspberrypi/rp2040/dcd_rp2040.c.o
                0x1000406c                dcd_edpt_clear_stall
 .text.unaligned_memcpy
                0x1000409c       0x14 CMakeFiles/claw_dc.dir/Users/sabrinapiazza/.pico-sdk/sdk/2.2.0/lib/tinyusb/src/portable/raspberrypi/rp2040/rp2040_usb.c.o
 .text.rp2040_usb_init
                0x100040b0       0x44 CMakeFiles/claw_dc.dir/Users/sabrinapiazza/.pico-sdk/sdk/2.2.0/lib/tinyusb/src/portable/raspberrypi/rp2040/rp2040_usb.c.o
                0x100040b0                rp2040_usb_init
 .text.hw_endpoint_xfer_start
                0x100040f4       0x60 CMakeFiles/claw_dc.dir/Users/sabrinapiazza/.pico-sdk/sdk/2.2.0/lib/tinyusb/src/portable/raspberrypi/rp2040/rp2040_usb.c.o
                0x100040f4                hw_endpoint_xfer_start
 .text.configuration_reset
                0x10004154       0x84 CMakeFiles/claw_dc.dir/Users/sabrinapiazza/.pico-sdk/sdk/2.2.0/lib/tinyusb/src/device/usbd.c.o
 .text.usbd_reset
                0x100041d8        0xc CMakeFiles/claw_dc.dir/Users/sabrinapiazza/.pico-sdk/sdk/2.2.0/lib/tinyusb/src/device/usbd.c.o
 .text.invoke_class_control
                0x100041e4       0x1a CMakeFiles/claw_dc.dir/Users/sabrinapiazza/.pico-sdk/sdk/2.2.0/lib/tinyusb/src/device/usbd.c.o
 *fill*         0x100041fe        0x2 
 .text.process_set_config
                0x10004200      0x1b0 CMakeFiles/claw_dc.dir/Users/sabrinapiazza/.pico-sdk/sdk/2.2.0/lib/tinyusb/src/device/usbd.c.o
 .text.tud_event_hook_cb
                0x100043b0        0x2 CMakeFiles/claw_dc.dir/Users/sabrinapiazza/.pico-sdk/sdk/2.2.0/lib/tinyusb/src/device/usbd.c.o
                0x100043b0                tud_event_hook_cb
 .text.tud_sof_cb
                0x100043b2        0x2 CMakeFiles/claw_dc.dir/Users/sabrinapiazza/.pico-sdk/sdk/2.2.0/lib/tinyusb/src/device/usbd.c.o
                0x100043b2                tud_sof_cb
 .text.tud_descriptor_device_qualifier_cb
                0x100043b4        0x4 CMakeFiles/claw_dc.dir/Users/sabrinapiazza/.pico-sdk/sdk/2.2.0/lib/tinyusb/src/device/usbd.c.o
                0x100043b4                tud_descriptor_device_qualifier_cb
 .text.tud_descriptor_other_speed_configuration_cb
                0x100043b8        0x4 CMakeFiles/claw_dc.dir/Users/sabrinapiazza/.pico-sdk/sdk/2.2.0/lib/tinyusb/src/device/usbd.c.o
                0x100043b8                tud_descriptor_other_speed_configuration_cb
 .text.process_get_descriptor
                0x100043bc       0xe0 CMakeFiles/claw_dc.dir/Users/sabrinapiazza/.pico-sdk/sdk/2.2.0/lib/tinyusb/src/device/usbd.c.o
 .text.tud_mount_cb
                0x1000449c        0x2 CMakeFiles/claw_dc.dir/Users/sabrinapiazza/.pico-sdk/sdk/2.2.0/lib/tinyusb/src/device/usbd.c.o
                0x1000449c                tud_mount_cb
 .text.tud_umount_cb
                0x1000449e        0x2 CMakeFiles/claw_dc.dir/Users/sabrinapiazza/.pico-sdk/sdk/2.2.0/lib/tinyusb/src/device/usbd.c.o
                0x1000449e                tud_umount_cb
 .text.tud_suspend_cb
                0x100044a0        0x2 CMakeFiles/claw_dc.dir/Users/sabrinapiazza/.pico-sdk/sdk/2.2.0/lib/tinyusb/src/device/usbd.c.o
                0x100044a0                tud_suspend_cb
 .text.tud_resume_cb
                0x100044a2        0x2 CMakeFiles/claw_dc.dir/Users/sabrinapiazza/.pico-sdk/sdk/2.2.0/lib/tinyusb/src/device/usbd.c.o
                0x100044a2                tud_resume_cb
 .text.tud_mounted
                0x100044a4       0x10 CMakeFiles/claw_dc.dir/Users/sabrinapiazza/.pico-sdk/sdk/2.2.0/lib/tinyusb/src/device/usbd.c.o
                0x100044a4                tud_mounted
 .text.tud_suspended
                0x100044b4       0x10 CMakeFiles/claw_dc.dir/Users/sabrinapiazza/.pico-sdk/sdk/2.2.0/lib/tinyusb/src/device/usbd.c.o
                0x100044b4                tud_suspended
 .text.tud_inited
                0x100044c4       0x14 CMakeFiles/claw_dc.dir/Users/sabrinapiazza/.pico-sdk/sdk/2.2.0/lib/tinyusb/src/device/usbd.c.o
                0x100044c4                tud_inited
 .text.tud_rhport_init
                0x100044d8      0x100 CMakeFiles/claw_dc.dir/Users/sabrinapiazza/.pico-sdk/sdk/2.2.0/lib/tinyusb/src/device/usbd.c.o
                0x100044d8                tud_rhport_init
 .text.usbd_edpt_open
                0x100045d8       0x60 CMakeFiles/claw_dc.dir/Users/sabrinapiazza/.pico-sdk/sdk/2.2.0/lib/tinyusb/src/device/usbd.c.o
                0x100045d8                usbd_edpt_open
 .text.usbd_open_edpt_pair
                0x10004638       0x88 CMakeFiles/claw_dc.dir/Users/sabrinapiazza/.pico-sdk/sdk/2.2.0/lib/tinyusb/src/device/usbd.c.o
                0x10004638                usbd_open_edpt_pair
 .text.usbd_edpt_claim
                0x100046c0       0x28 CMakeFiles/claw_dc.dir/Users/sabrinapiazza/.pico-sdk/sdk/2.2.0/lib/tinyusb/src/device/usbd.c.o
                0x100046c0                usbd_edpt_claim
 .text.usbd_edpt_release
                0x100046e8       0x28 CMakeFiles/claw_dc.dir/Users/sabrinapiazza/.pico-sdk/sdk/2.2.0/lib/tinyusb/src/device/usbd.c.o
                0x100046e8                usbd_edpt_release
 .text.usbd_edpt_xfer
                0x10004710       0x88 CMakeFiles/claw_dc.dir/Users/sabrinapiazza/.pico-sdk/sdk/2.2.0/lib/tinyusb/src/device/usbd.c.o
                0x10004710                usbd_edpt_xfer
 .text.usbd_edpt_stall
                0x10004798       0x34 CMakeFiles/claw_dc.dir/Users/sabrinapiazza/.pico-sdk/sdk/2.2.0/lib/tinyusb/src/device/usbd.c.o
                0x10004798                usbd_edpt_stall
 .text.usbd_edpt_clear_stall
                0x100047cc       0x34 CMakeFiles/claw_dc.dir/Users/sabrinapiazza/.pico-sdk/sdk/2.2.0/lib/tinyusb/src/device/usbd.c.o
                0x100047cc                usbd_edpt_clear_stall
 .text.usbd_edpt_stalled
                0x10004800       0x1c CMakeFiles/claw_dc.dir/Users/sabrinapiazza/.pico-sdk/sdk/2.2.0/lib/tinyusb/src/device/usbd.c.o
                0x10004800                usbd_edpt_stalled
 .text.process_control_request
                0x1000481c      0x384 CMakeFiles/claw_dc.dir/Users/sabrinapiazza/.pico-sdk/sdk/2.2.0/lib/tinyusb/src/device/usbd.c.o
 .text.tud_task_ext
                0x10004ba0      0x1d0 CMakeFiles/claw_dc.dir/Users/sabrinapiazza/.pico-sdk/sdk/2.2.0/lib/tinyusb/src/device/usbd.c.o
                0x10004ba0                tud_task_ext
 .text.status_stage_xact
                0x10004d70       0x1a CMakeFiles/claw_dc.dir/Users/sabrinapiazza/.pico-sdk/sdk/2.2.0/lib/tinyusb/src/device/usbd_control.c.o
 *fill*         0x10004d8a        0x2 
 .text.data_stage_xact
                0x10004d8c       0x60 CMakeFiles/claw_dc.dir/Users/sabrinapiazza/.pico-sdk/sdk/2.2.0/lib/tinyusb/src/device/usbd_control.c.o
 .text.tud_control_status
                0x10004dec       0x28 CMakeFiles/claw_dc.dir/Users/sabrinapiazza/.pico-sdk/sdk/2.2.0/lib/tinyusb/src/device/usbd_control.c.o
                0x10004dec                tud_control_status
 .text.tud_control_xfer
                0x10004e14       0x98 CMakeFiles/claw_dc.dir/Users/sabrinapiazza/.pico-sdk/sdk/2.2.0/lib/tinyusb/src/device/usbd_control.c.o
                0x10004e14                tud_control_xfer
 .text.usbd_control_reset
                0x10004eac       0x14 CMakeFiles/claw_dc.dir/Users/sabrinapiazza/.pico-sdk/sdk/2.2.0/lib/tinyusb/src/device/usbd_control.c.o
                0x10004eac                usbd_control_reset
 .text.usbd_control_set_complete_callback
                0x10004ec0        0xc CMakeFiles/claw_dc.dir/Users/sabrinapiazza/.pico-sdk/sdk/2.2.0/lib/tinyusb/src/device/usbd_control.c.o
                0x10004ec0                usbd_control_set_complete_callback
 .text.usbd_control_set_request
                0x10004ecc       0x1c CMakeFiles/claw_dc.dir/Users/sabrinapiazza/.pico-sdk/sdk/2.2.0/lib/tinyusb/src/device/usbd_control.c.o
                0x10004ecc                usbd_control_set_request
 .text.usbd_control_xfer_cb
                0x10004ee8       0xe0 CMakeFiles/claw_dc.dir/Users/sabrinapiazza/.pico-sdk/sdk/2.2.0/lib/tinyusb/src/device/usbd_control.c.o
                0x10004ee8                usbd_control_xfer_cb
 .text._prep_out_transaction
                0x10004fc8       0x94 CMakeFiles/claw_dc.dir/Users/sabrinapiazza/.pico-sdk/sdk/2.2.0/lib/tinyusb/src/class/cdc/cdc_device.c.o
 .text.tud_cdc_n_connected
                0x1000505c       0x38 CMakeFiles/claw_dc.dir/Users/sabrinapiazza/.pico-sdk/sdk/2.2.0/lib/tinyusb/src/class/cdc/cdc_device.c.o
                0x1000505c                tud_cdc_n_connected
 .text.tud_cdc_n_available
                0x10005094       0x18 CMakeFiles/claw_dc.dir/Users/sabrinapiazza/.pico-sdk/sdk/2.2.0/lib/tinyusb/src/class/cdc/cdc_device.c.o
                0x10005094                tud_cdc_n_available
 .text.tud_cdc_n_read
                0x100050ac       0x38 CMakeFiles/claw_dc.dir/Users/sabrinapiazza/.pico-sdk/sdk/2.2.0/lib/tinyusb/src/class/cdc/cdc_device.c.o
                0x100050ac                tud_cdc_n_read
 .text.tud_cdc_n_write_flush
                0x100050e4       0xb0 CMakeFiles/claw_dc.dir/Users/sabrinapiazza/.pico-sdk/sdk/2.2.0/lib/tinyusb/src/class/cdc/cdc_device.c.o
                0x100050e4                tud_cdc_n_write_flush
 .text.tud_cdc_n_write
                0x10005194       0x48 CMakeFiles/claw_dc.dir/Users/sabrinapiazza/.pico-sdk/sdk/2.2.0/lib/tinyusb/src/class/cdc/cdc_device.c.o
                0x10005194                tud_cdc_n_write
 .text.tud_cdc_n_write_available
                0x100051dc       0x18 CMakeFiles/claw_dc.dir/Users/sabrinapiazza/.pico-sdk/sdk/2.2.0/lib/tinyusb/src/class/cdc/cdc_device.c.o
                0x100051dc                tud_cdc_n_write_available
 .text.cdcd_init
                0x100051f4       0xac CMakeFiles/claw_dc.dir/Users/sabrinapiazza/.pico-sdk/sdk/2.2.0/lib/tinyusb/src/class/cdc/cdc_device.c.o
                0x100051f4                cdcd_init
 .text.cdcd_deinit
                0x100052a0       0x48 CMakeFiles/claw_dc.dir/Users/sabrinapiazza/.pico-sdk/sdk/2.2.0/lib/tinyusb/src/class/cdc/cdc_device.c.o
                0x100052a0                cdcd_deinit
 .text.cdcd_reset
                0x100052e8       0x70 CMakeFiles/claw_dc.dir/Users/sabrinapiazza/.pico-sdk/sdk/2.2.0/lib/tinyusb/src/class/cdc/cdc_device.c.o
                0x100052e8                cdcd_reset
 .text.cdcd_open
                0x10005358       0xec CMakeFiles/claw_dc.dir/Users/sabrinapiazza/.pico-sdk/sdk/2.2.0/lib/tinyusb/src/class/cdc/cdc_device.c.o
                0x10005358                cdcd_open
 .text.cdcd_control_xfer_cb
                0x10005444      0x13c CMakeFiles/claw_dc.dir/Users/sabrinapiazza/.pico-sdk/sdk/2.2.0/lib/tinyusb/src/class/cdc/cdc_device.c.o
                0x10005444                cdcd_control_xfer_cb
 .text.cdcd_xfer_cb
                0x10005580      0x148 CMakeFiles/claw_dc.dir/Users/sabrinapiazza/.pico-sdk/sdk/2.2.0/lib/tinyusb/src/class/cdc/cdc_device.c.o
                0x10005580                cdcd_xfer_cb
 .text.tud_vendor_n_mounted
                0x100056c8       0x3c CMakeFiles/claw_dc.dir/Users/sabrinapiazza/.pico-sdk/sdk/2.2.0/lib/tinyusb/src/class/vendor/vendor_device.c.o
                0x100056c8                tud_vendor_n_mounted
 .text.tud_vendor_n_write_flush
                0x10005704       0x20 CMakeFiles/claw_dc.dir/Users/sabrinapiazza/.pico-sdk/sdk/2.2.0/lib/tinyusb/src/class/vendor/vendor_device.c.o
                0x10005704                tud_vendor_n_write_flush
 .text.vendord_init
                0x10005724       0x9c CMakeFiles/claw_dc.dir/Users/sabrinapiazza/.pico-sdk/sdk/2.2.0/lib/tinyusb/src/class/vendor/vendor_device.c.o
                0x10005724                vendord_init
 .text.vendord_deinit
                0x100057c0       0x34 CMakeFiles/claw_dc.dir/Users/sabrinapiazza/.pico-sdk/sdk/2.2.0/lib/tinyusb/src/class/vendor/vendor_device.c.o
                0x100057c0                vendord_deinit
 .text.vendord_reset
                0x100057f4       0x50 CMakeFiles/claw_dc.dir/Users/sabrinapiazza/.pico-sdk/sdk/2.2.0/lib/tinyusb/src/class/vendor/vendor_device.c.o
                0x100057f4                vendord_reset
 .text.vendord_open
                0x10005844      0x14c CMakeFiles/claw_dc.dir/Users/sabrinapiazza/.pico-sdk/sdk/2.2.0/lib/tinyusb/src/class/vendor/vendor_device.c.o
                0x10005844                vendord_open
 .text.vendord_xfer_cb
                0x10005990       0xd8 CMakeFiles/claw_dc.dir/Users/sabrinapiazza/.pico-sdk/sdk/2.2.0/lib/tinyusb/src/class/vendor/vendor_device.c.o
                0x10005990                vendord_xfer_cb
 .text.tusb_rhport_init
                0x10005a68       0x78 CMakeFiles/claw_dc.dir/Users/sabrinapiazza/.pico-sdk/sdk/2.2.0/lib/tinyusb/src/tusb.c.o
                0x10005a68                tusb_rhport_init
 .text.tu_edpt_claim
                0x10005ae0       0x50 CMakeFiles/claw_dc.dir/Users/sabrinapiazza/.pico-sdk/sdk/2.2.0/lib/tinyusb/src/tusb.c.o
                0x10005ae0                tu_edpt_claim
 .text.tu_edpt_release
                0x10005b30       0x38 CMakeFiles/claw_dc.dir/Users/sabrinapiazza/.pico-sdk/sdk/2.2.0/lib/tinyusb/src/tusb.c.o
                0x10005b30                tu_edpt_release
 .text.tu_edpt_validate
                0x10005b68       0xac CMakeFiles/claw_dc.dir/Users/sabrinapiazza/.pico-sdk/sdk/2.2.0/lib/tinyusb/src/tusb.c.o
                0x10005b68                tu_edpt_validate
 .text.tu_edpt_bind_driver
                0x10005c14       0x26 CMakeFiles/claw_dc.dir/Users/sabrinapiazza/.pico-sdk/sdk/2.2.0/lib/tinyusb/src/tusb.c.o
                0x10005c14                tu_edpt_bind_driver
 .text.tu_edpt_stream_init
                0x10005c3a       0x62 CMakeFiles/claw_dc.dir/Users/sabrinapiazza/.pico-sdk/sdk/2.2.0/lib/tinyusb/src/tusb.c.o
                0x10005c3a                tu_edpt_stream_init
 .text.tu_edpt_stream_deinit
                0x10005c9c        0x4 CMakeFiles/claw_dc.dir/Users/sabrinapiazza/.pico-sdk/sdk/2.2.0/lib/tinyusb/src/tusb.c.o
                0x10005c9c                tu_edpt_stream_deinit
 .text.tu_edpt_stream_write_zlp_if_needed
                0x10005ca0       0x80 CMakeFiles/claw_dc.dir/Users/sabrinapiazza/.pico-sdk/sdk/2.2.0/lib/tinyusb/src/tusb.c.o
                0x10005ca0                tu_edpt_stream_write_zlp_if_needed
 .text.tu_edpt_stream_write_xfer
                0x10005d20       0x84 CMakeFiles/claw_dc.dir/Users/sabrinapiazza/.pico-sdk/sdk/2.2.0/lib/tinyusb/src/tusb.c.o
                0x10005d20                tu_edpt_stream_write_xfer
 .text.tu_edpt_stream_read_xfer
                0x10005da4       0xf4 CMakeFiles/claw_dc.dir/Users/sabrinapiazza/.pico-sdk/sdk/2.2.0/lib/tinyusb/src/tusb.c.o
                0x10005da4                tu_edpt_stream_read_xfer
 .text.advance_index
                0x10005e98       0x1a CMakeFiles/claw_dc.dir/Users/sabrinapiazza/.pico-sdk/sdk/2.2.0/lib/tinyusb/src/common/tusb_fifo.c.o
 .text._tu_fifo_peek
                0x10005eb2       0x56 CMakeFiles/claw_dc.dir/Users/sabrinapiazza/.pico-sdk/sdk/2.2.0/lib/tinyusb/src/common/tusb_fifo.c.o
 .text._ff_pull_n
                0x10005f08       0x68 CMakeFiles/claw_dc.dir/Users/sabrinapiazza/.pico-sdk/sdk/2.2.0/lib/tinyusb/src/common/tusb_fifo.c.o
 .text._tu_fifo_peek_n
                0x10005f70       0x6a CMakeFiles/claw_dc.dir/Users/sabrinapiazza/.pico-sdk/sdk/2.2.0/lib/tinyusb/src/common/tusb_fifo.c.o
 .text._tu_fifo_read_n
                0x10005fda       0x4e CMakeFiles/claw_dc.dir/Users/sabrinapiazza/.pico-sdk/sdk/2.2.0/lib/tinyusb/src/common/tusb_fifo.c.o
 .text._ff_push_n
                0x10006028       0x68 CMakeFiles/claw_dc.dir/Users/sabrinapiazza/.pico-sdk/sdk/2.2.0/lib/tinyusb/src/common/tusb_fifo.c.o
 .text._tu_fifo_write_n
                0x10006090       0xf0 CMakeFiles/claw_dc.dir/Users/sabrinapiazza/.pico-sdk/sdk/2.2.0/lib/tinyusb/src/common/tusb_fifo.c.o
 .text.tu_fifo_config
                0x10006180       0x7c CMakeFiles/claw_dc.dir/Users/sabrinapiazza/.pico-sdk/sdk/2.2.0/lib/tinyusb/src/common/tusb_fifo.c.o
                0x10006180                tu_fifo_config
 .text.tu_fifo_count
                0x100061fc       0x2c CMakeFiles/claw_dc.dir/Users/sabrinapiazza/.pico-sdk/sdk/2.2.0/lib/tinyusb/src/common/tusb_fifo.c.o
                0x100061fc                tu_fifo_count
 .text.tu_fifo_empty
                0x10006228        0xe CMakeFiles/claw_dc.dir/Users/sabrinapiazza/.pico-sdk/sdk/2.2.0/lib/tinyusb/src/common/tusb_fifo.c.o
                0x10006228                tu_fifo_empty
 .text.tu_fifo_full
                0x10006236       0x2a CMakeFiles/claw_dc.dir/Users/sabrinapiazza/.pico-sdk/sdk/2.2.0/lib/tinyusb/src/common/tusb_fifo.c.o
                0x10006236                tu_fifo_full
 .text.tu_fifo_remaining
                0x10006260       0x2e CMakeFiles/claw_dc.dir/Users/sabrinapiazza/.pico-sdk/sdk/2.2.0/lib/tinyusb/src/common/tusb_fifo.c.o
                0x10006260                tu_fifo_remaining
 .text.tu_fifo_read
                0x1000628e       0x42 CMakeFiles/claw_dc.dir/Users/sabrinapiazza/.pico-sdk/sdk/2.2.0/lib/tinyusb/src/common/tusb_fifo.c.o
                0x1000628e                tu_fifo_read
 .text.tu_fifo_read_n
                0x100062d0        0xa CMakeFiles/claw_dc.dir/Users/sabrinapiazza/.pico-sdk/sdk/2.2.0/lib/tinyusb/src/common/tusb_fifo.c.o
                0x100062d0                tu_fifo_read_n
 .text.tu_fifo_write
                0x100062da       0x64 CMakeFiles/claw_dc.dir/Users/sabrinapiazza/.pico-sdk/sdk/2.2.0/lib/tinyusb/src/common/tusb_fifo.c.o
                0x100062da                tu_fifo_write
 .text.tu_fifo_write_n
                0x1000633e        0xa CMakeFiles/claw_dc.dir/Users/sabrinapiazza/.pico-sdk/sdk/2.2.0/lib/tinyusb/src/common/tusb_fifo.c.o
                0x1000633e                tu_fifo_write_n
 .text.tu_fifo_clear
                0x10006348       0x3e CMakeFiles/claw_dc.dir/Users/sabrinapiazza/.pico-sdk/sdk/2.2.0/lib/tinyusb/src/common/tusb_fifo.c.o
                0x10006348                tu_fifo_clear
 .text.tu_fifo_set_overwritable
                0x10006386       0x46 CMakeFiles/claw_dc.dir/Users/sabrinapiazza/.pico-sdk/sdk/2.2.0/lib/tinyusb/src/common/tusb_fifo.c.o
                0x10006386                tu_fifo_set_overwritable
 .text.strlen   0x100063cc       0x5c /Users/sabrinapiazza/.pico-sdk/toolchain/14_2_Rel1/bin/../lib/gcc/arm-none-eabi/14.2.1/../../../../arm-none-eabi/lib/thumb/v6-m/nofp/libg.a(libc_a-strlen-stub.o)
                0x100063cc                strlen
 *(.fini)
 .fini          0x10006428        0x4 /Users/sabrinapiazza/.pico-sdk/toolchain/14_2_Rel1/bin/../lib/gcc/arm-none-eabi/14.2.1/thumb/v6-m/nofp/crti.o
                0x10006428                _fini
 *fill*         0x1000642c        0x4 
 .fini.__stub   0x10006430       0xd0 linker stubs
 *crtbegin.o(.ctors)
 *crtbegin?.o(.ctors)
 *(EXCLUDE_FILE(*crtend.o *crtend?.o) .ctors)
 *(SORT_BY_NAME(.ctors.*))
 *(.ctors)
 *crtbegin.o(.dtors)
 *crtbegin?.o(.dtors)
 *(EXCLUDE_FILE(*crtend.o *crtend?.o) .dtors)
 *(SORT_BY_NAME(.dtors.*))
 *(.dtors)
                0x10006500                        . = ALIGN (0x4)
                0x10006500                        PROVIDE (__preinit_array_start = .)
 *(SORT_BY_NAME(.preinit_array.*))
 .preinit_array.00100
                0x10006500        0x4 CMakeFiles/claw_dc.dir/Users/sabrinapiazza/.pico-sdk/sdk/2.2.0/src/rp2_common/pico_runtime_init/runtime_init.c.o
                0x10006500                __pre_init_runtime_init_early_resets
 .preinit_array.00101
                0x10006504        0x4 CMakeFiles/claw_dc.dir/Users/sabrinapiazza/.pico-sdk/sdk/2.2.0/src/rp2_common/pico_runtime_init/runtime_init.c.o
                0x10006504                __pre_init_runtime_init_usb_power_down
 .preinit_array.00275
                0x10006508        0x4 CMakeFiles/claw_dc.dir/Users/sabrinapiazza/.pico-sdk/sdk/2.2.0/src/rp2_common/pico_bit_ops/bit_ops_aeabi.S.o
 .preinit_array.00300
                0x1000650c        0x4 CMakeFiles/claw_dc.dir/Users/sabrinapiazza/.pico-sdk/sdk/2.2.0/src/rp2_common/pico_mem_ops/mem_ops_aeabi.S.o
 .preinit_array.00350
                0x10006510        0x4 CMakeFiles/claw_dc.dir/Users/sabrinapiazza/.pico-sdk/sdk/2.2.0/src/rp2_common/pico_double/double_aeabi_rp2040.S.o
 .preinit_array.00350
                0x10006514        0x4 CMakeFiles/claw_dc.dir/Users/sabrinapiazza/.pico-sdk/sdk/2.2.0/src/rp2_common/pico_float/float_aeabi_rp2040.S.o
 .preinit_array.00500
                0x10006518        0x4 CMakeFiles/claw_dc.dir/Users/sabrinapiazza/.pico-sdk/sdk/2.2.0/src/rp2_common/pico_runtime_init/runtime_init.c.o
                0x10006518                __pre_init_runtime_init_clocks
 .preinit_array.00600
                0x1000651c        0x4 CMakeFiles/claw_dc.dir/Users/sabrinapiazza/.pico-sdk/sdk/2.2.0/src/rp2_common/pico_runtime_init/runtime_init.c.o
                0x1000651c                __pre_init_runtime_init_post_clock_resets
 .preinit_array.00700
                0x10006520        0x4 CMakeFiles/claw_dc.dir/Users/sabrinapiazza/.pico-sdk/sdk/2.2.0/src/rp2_common/pico_runtime_init/runtime_init.c.o
                0x10006520                __pre_init_runtime_init_rp2040_gpio_ie_disable
 .preinit_array.01000
                0x10006524        0x4 CMakeFiles/claw_dc.dir/Users/sabrinapiazza/.pico-sdk/sdk/2.2.0/src/rp2_common/pico_runtime_init/runtime_init.c.o
                0x10006524                __pre_init_runtime_init_spin_locks_reset
 .preinit_array.01100
                0x10006528        0x4 CMakeFiles/claw_dc.dir/Users/sabrinapiazza/.pico-sdk/sdk/2.2.0/src/common/pico_sync/mutex.c.o
                0x10006528                __pre_init_runtime_init_mutex
 .preinit_array.10080
                0x1000652c        0x4 CMakeFiles/claw_dc.dir/Users/sabrinapiazza/.pico-sdk/sdk/2.2.0/src/rp2_common/pico_runtime_init/runtime_init.c.o
                0x1000652c                __pre_init_runtime_init_install_ram_vector_table
 .preinit_array.11000
                0x10006530        0x4 CMakeFiles/claw_dc.dir/Users/sabrinapiazza/.pico-sdk/sdk/2.2.0/src/common/pico_time/time.c.o
                0x10006530                __pre_init_runtime_init_default_alarm_pool
 .preinit_array.YYYYY
                0x10006534        0x4 CMakeFiles/claw_dc.dir/Users/sabrinapiazza/.pico-sdk/sdk/2.2.0/src/rp2_common/pico_runtime/runtime.c.o
                0x10006534                __pre_init_first_per_core_initializer
 .preinit_array.ZZZZZ.01200
                0x10006538        0x4 CMakeFiles/claw_dc.dir/Users/sabrinapiazza/.pico-sdk/sdk/2.2.0/src/rp2_common/hardware_irq/irq.c.o
                0x10006538                __pre_init_runtime_init_per_core_irq_priorities
 *(.preinit_array)
                0x1000653c                        PROVIDE (__preinit_array_end = .)
                0x1000653c                        . = ALIGN (0x4)
                0x1000653c                        PROVIDE (__init_array_start = .)
 *(SORT_BY_NAME(.init_array.*))
 .init_array.01000
                0x1000653c        0x4 CMakeFiles/claw_dc.dir/Users/sabrinapiazza/.pico-sdk/sdk/2.2.0/src/rp2_common/pico_unique_id/unique_id.c.o
 *(.init_array)
 .init_array    0x10006540        0x4 /Users/sabrinapiazza/.pico-sdk/toolchain/14_2_Rel1/bin/../lib/gcc/arm-none-eabi/14.2.1/thumb/v6-m/nofp/crtbegin.o
                0x10006544                        PROVIDE (__init_array_end = .)
                0x10006544                        . = ALIGN (0x4)
                [!provide]                        PROVIDE (__fini_array_start = .)
 *(SORT_BY_NAME(.fini_array.*))
 *(.fini_array)
                [!provide]                        PROVIDE (__fini_array_end = .)
 *(.eh_frame*)
 .eh_frame      0x10006544        0x0 /Users/sabrinapiazza/.pico-sdk/toolchain/14_2_Rel1/bin/../lib/gcc/arm-none-eabi/14.2.1/thumb/v6-m/nofp/crtbegin.o
                0x10006544                        . = ALIGN (0x4)

.glue_7         0x10006544        0x0
 .glue_7        0x10006544        0x0 linker stubs

.glue_7t        0x10006544        0x0
 .glue_7t       0x10006544        0x0 linker stubs

.vfp11_veneer   0x10006544        0x0
 .vfp11_veneer  0x10006544        0x0 linker stubs

.v4_bx          0x10006544        0x0
 .v4_bx         0x10006544        0x0 linker stubs

.iplt           0x10006544        0x0
 .iplt          0x10006544        0x0 /Users/sabrinapiazza/.pico-sdk/toolchain/14_2_Rel1/bin/../lib/gcc/arm-none-eabi/14.2.1/thumb/v6-m/nofp/crtbegin.o

.rodata         0x10006548     0x14b8
 *(EXCLUDE_FILE(*libm.a: *libc.a:*lib_a-mem*.o *libgcc.a:) .rodata*)
 .rodata.main.str1.4
                0x10006548      0xcab CMakeFiles/claw_dc.dir/claw_dc.cpp.o
                                 0x2c (size before relaxing)
 .rodata.rp2040_chip_version.str1.4
                0x100071f3       0x85 CMakeFiles/claw_dc.dir/Users/sabrinapiazza/.pico-sdk/sdk/2.2.0/src/rp2040/pico_platform/platform.c.o
 *fill*         0x100071f3        0x1 
 .rodata.__func__.0
                0x100071f4       0x14 CMakeFiles/claw_dc.dir/Users/sabrinapiazza/.pico-sdk/sdk/2.2.0/src/rp2040/pico_platform/platform.c.o
 .rodata.panic.str1.4
                0x10007208       0x12 CMakeFiles/claw_dc.dir/Users/sabrinapiazza/.pico-sdk/sdk/2.2.0/src/rp2_common/pico_platform_panic/panic.c.o
 .rodata.spin_lock_claim_unused.str1.4
                0x10007208       0x1b CMakeFiles/claw_dc.dir/Users/sabrinapiazza/.pico-sdk/sdk/2.2.0/src/rp2_common/hardware_sync/sync.c.o
 .rodata.resolve_j_16.str1.4
                0x10007208       0x63 CMakeFiles/claw_dc.dir/Users/sabrinapiazza/.pico-sdk/sdk/2.2.0/src/rp2_common/hardware_irq/irq.c.o
 .rodata.make_j_16.str1.4
                0x10007208       0x30 CMakeFiles/claw_dc.dir/Users/sabrinapiazza/.pico-sdk/sdk/2.2.0/src/rp2_common/hardware_irq/irq.c.o
 .rodata.irq_set_exclusive_handler.str1.4
                0x10007208       0x36 CMakeFiles/claw_dc.dir/Users/sabrinapiazza/.pico-sdk/sdk/2.2.0/src/rp2_common/hardware_irq/irq.c.o
 .rodata.irq_add_shared_handler.str1.4
                0x10007208       0xd2 CMakeFiles/claw_dc.dir/Users/sabrinapiazza/.pico-sdk/sdk/2.2.0/src/rp2_common/hardware_irq/irq.c.o
 .rodata.irq_add_tail_to_free_list.str1.4
                0x10007208       0x3a CMakeFiles/claw_dc.dir/Users/sabrinapiazza/.pico-sdk/sdk/2.2.0/src/rp2_common/hardware_irq/irq.c.o
 .rodata.user_irq_claim_unused.str1.4
                0x10007208       0x1b CMakeFiles/claw_dc.dir/Users/sabrinapiazza/.pico-sdk/sdk/2.2.0/src/rp2_common/hardware_irq/irq.c.o
 .rodata.__func__.0
                0x10007208       0x1a CMakeFiles/claw_dc.dir/Users/sabrinapiazza/.pico-sdk/sdk/2.2.0/src/rp2_common/hardware_irq/irq.c.o
 *fill*         0x10007222        0x2 
 .rodata.__func__.3
                0x10007224        0xa CMakeFiles/claw_dc.dir/Users/sabrinapiazza/.pico-sdk/sdk/2.2.0/src/rp2_common/hardware_irq/irq.c.o
 *fill*         0x1000722e        0x2 
 .rodata.__func__.4
                0x10007230        0xd CMakeFiles/claw_dc.dir/Users/sabrinapiazza/.pico-sdk/sdk/2.2.0/src/rp2_common/hardware_irq/irq.c.o
 *fill*         0x1000723d        0x3 
 .rodata.__func__.5
                0x10007240       0x17 CMakeFiles/claw_dc.dir/Users/sabrinapiazza/.pico-sdk/sdk/2.2.0/src/rp2_common/hardware_irq/irq.c.o
 *fill*         0x10007257        0x1 
 .rodata.__func__.6
                0x10007258       0x1a CMakeFiles/claw_dc.dir/Users/sabrinapiazza/.pico-sdk/sdk/2.2.0/src/rp2_common/hardware_irq/irq.c.o
 .rodata.runtime_init_mutex.str1.4
                0x10007272       0x66 CMakeFiles/claw_dc.dir/Users/sabrinapiazza/.pico-sdk/sdk/2.2.0/src/common/pico_sync/mutex.c.o
 .rodata.str1.4
                0x10007272       0x51 CMakeFiles/claw_dc.dir/Users/sabrinapiazza/.pico-sdk/sdk/2.2.0/src/common/pico_sync/mutex.c.o
 *fill*         0x10007272        0x2 
 .rodata.__func__.1
                0x10007274        0xb CMakeFiles/claw_dc.dir/Users/sabrinapiazza/.pico-sdk/sdk/2.2.0/src/common/pico_sync/mutex.c.o
 *fill*         0x1000727f        0x1 
 .rodata.__func__.3
                0x10007280       0x18 CMakeFiles/claw_dc.dir/Users/sabrinapiazza/.pico-sdk/sdk/2.2.0/src/common/pico_sync/mutex.c.o
 .rodata.__func__.6
                0x10007298       0x13 CMakeFiles/claw_dc.dir/Users/sabrinapiazza/.pico-sdk/sdk/2.2.0/src/common/pico_sync/mutex.c.o
 .rodata.alarm_pool_irq_handler.str1.4
                0x100072ab       0x71 CMakeFiles/claw_dc.dir/Users/sabrinapiazza/.pico-sdk/sdk/2.2.0/src/common/pico_time/time.c.o
 .rodata.alarm_pool_get_default.str1.4
                0x100072ab       0x21 CMakeFiles/claw_dc.dir/Users/sabrinapiazza/.pico-sdk/sdk/2.2.0/src/common/pico_time/time.c.o
 .rodata.sleep_until.str1.4
                0x100072ab       0x4d CMakeFiles/claw_dc.dir/Users/sabrinapiazza/.pico-sdk/sdk/2.2.0/src/common/pico_time/time.c.o
 *fill*         0x100072ab        0x1 
 .rodata.__func__.1
                0x100072ac       0x17 CMakeFiles/claw_dc.dir/Users/sabrinapiazza/.pico-sdk/sdk/2.2.0/src/common/pico_time/time.c.o
 *fill*         0x100072c3        0x1 
 .rodata.__func__.2
                0x100072c4       0x17 CMakeFiles/claw_dc.dir/Users/sabrinapiazza/.pico-sdk/sdk/2.2.0/src/common/pico_time/time.c.o
 .rodata.timer_hardware_alarm_claim.str1.4
                0x100072db       0x22 CMakeFiles/claw_dc.dir/Users/sabrinapiazza/.pico-sdk/sdk/2.2.0/src/rp2_common/hardware_timer/timer.c.o
 .rodata.pll_init.str1.4
                0x100072db      0x120 CMakeFiles/claw_dc.dir/Users/sabrinapiazza/.pico-sdk/sdk/2.2.0/src/rp2_common/hardware_pll/pll.c.o
 *fill*         0x100072db        0x1 
 .rodata.__func__.0
                0x100072dc        0x9 CMakeFiles/claw_dc.dir/Users/sabrinapiazza/.pico-sdk/sdk/2.2.0/src/rp2_common/hardware_pll/pll.c.o
 .rodata.missing_double_func_shim.str1.4
                0x100072e5       0x18 CMakeFiles/claw_dc.dir/Users/sabrinapiazza/.pico-sdk/sdk/2.2.0/src/rp2_common/pico_double/double_init_rom_rp2040.c.o
 .rodata.__aeabi_double_init.str1.4
                0x100072e5       0xa1 CMakeFiles/claw_dc.dir/Users/sabrinapiazza/.pico-sdk/sdk/2.2.0/src/rp2_common/pico_double/double_init_rom_rp2040.c.o
 *fill*         0x100072e5        0x3 
 .rodata.__func__.0
                0x100072e8       0x14 CMakeFiles/claw_dc.dir/Users/sabrinapiazza/.pico-sdk/sdk/2.2.0/src/rp2_common/pico_double/double_init_rom_rp2040.c.o
 .rodata.missing_float_func_shim.str1.4
                0x100072fc        0x1 CMakeFiles/claw_dc.dir/Users/sabrinapiazza/.pico-sdk/sdk/2.2.0/src/rp2_common/pico_float/float_init_rom_rp2040.c.o
 .rodata.__aeabi_float_init.str1.4
                0x100072fc       0x8f CMakeFiles/claw_dc.dir/Users/sabrinapiazza/.pico-sdk/sdk/2.2.0/src/rp2_common/pico_float/float_init_rom_rp2040.c.o
 .rodata.__func__.0
                0x100072fc       0x13 CMakeFiles/claw_dc.dir/Users/sabrinapiazza/.pico-sdk/sdk/2.2.0/src/rp2_common/pico_float/float_init_rom_rp2040.c.o
 .rodata.str1.4
                0x1000730f       0x3c CMakeFiles/claw_dc.dir/Users/sabrinapiazza/.pico-sdk/sdk/2.2.0/src/rp2_common/pico_standard_binary_info/standard_binary_info.c.o
 *fill*         0x1000730f        0x1 
 .rodata.__bi_84
                0x10007310        0xc CMakeFiles/claw_dc.dir/Users/sabrinapiazza/.pico-sdk/sdk/2.2.0/src/rp2_common/pico_standard_binary_info/standard_binary_info.c.o
 .rodata.__bi_78
                0x1000731c        0xc CMakeFiles/claw_dc.dir/Users/sabrinapiazza/.pico-sdk/sdk/2.2.0/src/rp2_common/pico_standard_binary_info/standard_binary_info.c.o
 .rodata.__bi_54
                0x10007328        0xc CMakeFiles/claw_dc.dir/Users/sabrinapiazza/.pico-sdk/sdk/2.2.0/src/rp2_common/pico_standard_binary_info/standard_binary_info.c.o
 .rodata.__bi_48
                0x10007334        0xc CMakeFiles/claw_dc.dir/Users/sabrinapiazza/.pico-sdk/sdk/2.2.0/src/rp2_common/pico_standard_binary_info/standard_binary_info.c.o
 .rodata.__bi_42
                0x10007340        0xc CMakeFiles/claw_dc.dir/Users/sabrinapiazza/.pico-sdk/sdk/2.2.0/src/rp2_common/pico_standard_binary_info/standard_binary_info.c.o
 .rodata.__bi_34
                0x1000734c        0xc CMakeFiles/claw_dc.dir/Users/sabrinapiazza/.pico-sdk/sdk/2.2.0/src/rp2_common/pico_standard_binary_info/standard_binary_info.c.o
 .rodata.__bi_26
                0x10007358        0xc CMakeFiles/claw_dc.dir/Users/sabrinapiazza/.pico-sdk/sdk/2.2.0/src/rp2_common/pico_standard_binary_info/standard_binary_info.c.o
 .rodata._ftoa.str1.4
                0x10007364       0x15 CMakeFiles/claw_dc.dir/Users/sabrinapiazza/.pico-sdk/sdk/2.2.0/src/rp2_common/pico_printf/printf.c.o
 .rodata._vsnprintf
                0x10007364      0x19c CMakeFiles/claw_dc.dir/Users/sabrinapiazza/.pico-sdk/sdk/2.2.0/src/rp2_common/pico_printf/printf.c.o
 .rodata.pow10.0
                0x10007500       0x50 CMakeFiles/claw_dc.dir/Users/sabrinapiazza/.pico-sdk/sdk/2.2.0/src/rp2_common/pico_printf/printf.c.o
 .rodata.__assert_func.str1.4
                0x10007550       0x43 CMakeFiles/claw_dc.dir/Users/sabrinapiazza/.pico-sdk/sdk/2.2.0/src/rp2_common/pico_clib_interface/newlib_interface.c.o
 .rodata.crlf_str.0
                0x10007550        0x2 CMakeFiles/claw_dc.dir/Users/sabrinapiazza/.pico-sdk/sdk/2.2.0/src/rp2_common/pico_stdio/stdio.c.o
 *fill*         0x10007552        0x2 
 .rodata._resetd_driver
                0x10007554       0x20 CMakeFiles/claw_dc.dir/Users/sabrinapiazza/.pico-sdk/sdk/2.2.0/src/rp2_common/pico_stdio_usb/reset_interface.c.o
 .rodata.desc_ms_os_20
                0x10007574       0xa6 CMakeFiles/claw_dc.dir/Users/sabrinapiazza/.pico-sdk/sdk/2.2.0/src/rp2_common/pico_stdio_usb/reset_interface.c.o
 *fill*         0x1000761a        0x2 
 .rodata.desc_bos
                0x1000761c       0x21 CMakeFiles/claw_dc.dir/Users/sabrinapiazza/.pico-sdk/sdk/2.2.0/src/rp2_common/pico_stdio_usb/reset_interface.c.o
                0x1000761c                desc_bos
 .rodata.stdio_usb_init.str1.4
                0x1000763d       0x5b CMakeFiles/claw_dc.dir/Users/sabrinapiazza/.pico-sdk/sdk/2.2.0/src/rp2_common/pico_stdio_usb/stdio_usb.c.o
 .rodata.str1.4
                0x1000763d       0x13 CMakeFiles/claw_dc.dir/Users/sabrinapiazza/.pico-sdk/sdk/2.2.0/src/rp2_common/pico_stdio_usb/stdio_usb.c.o
 *fill*         0x1000763d        0x3 
 .rodata.__bi_202.1
                0x10007640        0xc CMakeFiles/claw_dc.dir/Users/sabrinapiazza/.pico-sdk/sdk/2.2.0/src/rp2_common/pico_stdio_usb/stdio_usb.c.o
 .rodata.__func__.2
                0x1000764c        0xf CMakeFiles/claw_dc.dir/Users/sabrinapiazza/.pico-sdk/sdk/2.2.0/src/rp2_common/pico_stdio_usb/stdio_usb.c.o
 .rodata.str1.4
                0x1000765b       0x2a CMakeFiles/claw_dc.dir/Users/sabrinapiazza/.pico-sdk/sdk/2.2.0/src/rp2_common/pico_stdio_usb/stdio_usb_descriptors.c.o
 *fill*         0x1000765b        0x1 
 .rodata.usbd_desc_str
                0x1000765c       0x18 CMakeFiles/claw_dc.dir/Users/sabrinapiazza/.pico-sdk/sdk/2.2.0/src/rp2_common/pico_stdio_usb/stdio_usb_descriptors.c.o
 .rodata.usbd_desc_cfg
                0x10007674       0x54 CMakeFiles/claw_dc.dir/Users/sabrinapiazza/.pico-sdk/sdk/2.2.0/src/rp2_common/pico_stdio_usb/stdio_usb_descriptors.c.o
 .rodata.usbd_desc_device
                0x100076c8       0x12 CMakeFiles/claw_dc.dir/Users/sabrinapiazza/.pico-sdk/sdk/2.2.0/src/rp2_common/pico_stdio_usb/stdio_usb_descriptors.c.o
 .rodata.pico_get_unique_board_id_string.str1.4
                0x100076da       0x5b CMakeFiles/claw_dc.dir/Users/sabrinapiazza/.pico-sdk/sdk/2.2.0/src/rp2_common/pico_unique_id/unique_id.c.o
 *fill*         0x100076da        0x2 
 .rodata.__func__.0
                0x100076dc       0x20 CMakeFiles/claw_dc.dir/Users/sabrinapiazza/.pico-sdk/sdk/2.2.0/src/rp2_common/pico_unique_id/unique_id.c.o
 .rodata.str1.4
                0x100076fc      0x209 CMakeFiles/claw_dc.dir/Users/sabrinapiazza/.pico-sdk/sdk/2.2.0/src/rp2_common/hardware_flash/flash.c.o
 .rodata.__func__.0
                0x100076fc        0xd CMakeFiles/claw_dc.dir/Users/sabrinapiazza/.pico-sdk/sdk/2.2.0/src/rp2_common/hardware_flash/flash.c.o
 .rodata.hw_endpoint_alloc.str1.4
                0x10007709       0xa6 CMakeFiles/claw_dc.dir/Users/sabrinapiazza/.pico-sdk/sdk/2.2.0/lib/tinyusb/src/portable/raspberrypi/rp2040/dcd_rp2040.c.o
 .rodata.str1.4
                0x10007709       0x14 CMakeFiles/claw_dc.dir/Users/sabrinapiazza/.pico-sdk/sdk/2.2.0/lib/tinyusb/src/portable/raspberrypi/rp2040/dcd_rp2040.c.o
 .rodata.dcd_int_enable.str1.4
                0x10007709        0xc CMakeFiles/claw_dc.dir/Users/sabrinapiazza/.pico-sdk/sdk/2.2.0/lib/tinyusb/src/portable/raspberrypi/rp2040/dcd_rp2040.c.o
 *fill*         0x10007709        0x3 
 .rodata.__func__.0
                0x1000770c        0xe CMakeFiles/claw_dc.dir/Users/sabrinapiazza/.pico-sdk/sdk/2.2.0/lib/tinyusb/src/portable/raspberrypi/rp2040/dcd_rp2040.c.o
 *fill*         0x1000771a        0x2 
 .rodata.__func__.3
                0x1000771c       0x10 CMakeFiles/claw_dc.dir/Users/sabrinapiazza/.pico-sdk/sdk/2.2.0/lib/tinyusb/src/portable/raspberrypi/rp2040/dcd_rp2040.c.o
 .rodata.__func__.5
                0x1000772c        0xf CMakeFiles/claw_dc.dir/Users/sabrinapiazza/.pico-sdk/sdk/2.2.0/lib/tinyusb/src/portable/raspberrypi/rp2040/dcd_rp2040.c.o
 *fill*         0x1000773b        0x1 
 .rodata.__func__.6
                0x1000773c       0x12 CMakeFiles/claw_dc.dir/Users/sabrinapiazza/.pico-sdk/sdk/2.2.0/lib/tinyusb/src/portable/raspberrypi/rp2040/dcd_rp2040.c.o
 *fill*         0x1000774e        0x2 
 .rodata.__func__.7
                0x10007750        0x9 CMakeFiles/claw_dc.dir/Users/sabrinapiazza/.pico-sdk/sdk/2.2.0/lib/tinyusb/src/portable/raspberrypi/rp2040/dcd_rp2040.c.o
 .rodata.str1.4
                0x10007759       0xec CMakeFiles/claw_dc.dir/Users/sabrinapiazza/.pico-sdk/sdk/2.2.0/lib/tinyusb/src/portable/raspberrypi/rp2040/rp2040_usb.c.o
 .rodata.hw_endpoint_xfer_start.str1.4
                0x10007759       0x38 CMakeFiles/claw_dc.dir/Users/sabrinapiazza/.pico-sdk/sdk/2.2.0/lib/tinyusb/src/portable/raspberrypi/rp2040/rp2040_usb.c.o
 *fill*         0x10007759        0x3 
 .rodata.__func__.0
                0x1000775c        0xf CMakeFiles/claw_dc.dir/Users/sabrinapiazza/.pico-sdk/sdk/2.2.0/lib/tinyusb/src/portable/raspberrypi/rp2040/rp2040_usb.c.o
 .rodata.configuration_reset.str1.4
                0x1000776b       0x17 CMakeFiles/claw_dc.dir/Users/sabrinapiazza/.pico-sdk/sdk/2.2.0/lib/tinyusb/src/device/usbd.c.o
 *fill*         0x1000776b        0x1 
 .rodata.process_get_descriptor
                0x1000776c       0x40 CMakeFiles/claw_dc.dir/Users/sabrinapiazza/.pico-sdk/sdk/2.2.0/lib/tinyusb/src/device/usbd.c.o
 .rodata        0x100077ac       0x1c CMakeFiles/claw_dc.dir/Users/sabrinapiazza/.pico-sdk/sdk/2.2.0/lib/tinyusb/src/device/usbd.c.o
 .rodata.process_control_request
                0x100077c8       0x28 CMakeFiles/claw_dc.dir/Users/sabrinapiazza/.pico-sdk/sdk/2.2.0/lib/tinyusb/src/device/usbd.c.o
 .rodata.tud_task_ext
                0x100077f0       0x24 CMakeFiles/claw_dc.dir/Users/sabrinapiazza/.pico-sdk/sdk/2.2.0/lib/tinyusb/src/device/usbd.c.o
 .rodata.__func__.3
                0x10007814        0xf CMakeFiles/claw_dc.dir/Users/sabrinapiazza/.pico-sdk/sdk/2.2.0/lib/tinyusb/src/device/usbd.c.o
 *fill*         0x10007823        0x1 
 .rodata.__func__.4
                0x10007824        0xf CMakeFiles/claw_dc.dir/Users/sabrinapiazza/.pico-sdk/sdk/2.2.0/lib/tinyusb/src/device/usbd.c.o
 *fill*         0x10007833        0x1 
 .rodata.__func__.5
                0x10007834       0x14 CMakeFiles/claw_dc.dir/Users/sabrinapiazza/.pico-sdk/sdk/2.2.0/lib/tinyusb/src/device/usbd.c.o
 .rodata.__func__.6
                0x10007848        0xc CMakeFiles/claw_dc.dir/Users/sabrinapiazza/.pico-sdk/sdk/2.2.0/lib/tinyusb/src/device/usbd.c.o
 .rodata.__func__.7
                0x10007854       0x17 CMakeFiles/claw_dc.dir/Users/sabrinapiazza/.pico-sdk/sdk/2.2.0/lib/tinyusb/src/device/usbd.c.o
 *fill*         0x1000786b        0x1 
 .rodata.__func__.8
                0x1000786c       0x13 CMakeFiles/claw_dc.dir/Users/sabrinapiazza/.pico-sdk/sdk/2.2.0/lib/tinyusb/src/device/usbd.c.o
 *fill*         0x1000787f        0x1 
 .rodata.__func__.9
                0x10007880       0x18 CMakeFiles/claw_dc.dir/Users/sabrinapiazza/.pico-sdk/sdk/2.2.0/lib/tinyusb/src/device/usbd.c.o
 .rodata.__func__.10
                0x10007898       0x14 CMakeFiles/claw_dc.dir/Users/sabrinapiazza/.pico-sdk/sdk/2.2.0/lib/tinyusb/src/device/usbd.c.o
 .rodata.__func__.11
                0x100078ac        0xd CMakeFiles/claw_dc.dir/Users/sabrinapiazza/.pico-sdk/sdk/2.2.0/lib/tinyusb/src/device/usbd.c.o
 *fill*         0x100078b9        0x3 
 .rodata.__func__.12
                0x100078bc       0x10 CMakeFiles/claw_dc.dir/Users/sabrinapiazza/.pico-sdk/sdk/2.2.0/lib/tinyusb/src/device/usbd.c.o
 .rodata._usbd_driver
                0x100078cc       0x40 CMakeFiles/claw_dc.dir/Users/sabrinapiazza/.pico-sdk/sdk/2.2.0/lib/tinyusb/src/device/usbd.c.o
 .rodata.tud_control_xfer.str1.4
                0x1000790c       0x17 CMakeFiles/claw_dc.dir/Users/sabrinapiazza/.pico-sdk/sdk/2.2.0/lib/tinyusb/src/device/usbd_control.c.o
 .rodata.__func__.0
                0x1000790c       0x15 CMakeFiles/claw_dc.dir/Users/sabrinapiazza/.pico-sdk/sdk/2.2.0/lib/tinyusb/src/device/usbd_control.c.o
 *fill*         0x10007921        0x3 
 .rodata.__func__.1
                0x10007924       0x11 CMakeFiles/claw_dc.dir/Users/sabrinapiazza/.pico-sdk/sdk/2.2.0/lib/tinyusb/src/device/usbd_control.c.o
 .rodata.tud_cdc_n_write_flush.str1.4
                0x10007935       0x17 CMakeFiles/claw_dc.dir/Users/sabrinapiazza/.pico-sdk/sdk/2.2.0/lib/tinyusb/src/class/cdc/cdc_device.c.o
 *fill*         0x10007935        0x3 
 .rodata.__func__.0
                0x10007938        0xd CMakeFiles/claw_dc.dir/Users/sabrinapiazza/.pico-sdk/sdk/2.2.0/lib/tinyusb/src/class/cdc/cdc_device.c.o
 *fill*         0x10007945        0x3 
 .rodata.__func__.1
                0x10007948        0xa CMakeFiles/claw_dc.dir/Users/sabrinapiazza/.pico-sdk/sdk/2.2.0/lib/tinyusb/src/class/cdc/cdc_device.c.o
 *fill*         0x10007952        0x2 
 .rodata.__func__.3
                0x10007954       0x16 CMakeFiles/claw_dc.dir/Users/sabrinapiazza/.pico-sdk/sdk/2.2.0/lib/tinyusb/src/class/cdc/cdc_device.c.o
 .rodata.vendord_open.str1.4
                0x1000796a       0x17 CMakeFiles/claw_dc.dir/Users/sabrinapiazza/.pico-sdk/sdk/2.2.0/lib/tinyusb/src/class/vendor/vendor_device.c.o
 *fill*         0x1000796a        0x2 
 .rodata.__func__.0
                0x1000796c        0xd CMakeFiles/claw_dc.dir/Users/sabrinapiazza/.pico-sdk/sdk/2.2.0/lib/tinyusb/src/class/vendor/vendor_device.c.o
 .rodata.tusb_rhport_init.str1.4
                0x10007979       0x17 CMakeFiles/claw_dc.dir/Users/sabrinapiazza/.pico-sdk/sdk/2.2.0/lib/tinyusb/src/tusb.c.o
 *fill*         0x10007979        0x3 
 .rodata.__func__.0
                0x1000797c       0x19 CMakeFiles/claw_dc.dir/Users/sabrinapiazza/.pico-sdk/sdk/2.2.0/lib/tinyusb/src/tusb.c.o
 *fill*         0x10007995        0x3 
 .rodata.__func__.2
                0x10007998       0x1a CMakeFiles/claw_dc.dir/Users/sabrinapiazza/.pico-sdk/sdk/2.2.0/lib/tinyusb/src/tusb.c.o
 *fill*         0x100079b2        0x2 
 .rodata.__func__.3
                0x100079b4       0x23 CMakeFiles/claw_dc.dir/Users/sabrinapiazza/.pico-sdk/sdk/2.2.0/lib/tinyusb/src/tusb.c.o
 *fill*         0x100079d7        0x1 
 .rodata.__func__.4
                0x100079d8       0x11 CMakeFiles/claw_dc.dir/Users/sabrinapiazza/.pico-sdk/sdk/2.2.0/lib/tinyusb/src/tusb.c.o
 *fill*         0x100079e9        0x3 
 .rodata.__func__.5
                0x100079ec       0x11 CMakeFiles/claw_dc.dir/Users/sabrinapiazza/.pico-sdk/sdk/2.2.0/lib/tinyusb/src/tusb.c.o
                0x10007a00                        . = ALIGN (0x4)
 *fill*         0x100079fd        0x3 
 *(SORT_BY_ALIGNMENT(SORT_BY_NAME(.flashdata*)))
                0x10007a00                        . = ALIGN (0x4)

.ARM.extab
 *(.ARM.extab* .gnu.linkonce.armextab.*)
                0x10007a00                        __exidx_start = .

.ARM.exidx
 *(.ARM.exidx* .gnu.linkonce.armexidx.*)
                0x10007a00                        __exidx_end = .
                0x10007a00                        . = ALIGN (0x4)
                0x10007a00                        __binary_info_start = .

.binary_info    0x10007a00       0x20
 *(.binary_info.keep.*)
 .binary_info.keep.__bi_ptr84
                0x10007a00        0x4 CMakeFiles/claw_dc.dir/Users/sabrinapiazza/.pico-sdk/sdk/2.2.0/src/rp2_common/pico_standard_binary_info/standard_binary_info.c.o
 .binary_info.keep.__bi_ptr78
                0x10007a04        0x4 CMakeFiles/claw_dc.dir/Users/sabrinapiazza/.pico-sdk/sdk/2.2.0/src/rp2_common/pico_standard_binary_info/standard_binary_info.c.o
 .binary_info.keep.__bi_ptr54
                0x10007a08        0x4 CMakeFiles/claw_dc.dir/Users/sabrinapiazza/.pico-sdk/sdk/2.2.0/src/rp2_common/pico_standard_binary_info/standard_binary_info.c.o
 .binary_info.keep.__bi_ptr48
                0x10007a0c        0x4 CMakeFiles/claw_dc.dir/Users/sabrinapiazza/.pico-sdk/sdk/2.2.0/src/rp2_common/pico_standard_binary_info/standard_binary_info.c.o
 .binary_info.keep.__bi_ptr42
                0x10007a10        0x4 CMakeFiles/claw_dc.dir/Users/sabrinapiazza/.pico-sdk/sdk/2.2.0/src/rp2_common/pico_standard_binary_info/standard_binary_info.c.o
 .binary_info.keep.__bi_ptr34
                0x10007a14        0x4 CMakeFiles/claw_dc.dir/Users/sabrinapiazza/.pico-sdk/sdk/2.2.0/src/rp2_common/pico_standard_binary_info/standard_binary_info.c.o
 .binary_info.keep.__bi_ptr26
                0x10007a18        0x4 CMakeFiles/claw_dc.dir/Users/sabrinapiazza/.pico-sdk/sdk/2.2.0/src/rp2_common/pico_standard_binary_info/standard_binary_info.c.o
 *(.binary_info.*)
 .binary_info.__bi_ptr202
                0x10007a1c        0x4 CMakeFiles/claw_dc.dir/Users/sabrinapiazza/.pico-sdk/sdk/2.2.0/src/rp2_common/pico_stdio_usb/stdio_usb.c.o
                0x10007a20                        __binary_info_end = .
                0x10007a20                        . = ALIGN (0x4)

.ram_vector_table
                0x20000000       0xc0
 *(.ram_vector_table)
 .ram_vector_table
                0x20000000       0xc0 CMakeFiles/claw_dc.dir/Users/sabrinapiazza/.pico-sdk/sdk/2.2.0/src/rp2_common/pico_runtime_init/runtime_init.c.o
                0x20000000                ram_vector_table

.uninitialized_data
                0x200000c0        0x0
                0x200000c0                        . = ALIGN (0x4)
 *(.uninitialized_data*)

.data           0x200000c0      0xc00 load address 0x10007a20
                0x200000c0                        __data_start__ = .
 *(vtable)
 *(.time_critical*)
 .time_critical.mutex_try_enter
                0x200000c0       0x48 CMakeFiles/claw_dc.dir/Users/sabrinapiazza/.pico-sdk/sdk/2.2.0/src/common/pico_sync/mutex.c.o
                0x200000c0                mutex_try_enter
 .time_critical.mutex_enter_block_until
                0x20000108       0x90 CMakeFiles/claw_dc.dir/Users/sabrinapiazza/.pico-sdk/sdk/2.2.0/src/common/pico_sync/mutex.c.o
                0x20000108                mutex_enter_block_until
 .time_critical.mutex_try_enter_block_until
                0x20000198       0x34 CMakeFiles/claw_dc.dir/Users/sabrinapiazza/.pico-sdk/sdk/2.2.0/src/common/pico_sync/mutex.c.o
                0x20000198                mutex_try_enter_block_until
 .time_critical.mutex_enter_timeout_ms
                0x200001cc       0x3c CMakeFiles/claw_dc.dir/Users/sabrinapiazza/.pico-sdk/sdk/2.2.0/src/common/pico_sync/mutex.c.o
                0x200001cc                mutex_enter_timeout_ms
 .time_critical.mutex_exit
                0x20000208       0x4c CMakeFiles/claw_dc.dir/Users/sabrinapiazza/.pico-sdk/sdk/2.2.0/src/common/pico_sync/mutex.c.o
                0x20000208                mutex_exit
 .time_critical.flash_init_boot2_copyout
                0x20000254       0x30 CMakeFiles/claw_dc.dir/Users/sabrinapiazza/.pico-sdk/sdk/2.2.0/src/rp2_common/hardware_flash/flash.c.o
 .time_critical.flash_enable_xip_via_boot2
                0x20000284        0xc CMakeFiles/claw_dc.dir/Users/sabrinapiazza/.pico-sdk/sdk/2.2.0/src/rp2_common/hardware_flash/flash.c.o
 .time_critical.flash_save_hardware_state
                0x20000290       0x1c CMakeFiles/claw_dc.dir/Users/sabrinapiazza/.pico-sdk/sdk/2.2.0/src/rp2_common/hardware_flash/flash.c.o
 .time_critical.flash_restore_hardware_state
                0x200002ac       0x20 CMakeFiles/claw_dc.dir/Users/sabrinapiazza/.pico-sdk/sdk/2.2.0/src/rp2_common/hardware_flash/flash.c.o
 .time_critical.flash_cs_force
                0x200002cc       0x28 CMakeFiles/claw_dc.dir/Users/sabrinapiazza/.pico-sdk/sdk/2.2.0/src/rp2_common/hardware_flash/flash.c.o
 .time_critical.flash_do_cmd
                0x200002f4       0xec CMakeFiles/claw_dc.dir/Users/sabrinapiazza/.pico-sdk/sdk/2.2.0/src/rp2_common/hardware_flash/flash.c.o
                0x200002f4                flash_do_cmd
 .time_critical.reset_non_control_endpoints
                0x200003e0       0x40 CMakeFiles/claw_dc.dir/Users/sabrinapiazza/.pico-sdk/sdk/2.2.0/lib/tinyusb/src/portable/raspberrypi/rp2040/dcd_rp2040.c.o
 .time_critical.hw_handle_buff_status
                0x20000420       0x9c CMakeFiles/claw_dc.dir/Users/sabrinapiazza/.pico-sdk/sdk/2.2.0/lib/tinyusb/src/portable/raspberrypi/rp2040/dcd_rp2040.c.o
 .time_critical.dcd_rp2040_irq
                0x200004bc      0x204 CMakeFiles/claw_dc.dir/Users/sabrinapiazza/.pico-sdk/sdk/2.2.0/lib/tinyusb/src/portable/raspberrypi/rp2040/dcd_rp2040.c.o
 .time_critical.prepare_ep_buffer
                0x200006c0       0x6c CMakeFiles/claw_dc.dir/Users/sabrinapiazza/.pico-sdk/sdk/2.2.0/lib/tinyusb/src/portable/raspberrypi/rp2040/rp2040_usb.c.o
 .time_critical.e15_is_bulkin_ep
                0x2000072c       0x2c CMakeFiles/claw_dc.dir/Users/sabrinapiazza/.pico-sdk/sdk/2.2.0/lib/tinyusb/src/portable/raspberrypi/rp2040/rp2040_usb.c.o
 .time_critical.e15_is_critical_frame_period
                0x20000758       0x30 CMakeFiles/claw_dc.dir/Users/sabrinapiazza/.pico-sdk/sdk/2.2.0/lib/tinyusb/src/portable/raspberrypi/rp2040/rp2040_usb.c.o
 .time_critical.sync_ep_buffer
                0x20000788       0x78 CMakeFiles/claw_dc.dir/Users/sabrinapiazza/.pico-sdk/sdk/2.2.0/lib/tinyusb/src/portable/raspberrypi/rp2040/rp2040_usb.c.o