Archive member included to satisfy reference by file (symbol)

/Users/sabrinapiazza/.pico-sdk/toolchain/14_2_Rel1/bin/../lib/gcc/arm-none-eabi/14.2.1/thumb/v6-m/nofp/libgcc.a(_dvmd_tls.o)
                              CMakeFiles/drill.dir/Users/sabrinapiazza/.pico-sdk/sdk/2.2.0/src/rp2_common/pico_divider/divider_hardware.S.o (__aeabi_idiv0)
/Users/sabrinapiazza/.pico-sdk/toolchain/14_2_Rel1/bin/../lib/gcc/arm-none-eabi/14.2.1/../../../../arm-none-eabi/lib/thumb/v6-m/nofp/libg.a(libc_a-calloc.o)
                              CMakeFiles/drill.dir/Users/sabrinapiazza/.pico-sdk/sdk/2.2.0/src/rp2_common/pico_malloc/malloc.c.o (calloc)
/Users/sabrinapiazza/.pico-sdk/toolchain/14_2_Rel1/bin/../lib/gcc/arm-none-eabi/14.2.1/../../../../arm-none-eabi/lib/thumb/v6-m/nofp/libg.a(libc_a-callocr.o)
                              /Users/sabrinapiazza/.pico-sdk/toolchain/14_2_Rel1/bin/../lib/gcc/arm-none-eabi/14.2.1/../../../../arm-none-eabi/lib/thumb/v6-m/nofp/libg.a(libc_a-calloc.o) (_calloc_r)
/Users/sabrinapiazza/.pico-sdk/toolchain/14_2_Rel1/bin/../lib/gcc/arm-none-eabi/14.2.1/../../../../arm-none-eabi/lib/thumb/v6-m/nofp/libg.a(libc_a-malloc.o)
                              CMakeFiles/drill.dir/Users/sabrinapiazza/.pico-sdk/sdk/2.2.0/src/rp2_common/pico_malloc/malloc.c.o (malloc)
/Users/sabrinapiazza/.pico-sdk/toolchain/14_2_Rel1/bin/../lib/gcc/arm-none-eabi/14.2.1/../../../../arm-none-eabi/lib/thumb/v6-m/nofp/libg.a(libc_a-mallocr.o)
                              /Users/sabrinapiazza/.pico-sdk/toolchain/14_2_Rel1/bin/../lib/gcc/arm-none-eabi/14.2.1/../../../../arm-none-eabi/lib/thumb/v6-m/nofp/libg.a(libc_a-callocr.o) (_malloc_r)
/Users/sabrinapiazza/.pico-sdk/toolchain/14_2_Rel1/bin/../lib/gcc/arm-none-eabi/14.2.1/../../../../arm-none-eabi/lib/thumb/v6-m/nofp/libg.a(libc_a-mlock.o)
                              /Users/sabrinapiazza/.pico-sdk/toolchain/14_2_Rel1/bin/../lib/gcc/arm-none-eabi/14.2.1/../../../../arm-none-eabi/lib/thumb/v6-m/nofp/libg.a(libc_a-mallocr.o) (__malloc_lock)
/Users/sabrinapiazza/.pico-sdk/toolchain/14_2_Rel1/bin/../lib/gcc/arm-none-eabi/14.2.1/../../../../arm-none-eabi/lib/thumb/v6-m/nofp/libg.a(libc_a-realloc.o)
                              CMakeFiles/drill.dir/Users/sabrinapiazza/.pico-sdk/sdk/2.2.0/src/rp2_common/pico_malloc/malloc.c.o (realloc)
/Users/sabrinapiazza/.pico-sdk/toolchain/14_2_Rel1/bin/../lib/gcc/arm-none-eabi/14.2.1/../../../../arm-none-eabi/lib/thumb/v6-m/nofp/libg.a(libc_a-reallocr.o)
                              /Users/sabrinapiazza/.pico-sdk/toolchain/14_2_Rel1/bin/../lib/gcc/arm-none-eabi/14.2.1/../../../../arm-none-eabi/lib/thumb/v6-m/nofp/libg.a(libc_a-realloc.o) (_realloc_r)
/Users/sabrinapiazza/.pico-sdk/toolchain/14_2_Rel1/bin/../lib/gcc/arm-none-eabi/14.2.1/../../../../arm-none-eabi/lib/thumb/v6-m/nofp/libg.a(libc_a-memcmp.o)
                              CMakeFiles/drill.dir/Users/sabrinapiazza/.pico-sdk/sdk/2.2.0/src/rp2_common/pico_atomic/atomic.c.o (memcmp)
/Users/sabrinapiazza/.pico-sdk/toolchain/14_2_Rel1/bin/../lib/gcc/arm-none-eabi/14.2.1/../../../../arm-none-eabi/lib/thumb/v6-m/nofp/libg.a(libc_a-memmove.o)
                              /Users/sabrinapiazza/.pico-sdk/toolchain/14_2_Rel1/bin/../lib/gcc/arm-none-eabi/14.2.1/../../../../arm-none-eabi/lib/thumb/v6-m/nofp/libg.a(libc_a-reallocr.o) (memmove)
/Users/sabrinapiazza/.pico-sdk/toolchain/14_2_Rel1/bin/../lib/gcc/arm-none-eabi/14.2.1/../../../../arm-none-eabi/lib/thumb/v6-m/nofp/libg.a(libc_a-lcltime_r.o)
                              CMakeFiles/drill.dir/Users/sabrinapiazza/.pico-sdk/sdk/2.2.0/src/common/pico_util/datetime.c.o (localtime_r)
/Users/sabrinapiazza/.pico-sdk/toolchain/14_2_Rel1/bin/../lib/gcc/arm-none-eabi/14.2.1/../../../../arm-none-eabi/lib/thumb/v6-m/nofp/libg.a(libc_a-mktime.o)
                              CMakeFiles/drill.dir/Users/sabrinapiazza/.pico-sdk/sdk/2.2.0/src/common/pico_util/datetime.c.o (mktime)
/Users/sabrinapiazza/.pico-sdk/toolchain/14_2_Rel1/bin/../lib/gcc/arm-none-eabi/14.2.1/../../../../arm-none-eabi/lib/thumb/v6-m/nofp/libg.a(libc_a-month_lengths.o)
                              /Users/sabrinapiazza/.pico-sdk/toolchain/14_2_Rel1/bin/../lib/gcc/arm-none-eabi/14.2.1/../../../../arm-none-eabi/lib/thumb/v6-m/nofp/libg.a(libc_a-lcltime_r.o) (__month_lengths)
/Users/sabrinapiazza/.pico-sdk/toolchain/14_2_Rel1/bin/../lib/gcc/arm-none-eabi/14.2.1/../../../../arm-none-eabi/lib/thumb/v6-m/nofp/libg.a(libc_a-tzcalc_limits.o)
                              /Users/sabrinapiazza/.pico-sdk/toolchain/14_2_Rel1/bin/../lib/gcc/arm-none-eabi/14.2.1/../../../../arm-none-eabi/lib/thumb/v6-m/nofp/libg.a(libc_a-lcltime_r.o) (__tzcalc_limits)
/Users/sabrinapiazza/.pico-sdk/toolchain/14_2_Rel1/bin/../lib/gcc/arm-none-eabi/14.2.1/../../../../arm-none-eabi/lib/thumb/v6-m/nofp/libg.a(libc_a-tzlock.o)
[...]
Memory Configuration

Name             Origin             Length             Attributes
FLASH            0x10000000         0x00200000         xr
RAM              0x20000000         0x00040000         xrw
SCRATCH_X        0x20040000         0x00001000         xrw
SCRATCH_Y        0x20041000         0x00001000         xrw
*default*        0x00000000         0xffffffff

Linker script and memory map

LOAD /Users/sabrinapiazza/.pico-sdk/toolchain/14_2_Rel1/bin/../lib/gcc/arm-none-eabi/14.2.1/thumb/v6-m/nofp/crti.o
LOAD /Users/sabrinapiazza/.pico-sdk/toolchain/14_2_Rel1/bin/../lib/gcc/arm-none-eabi/14.2.1/thumb/v6-m/nofp/crtbegin.o
LOAD /Users/sabrinapiazza/.pico-sdk/toolchain/14_2_Rel1/bin/../lib/gcc/arm-none-eabi/14.2.1/../../../../arm-none-eabi/lib/thumb/v6-m/nofp/crt0.o

.flash_begin    0x10000000        0x0
                0x10000000                        __flash_binary_start = .

.boot2          0x10000000      0x100
                0x10000000                        __boot2_start__ = .
 *(.boot2)
 .boot2         0x10000000      0x100 pico-sdk/src/rp2040/boot_stage2/CMakeFiles/bs2_default_library.dir/./bs2_default_padded_checksummed.S.o
                0x10000100                        __boot2_end__ = .
                0x00000001                        ASSERT (((__boot2_end__ - __boot2_start__) == 0x100), ERROR: Pico second stage bootloader must be 256 bytes in size)

.text           0x10000100     0x2e54
                0x10000100                        __logical_binary_start = .
 *(.vectors)
 .vectors       0x10000100       0xd4 CMakeFiles/drill.dir/Users/sabrinapiazza/.pico-sdk/sdk/2.2.0/src/rp2_common/pico_crt0/crt0.S.o
                0x10000100                __VECTOR_TABLE
                0x10000100                __vectors
                0x100001c0                isr_irq13
                0x100001c0                isr_irq27
                0x100001c0                isr_irq31
                0x100001c0                isr_irq5
                0x100001c0                isr_irq11
                0x100001c0                isr_irq23
                0x100001c0                isr_irq18
                0x100001c0                isr_irq9
                0x100001c0                __unhandled_user_irq
                0x100001c0                isr_irq25
                0x100001c0                isr_irq4
                0x100001c0                isr_irq16
                0x100001c0                isr_irq29
                0x100001c0                isr_irq26
                0x100001c0                isr_irq3
                0x100001c0                isr_irq12
                0x100001c0                isr_irq30
                0x100001c0                isr_irq28
                0x100001c0                isr_irq19
                0x100001c0                isr_irq0
                0x100001c0                isr_irq6
                0x100001c0                isr_irq22
                0x100001c0                isr_irq17
                0x100001c0                isr_irq14
                0x100001c0                __vectors_end
                0x100001c0                __default_isrs_start
                0x100001c0                isr_irq2
                0x100001c0                isr_irq10
                0x100001c0                isr_irq8
                0x100001c0                isr_irq24
                0x100001c0                isr_irq1
                0x100001c0                isr_irq7
                0x100001c0                isr_irq21
                0x100001c0                isr_irq20
                0x100001c0                isr_irq15
                0x100001c6                unhandled_user_irq_num_in_r0
                0x100001c8                isr_invalid
                0x100001ca                isr_nmi
                0x100001cc                isr_hardfault
                0x100001ce                isr_svcall
                0x100001d0                isr_pendsv
                0x100001d2                isr_systick
                0x100001d4                __default_isrs_end
 *(.binary_info_header)
 .binary_info_header
                0x100001d4       0x14 CMakeFiles/drill.dir/Users/sabrinapiazza/.pico-sdk/sdk/2.2.0/src/rp2_common/pico_crt0/crt0.S.o
                0x100001e8                        __binary_info_header_end = .
 *(.embedded_block)
                0x100001e8                        __embedded_block_end = .
 *(.reset)
 .reset         0x100001e8       0x9c CMakeFiles/drill.dir/Users/sabrinapiazza/.pico-sdk/sdk/2.2.0/src/rp2_common/pico_crt0/crt0.S.o
                0x100001e8                _entry_point
 *(.init)
 .init          0x10000284        0x4 /Users/sabrinapiazza/.pico-sdk/toolchain/14_2_Rel1/bin/../lib/gcc/arm-none-eabi/14.2.1/thumb/v6-m/nofp/crti.o
                0x10000284                _init
 *(EXCLUDE_FILE(*libm.a: *libc.a:*lib_a-mem*.o *libgcc.a:) .text*)
 .text.register_tm_clones
                0x10000288       0x28 /Users/sabrinapiazza/.pico-sdk/toolchain/14_2_Rel1/bin/../lib/gcc/arm-none-eabi/14.2.1/thumb/v6-m/nofp/crtbegin.o
 .text.frame_dummy
                0x100002b0       0x24 /Users/sabrinapiazza/.pico-sdk/toolchain/14_2_Rel1/bin/../lib/gcc/arm-none-eabi/14.2.1/thumb/v6-m/nofp/crtbegin.o
 .text.panic    0x100002d4       0x30 CMakeFiles/drill.dir/Users/sabrinapiazza/.pico-sdk/sdk/2.2.0/src/rp2_common/pico_platform_panic/panic.c.o
                0x100002d4                panic
 .text.hw_claim_lock
                0x10000304       0x18 CMakeFiles/drill.dir/Users/sabrinapiazza/.pico-sdk/sdk/2.2.0/src/common/hardware_claim/claim.c.o
                0x10000304                hw_claim_lock
 .text.hw_claim_unlock
                0x1000031c       0x14 CMakeFiles/drill.dir/Users/sabrinapiazza/.pico-sdk/sdk/2.2.0/src/common/hardware_claim/claim.c.o
                0x1000031c                hw_claim_unlock
 .text.hw_claim_or_assert
                0x10000330       0x32 CMakeFiles/drill.dir/Users/sabrinapiazza/.pico-sdk/sdk/2.2.0/src/common/hardware_claim/claim.c.o
                0x10000330                hw_claim_or_assert
 *fill*         0x10000362        0x2 
 .text.next_striped_spin_lock_num
                0x10000364       0x1c CMakeFiles/drill.dir/Users/sabrinapiazza/.pico-sdk/sdk/2.2.0/src/rp2_common/hardware_sync/sync.c.o
                0x10000364                next_striped_spin_lock_num
 .text.spin_locks_reset
                0x10000380       0x20 CMakeFiles/drill.dir/Users/sabrinapiazza/.pico-sdk/sdk/2.2.0/src/rp2_common/hardware_sync_spin_lock/sync_spin_lock.c.o
                0x10000380                spin_locks_reset
 .text.set_raw_irq_handler_and_unlock
                0x100003a0       0x28 CMakeFiles/drill.dir/Users/sabrinapiazza/.pico-sdk/sdk/2.2.0/src/rp2_common/hardware_irq/irq.c.o
 .text.nvic_ipr0
                0x100003c8        0x8 CMakeFiles/drill.dir/Users/sabrinapiazza/.pico-sdk/sdk/2.2.0/src/rp2_common/hardware_irq/irq.c.o
 .text.runtime_init_per_core_irq_priorities
                0x100003d0       0x1c CMakeFiles/drill.dir/Users/sabrinapiazza/.pico-sdk/sdk/2.2.0/src/rp2_common/hardware_irq/irq.c.o
                0x100003d0                runtime_init_per_core_irq_priorities
 .text.irq_set_mask_n_enabled
                0x100003ec       0x1c CMakeFiles/drill.dir/Users/sabrinapiazza/.pico-sdk/sdk/2.2.0/src/rp2_common/hardware_irq/irq.c.o
                0x100003ec                irq_set_mask_n_enabled
 .text.irq_set_enabled
                0x10000408       0x14 CMakeFiles/drill.dir/Users/sabrinapiazza/.pico-sdk/sdk/2.2.0/src/rp2_common/hardware_irq/irq.c.o
                0x10000408                irq_set_enabled
 .text.irq_get_vtable_handler
                0x1000041c       0x10 CMakeFiles/drill.dir/Users/sabrinapiazza/.pico-sdk/sdk/2.2.0/src/rp2_common/hardware_irq/irq.c.o
                0x1000041c                irq_get_vtable_handler
 .text.irq_set_exclusive_handler
                0x1000042c       0x54 CMakeFiles/drill.dir/Users/sabrinapiazza/.pico-sdk/sdk/2.2.0/src/rp2_common/hardware_irq/irq.c.o
                0x1000042c                irq_set_exclusive_handler
 .text.lock_init
                0x10000480       0x10 CMakeFiles/drill.dir/Users/sabrinapiazza/.pico-sdk/sdk/2.2.0/src/common/pico_sync/lock_core.c.o
                0x10000480                lock_init
 .text.mutex_init
                0x10000490       0x1a CMakeFiles/drill.dir/Users/sabrinapiazza/.pico-sdk/sdk/2.2.0/src/common/pico_sync/mutex.c.o
                0x10000490                mutex_init
 .text.recursive_mutex_init
                0x100004aa       0x1e CMakeFiles/drill.dir/Users/sabrinapiazza/.pico-sdk/sdk/2.2.0/src/common/pico_sync/mutex.c.o
                0x100004aa                recursive_mutex_init
 .text.runtime_init_mutex
                0x100004c8       0x4c CMakeFiles/drill.dir/Users/sabrinapiazza/.pico-sdk/sdk/2.2.0/src/common/pico_sync/mutex.c.o
                0x100004c8                runtime_init_mutex
 .text.ta_set_timeout
                0x10000514       0x24 CMakeFiles/drill.dir/Users/sabrinapiazza/.pico-sdk/sdk/2.2.0/src/common/pico_time/time.c.o
 .text.make_alarm_id
                0x10000538        0x6 CMakeFiles/drill.dir/Users/sabrinapiazza/.pico-sdk/sdk/2.2.0/src/common/pico_time/time.c.o
 *fill*         0x1000053e        0x2 
 .text.sleep_until_callback
                0x10000540       0x30 CMakeFiles/drill.dir/Users/sabrinapiazza/.pico-sdk/sdk/2.2.0/src/common/pico_time/time.c.o
 .text.alarm_pool_irq_handler
                0x10000570      0x2f0 CMakeFiles/drill.dir/Users/sabrinapiazza/.pico-sdk/sdk/2.2.0/src/common/pico_time/time.c.o
 .text.ta_enable_irq_handler
                0x10000860       0x2c CMakeFiles/drill.dir/Users/sabrinapiazza/.pico-sdk/sdk/2.2.0/src/common/pico_time/time.c.o
 .text.alarm_pool_post_alloc_init
                0x1000088c       0x78 CMakeFiles/drill.dir/Users/sabrinapiazza/.pico-sdk/sdk/2.2.0/src/common/pico_time/time.c.o
 .text.alarm_pool_get_default
                0x10000904       0x2c CMakeFiles/drill.dir/Users/sabrinapiazza/.pico-sdk/sdk/2.2.0/src/common/pico_time/time.c.o
                0x10000904                alarm_pool_get_default
 .text.alarm_pool_add_alarm_at_force_in_context
                0x10000930       0xa4 CMakeFiles/drill.dir/Users/sabrinapiazza/.pico-sdk/sdk/2.2.0/src/common/pico_time/time.c.o
                0x10000930                alarm_pool_add_alarm_at_force_in_context
 .text.alarm_pool_add_alarm_at
                0x100009d4       0x3c CMakeFiles/drill.dir/Users/sabrinapiazza/.pico-sdk/sdk/2.2.0/src/common/pico_time/time.c.o
                0x100009d4                alarm_pool_add_alarm_at
 .text.add_alarm_at
                0x10000a10       0x2e CMakeFiles/drill.dir/Users/sabrinapiazza/.pico-sdk/sdk/2.2.0/src/common/pico_time/time.c.o
 *fill*         0x10000a3e        0x2 
 .text.alarm_pool_cancel_alarm
                0x10000a40       0x78 CMakeFiles/drill.dir/Users/sabrinapiazza/.pico-sdk/sdk/2.2.0/src/common/pico_time/time.c.o
                0x10000a40                alarm_pool_cancel_alarm
 .text.cancel_alarm
                0x10000ab8       0x10 CMakeFiles/drill.dir/Users/sabrinapiazza/.pico-sdk/sdk/2.2.0/src/common/pico_time/time.c.o
 .text.best_effort_wfe_or_timeout
                0x10000ac8      0x11c CMakeFiles/drill.dir/Users/sabrinapiazza/.pico-sdk/sdk/2.2.0/src/common/pico_time/time.c.o
                0x10000ac8                best_effort_wfe_or_timeout
 .text.alarm_pool_get_default_timer
                0x10000be4        0x8 CMakeFiles/drill.dir/Users/sabrinapiazza/.pico-sdk/sdk/2.2.0/src/common/pico_time/time.c.o
                0x10000be4                alarm_pool_get_default_timer
 .text.runtime_init_default_alarm_pool
                0x10000bec       0x38 CMakeFiles/drill.dir/Users/sabrinapiazza/.pico-sdk/sdk/2.2.0/src/common/pico_time/time.c.o
                0x10000bec                runtime_init_default_alarm_pool
 .text.timer_hardware_alarm_claim
                0x10000c24       0x14 CMakeFiles/drill.dir/Users/sabrinapiazza/.pico-sdk/sdk/2.2.0/src/rp2_common/hardware_timer/timer.c.o
                0x10000c24                timer_hardware_alarm_claim
 .text.timer_time_us_64
                0x10000c38       0x10 CMakeFiles/drill.dir/Users/sabrinapiazza/.pico-sdk/sdk/2.2.0/src/rp2_common/hardware_timer/timer.c.o
                0x10000c38                timer_time_us_64
 .text.time_us_64
                0x10000c48       0x10 CMakeFiles/drill.dir/Users/sabrinapiazza/.pico-sdk/sdk/2.2.0/src/rp2_common/hardware_timer/timer.c.o
                0x10000c48                time_us_64
 .text.clock_configure_internal
                0x10000c58       0xc4 CMakeFiles/drill.dir/Users/sabrinapiazza/.pico-sdk/sdk/2.2.0/src/rp2_common/hardware_clocks/clocks.c.o
 .text.clock_configure_int_divider
                0x10000d1c       0x28 CMakeFiles/drill.dir/Users/sabrinapiazza/.pico-sdk/sdk/2.2.0/src/rp2_common/hardware_clocks/clocks.c.o
                0x10000d1c                clock_configure_int_divider
 .text.clock_configure_undivided
                0x10000d44       0x12 CMakeFiles/drill.dir/Users/sabrinapiazza/.pico-sdk/sdk/2.2.0/src/rp2_common/hardware_clocks/clocks.c.o
                0x10000d44                clock_configure_undivided
 *fill*         0x10000d56        0x2 
 .text.clock_get_hz
                0x10000d58        0xc CMakeFiles/drill.dir/Users/sabrinapiazza/.pico-sdk/sdk/2.2.0/src/rp2_common/hardware_clocks/clocks.c.o
                0x10000d58                clock_get_hz
 .text.pll_init
                0x10000d64      0x124 CMakeFiles/drill.dir/Users/sabrinapiazza/.pico-sdk/sdk/2.2.0/src/rp2_common/hardware_pll/pll.c.o
                0x10000d64                pll_init
 .text.tick_start
                0x10000e88       0x10 CMakeFiles/drill.dir/Users/sabrinapiazza/.pico-sdk/sdk/2.2.0/src/rp2_common/hardware_ticks/ticks.c.o
                0x10000e88                tick_start
 .text.rom_func_lookup
                0x10000e98       0x10 CMakeFiles/drill.dir/Users/sabrinapiazza/.pico-sdk/sdk/2.2.0/src/rp2_common/pico_bootrom/bootrom.c.o
                0x10000e98                rom_func_lookup
 .text.rom_data_lookup
                0x10000ea8       0x10 CMakeFiles/drill.dir/Users/sabrinapiazza/.pico-sdk/sdk/2.2.0/src/rp2_common/pico_bootrom/bootrom.c.o
                0x10000ea8                rom_data_lookup
 .text.rom_funcs_lookup
                0x10000eb8       0x36 CMakeFiles/drill.dir/Users/sabrinapiazza/.pico-sdk/sdk/2.2.0/src/rp2_common/pico_bootrom/bootrom.c.o
                0x10000eb8                rom_funcs_lookup
 *fill*         0x10000eee        0x2 
 .text.xosc_init
                0x10000ef0       0x2c CMakeFiles/drill.dir/Users/sabrinapiazza/.pico-sdk/sdk/2.2.0/src/rp2_common/hardware_xosc/xosc.c.o
                0x10000ef0                xosc_init
 .text.runtime_run_initializers_from
                0x10000f1c       0x18 CMakeFiles/drill.dir/Users/sabrinapiazza/.pico-sdk/sdk/2.2.0/src/rp2_common/pico_runtime/runtime.c.o
 .text.first_per_core_initializer
                0x10000f34        0x2 CMakeFiles/drill.dir/Users/sabrinapiazza/.pico-sdk/sdk/2.2.0/src/rp2_common/pico_runtime/runtime.c.o
 *fill*         0x10000f36        0x2 
 .text.runtime_run_initializers
                0x10000f38       0x10 CMakeFiles/drill.dir/Users/sabrinapiazza/.pico-sdk/sdk/2.2.0/src/rp2_common/pico_runtime/runtime.c.o
                0x10000f38                runtime_run_initializers
 .text.runtime_init_early_resets
                0x10000f48       0x2c CMakeFiles/drill.dir/Users/sabrinapiazza/.pico-sdk/sdk/2.2.0/src/rp2_common/pico_runtime_init/runtime_init.c.o
                0x10000f48                runtime_init_early_resets
 .text.runtime_init_usb_power_down
                0x10000f74       0x1c CMakeFiles/drill.dir/Users/sabrinapiazza/.pico-sdk/sdk/2.2.0/src/rp2_common/pico_runtime_init/runtime_init.c.o
                0x10000f74                runtime_init_usb_power_down
 .text.runtime_init_post_clock_resets
                0x10000f90       0x20 CMakeFiles/drill.dir/Users/sabrinapiazza/.pico-sdk/sdk/2.2.0/src/rp2_common/pico_runtime_init/runtime_init.c.o
                0x10000f90                runtime_init_post_clock_resets
 .text.runtime_init_rp2040_gpio_ie_disable
                0x10000fb0       0x14 CMakeFiles/drill.dir/Users/sabrinapiazza/.pico-sdk/sdk/2.2.0/src/rp2_common/pico_runtime_init/runtime_init.c.o
                0x10000fb0                runtime_init_rp2040_gpio_ie_disable
 .text.runtime_init_spin_locks_reset
                0x10000fc4        0x8 CMakeFiles/drill.dir/Users/sabrinapiazza/.pico-sdk/sdk/2.2.0/src/rp2_common/pico_runtime_init/runtime_init.c.o
                0x10000fc4                runtime_init_spin_locks_reset
 .text.runtime_init_install_ram_vector_table
                0x10000fcc       0x48 CMakeFiles/drill.dir/Users/sabrinapiazza/.pico-sdk/sdk/2.2.0/src/rp2_common/pico_runtime_init/runtime_init.c.o
                0x10000fcc                runtime_init_install_ram_vector_table
 .text.start_all_ticks
                0x10001014       0x28 CMakeFiles/drill.dir/Users/sabrinapiazza/.pico-sdk/sdk/2.2.0/src/rp2_common/pico_runtime_init/runtime_init_clocks.c.o
 .text.runtime_init_clocks
                0x1000103c       0xcc CMakeFiles/drill.dir/Users/sabrinapiazza/.pico-sdk/sdk/2.2.0/src/rp2_common/pico_runtime_init/runtime_init_clocks.c.o
                0x1000103c                runtime_init_clocks
 .text          0x10001108       0x10 CMakeFiles/drill.dir/Users/sabrinapiazza/.pico-sdk/sdk/2.2.0/src/rp2_common/pico_bit_ops/bit_ops_aeabi.S.o
 .text.__wrap___aeabi_idiv
                0x10001118       0x50 CMakeFiles/drill.dir/Users/sabrinapiazza/.pico-sdk/sdk/2.2.0/src/rp2_common/pico_divider/divider_hardware.S.o
                0x10001118                __wrap___aeabi_idivmod
                0x10001118                divmod_s32s32
                0x10001118                div_s32s32
                0x10001118                __wrap___aeabi_idiv
                0x10001120                divmod_s32s32_unsafe
                0x1000114c                divmod_s32s32_savestate
 .text.__wrap___aeabi_uidiv
                0x10001168       0x4c CMakeFiles/drill.dir/Users/sabrinapiazza/.pico-sdk/sdk/2.2.0/src/rp2_common/pico_divider/divider_hardware.S.o
                0x10001168                __wrap___aeabi_uidiv
                0x10001168                __wrap___aeabi_uidivmod
                0x10001168                div_u32u32
                0x10001168                divmod_u32u32
                0x10001170                divmod_u32u32_unsafe
                0x10001198                divmod_u32u32_savestate
 .text.__wrap___aeabi_ldiv
                0x100011b4      0x424 CMakeFiles/drill.dir/Users/sabrinapiazza/.pico-sdk/sdk/2.2.0/src/rp2_common/pico_divider/divider_hardware.S.o
                0x100011b4                __wrap___aeabi_ldivmod
                0x100011b4                div_s64s64
                0x100011b4                divmod_s64s64
                0x100011e4                divmod_u64u64
                0x100011e4                div_u64u64
                0x100011e4                __wrap___aeabi_uldivmod
                0x100011f4                divmod_u64u64_savestate
                0x10001214                divmod_s64s64_unsafe
                0x1000129c                divmod_u64u64_unsafe
 .text.__wrap___aeabi_darithmetic
                0x100015d8       0x60 CMakeFiles/drill.dir/Users/sabrinapiazza/.pico-sdk/sdk/2.2.0/src/rp2_common/pico_double/double_aeabi_rp2040.S.o
                0x100015d8                __wrap___aeabi_drsub
                0x100015de                __wrap___aeabi_dsub
                0x100015e8                __wrap___aeabi_dadd
                0x100015f2                __wrap___aeabi_ddiv
                0x10001626                __wrap___aeabi_dmul
 .text.__wrap___aeabi_cdcmple
                0x10001638       0x6c CMakeFiles/drill.dir/Users/sabrinapiazza/.pico-sdk/sdk/2.2.0/src/rp2_common/pico_double/double_aeabi_rp2040.S.o
                0x10001638                __wrap___aeabi_cdrcmple
                0x10001648                __wrap___aeabi_cdcmple
                0x10001648                __wrap___aeabi_cdcmpeq
 .text.__wrap___aeabi_dcmplt
                0x100016a4        0xc CMakeFiles/drill.dir/Users/sabrinapiazza/.pico-sdk/sdk/2.2.0/src/rp2_common/pico_double/double_aeabi_rp2040.S.o
                0x100016a4                __wrap___aeabi_dcmplt
 .text.__wrap___aeabi_dcmple
                0x100016b0       0x10 CMakeFiles/drill.dir/Users/sabrinapiazza/.pico-sdk/sdk/2.2.0/src/rp2_common/pico_double/double_aeabi_rp2040.S.o
                0x100016b0                __wrap___aeabi_dcmple
 .text.__wrap___aeabi_dcmpge
                0x100016c0       0x10 CMakeFiles/drill.dir/Users/sabrinapiazza/.pico-sdk/sdk/2.2.0/src/rp2_common/pico_double/double_aeabi_rp2040.S.o
                0x100016c0                __wrap___aeabi_dcmpge
 .text.__wrap___aeabi_dcmpgt
                0x100016d0        0xa CMakeFiles/drill.dir/Users/sabrinapiazza/.pico-sdk/sdk/2.2.0/src/rp2_common/pico_double/double_aeabi_rp2040.S.o
                0x100016d0                __wrap___aeabi_dcmpgt
 .text.__wrap___aeabi_dcmpun
                0x100016da       0x18 CMakeFiles/drill.dir/Users/sabrinapiazza/.pico-sdk/sdk/2.2.0/src/rp2_common/pico_double/double_aeabi_rp2040.S.o
                0x100016da                __wrap___aeabi_dcmpun
 *fill*         0x100016f2        0x2 
 .text.__wrap___aeabi_i2d
                0x100016f4       0x38 CMakeFiles/drill.dir/Users/sabrinapiazza/.pico-sdk/sdk/2.2.0/src/rp2_common/pico_double/double_aeabi_rp2040.S.o
                0x100016f4                __wrap___aeabi_ui2d
                0x100016f4                uint2double
                0x100016fc                __wrap___aeabi_i2d
                0x100016fc                int2double
 .text.__wrap___aeabi_d2iz
                0x1000172c       0x48 CMakeFiles/drill.dir/Users/sabrinapiazza/.pico-sdk/sdk/2.2.0/src/rp2_common/pico_double/double_aeabi_rp2040.S.o
                0x1000172c                __wrap___aeabi_d2iz
                0x1000172c                double2int_z
 .text.__wrap___aeabi_d2uiz
                0x10001774       0x10 CMakeFiles/drill.dir/Users/sabrinapiazza/.pico-sdk/sdk/2.2.0/src/rp2_common/pico_double/double_aeabi_rp2040.S.o
                0x10001774                double2uint_z
                0x10001774                double2uint
                0x10001774                __wrap___aeabi_d2uiz
 .text.missing_double_func_shim
                0x10001784        0xc CMakeFiles/drill.dir/Users/sabrinapiazza/.pico-sdk/sdk/2.2.0/src/rp2_common/pico_double/double_init_rom_rp2040.c.o
 .text.__aeabi_double_init
                0x10001790       0xd0 CMakeFiles/drill.dir/Users/sabrinapiazza/.pico-sdk/sdk/2.2.0/src/rp2_common/pico_double/double_init_rom_rp2040.c.o
                0x10001790                __aeabi_double_init
 .text.double_table_shim_on_use_helper
                0x10001860       0x34 CMakeFiles/drill.dir/Users/sabrinapiazza/.pico-sdk/sdk/2.2.0/src/rp2_common/pico_double/double_v1_rom_shim_rp2040.S.o
                0x10001860                double_table_shim_on_use_helper
 .text.missing_float_func_shim
                0x10001894        0xc CMakeFiles/drill.dir/Users/sabrinapiazza/.pico-sdk/sdk/2.2.0/src/rp2_common/pico_float/float_init_rom_rp2040.c.o
 .text.__aeabi_float_init
                0x100018a0       0x88 CMakeFiles/drill.dir/Users/sabrinapiazza/.pico-sdk/sdk/2.2.0/src/rp2_common/pico_float/float_init_rom_rp2040.c.o
                0x100018a0                __aeabi_float_init
 .text          0x10001928       0x10 CMakeFiles/drill.dir/Users/sabrinapiazza/.pico-sdk/sdk/2.2.0/src/rp2_common/pico_mem_ops/mem_ops_aeabi.S.o
                0x10001928                __aeabi_mem_init
 .text.memset   0x10001938        0xc CMakeFiles/drill.dir/Users/sabrinapiazza/.pico-sdk/sdk/2.2.0/src/rp2_common/pico_mem_ops/mem_ops_aeabi.S.o
                0x10001938                __wrap_memset
 .text.memcpy   0x10001944        0xc CMakeFiles/drill.dir/Users/sabrinapiazza/.pico-sdk/sdk/2.2.0/src/rp2_common/pico_mem_ops/mem_ops_aeabi.S.o
                0x10001944                __wrap___aeabi_memcpy
                0x10001944                __wrap_memcpy
 .text._out_null
                0x10001950        0x2 CMakeFiles/drill.dir/Users/sabrinapiazza/.pico-sdk/sdk/2.2.0/src/rp2_common/pico_printf/printf.c.o
 .text._out_fct
                0x10001952        0xe CMakeFiles/drill.dir/Users/sabrinapiazza/.pico-sdk/sdk/2.2.0/src/rp2_common/pico_printf/printf.c.o
 .text._atoi    0x10001960       0x24 CMakeFiles/drill.dir/Users/sabrinapiazza/.pico-sdk/sdk/2.2.0/src/rp2_common/pico_printf/printf.c.o
 .text._out_rev
                0x10001984       0xb0 CMakeFiles/drill.dir/Users/sabrinapiazza/.pico-sdk/sdk/2.2.0/src/rp2_common/pico_printf/printf.c.o
 .text._ntoa_format
                0x10001a34      0x10e CMakeFiles/drill.dir/Users/sabrinapiazza/.pico-sdk/sdk/2.2.0/src/rp2_common/pico_printf/printf.c.o
 .text._ntoa_long
                0x10001b42       0xbc CMakeFiles/drill.dir/Users/sabrinapiazza/.pico-sdk/sdk/2.2.0/src/rp2_common/pico_printf/printf.c.o
 .text._ntoa_long_long
                0x10001bfe      0x10e CMakeFiles/drill.dir/Users/sabrinapiazza/.pico-sdk/sdk/2.2.0/src/rp2_common/pico_printf/printf.c.o
 .text._etoa    0x10001d0c      0x424 CMakeFiles/drill.dir/Users/sabrinapiazza/.pico-sdk/sdk/2.2.0/src/rp2_common/pico_printf/printf.c.o
 .text._ftoa    0x10002130      0x348 CMakeFiles/drill.dir/Users/sabrinapiazza/.pico-sdk/sdk/2.2.0/src/rp2_common/pico_printf/printf.c.o
 .text._vsnprintf
                0x10002478      0x6a4 CMakeFiles/drill.dir/Users/sabrinapiazza/.pico-sdk/sdk/2.2.0/src/rp2_common/pico_printf/printf.c.o
 .text.vfctprintf
                0x10002b1c       0x24 CMakeFiles/drill.dir/Users/sabrinapiazza/.pico-sdk/sdk/2.2.0/src/rp2_common/pico_printf/printf.c.o
                0x10002b1c                vfctprintf
 .text._exit    0x10002b40        0x4 CMakeFiles/drill.dir/Users/sabrinapiazza/.pico-sdk/sdk/2.2.0/src/rp2_common/pico_clib_interface/newlib_interface.c.o
                0x10002b40                _exit
 .text.exit     0x10002b44        0x6 CMakeFiles/drill.dir/Users/sabrinapiazza/.pico-sdk/sdk/2.2.0/src/rp2_common/pico_clib_interface/newlib_interface.c.o
                0x10002b44                exit
 *fill*         0x10002b4a        0x2 
 .text.__assert_func
                0x10002b4c       0x38 CMakeFiles/drill.dir/Users/sabrinapiazza/.pico-sdk/sdk/2.2.0/src/rp2_common/pico_clib_interface/newlib_interface.c.o
                0x10002b4c                __assert_func
 .text.runtime_init
                0x10002b84       0x28 CMakeFiles/drill.dir/Users/sabrinapiazza/.pico-sdk/sdk/2.2.0/src/rp2_common/pico_clib_interface/newlib_interface.c.o
                0x10002b84                runtime_init
 .text.stdio_out_chars_no_crlf
                0x10002bac        0xe CMakeFiles/drill.dir/Users/sabrinapiazza/.pico-sdk/sdk/2.2.0/src/rp2_common/pico_stdio/stdio.c.o
 *fill*         0x10002bba        0x2 
 .text.stdio_out_chars_crlf
                0x10002bbc       0x80 CMakeFiles/drill.dir/Users/sabrinapiazza/.pico-sdk/sdk/2.2.0/src/rp2_common/pico_stdio/stdio.c.o
 .text.stdio_stack_buffer_flush
                0x10002c3c       0x44 CMakeFiles/drill.dir/Users/sabrinapiazza/.pico-sdk/sdk/2.2.0/src/rp2_common/pico_stdio/stdio.c.o
 .text.stdio_buffered_printer
                0x10002c80       0x20 CMakeFiles/drill.dir/Users/sabrinapiazza/.pico-sdk/sdk/2.2.0/src/rp2_common/pico_stdio/stdio.c.o
 .text.stdout_serialize_begin
                0x10002ca0       0x30 CMakeFiles/drill.dir/Users/sabrinapiazza/.pico-sdk/sdk/2.2.0/src/rp2_common/pico_stdio/stdio.c.o
                0x10002ca0                stdout_serialize_begin
 .text.stdout_serialize_end
                0x10002cd0       0x10 CMakeFiles/drill.dir/Users/sabrinapiazza/.pico-sdk/sdk/2.2.0/src/rp2_common/pico_stdio/stdio.c.o
                0x10002cd0                stdout_serialize_end
 .text.stdio_put_string
                0x10002ce0       0x94 CMakeFiles/drill.dir/Users/sabrinapiazza/.pico-sdk/sdk/2.2.0/src/rp2_common/pico_stdio/stdio.c.o
                0x10002ce0                stdio_put_string
 .text.stdio_flush
                0x10002d74       0x20 CMakeFiles/drill.dir/Users/sabrinapiazza/.pico-sdk/sdk/2.2.0/src/rp2_common/pico_stdio/stdio.c.o
                0x10002d74                stdio_flush
 .text.__wrap_puts
                0x10002d94       0x1e CMakeFiles/drill.dir/Users/sabrinapiazza/.pico-sdk/sdk/2.2.0/src/rp2_common/pico_stdio/stdio.c.o
                0x10002d94                __wrap_puts
                0x10002d94                stdio_puts
 *fill*         0x10002db2        0x2 
 .text.__wrap_vprintf
                0x10002db4       0x40 CMakeFiles/drill.dir/Users/sabrinapiazza/.pico-sdk/sdk/2.2.0/src/rp2_common/pico_stdio/stdio.c.o
                0x10002db4                __wrap_vprintf
                0x10002db4                stdio_vprintf
 .text.__wrap_printf
                0x10002df4       0x18 CMakeFiles/drill.dir/Users/sabrinapiazza/.pico-sdk/sdk/2.2.0/src/rp2_common/pico_stdio/stdio.c.o
                0x10002df4                stdio_printf
                0x10002df4                __wrap_printf
 .text._retrieve_unique_id_on_boot
                0x10002e0c       0x10 CMakeFiles/drill.dir/Users/sabrinapiazza/.pico-sdk/sdk/2.2.0/src/rp2_common/pico_unique_id/unique_id.c.o
 .text.flash_get_unique_id
                0x10002e1c       0x40 CMakeFiles/drill.dir/Users/sabrinapiazza/.pico-sdk/sdk/2.2.0/src/rp2_common/hardware_flash/flash.c.o
                0x10002e1c                flash_get_unique_id
 .text.strlen   0x10002e5c       0x5c /Users/sabrinapiazza/.pico-sdk/toolchain/14_2_Rel1/bin/../lib/gcc/arm-none-eabi/14.2.1/../../../../arm-none-eabi/lib/thumb/v6-m/nofp/libg.a(libc_a-strlen-stub.o)
                0x10002e5c                strlen
 *(.fini)
 .fini          0x10002eb8        0x4 /Users/sabrinapiazza/.pico-sdk/toolchain/14_2_Rel1/bin/../lib/gcc/arm-none-eabi/14.2.1/thumb/v6-m/nofp/crti.o
                0x10002eb8                _fini
 *fill*         0x10002ebc        0x4 
 .fini.__stub   0x10002ec0       0x50 linker stubs
 *crtbegin.o(.ctors)
 *crtbegin?.o(.ctors)
 *(EXCLUDE_FILE(*crtend.o *crtend?.o) .ctors)
 *(SORT_BY_NAME(.ctors.*))
 *(.ctors)
 *crtbegin.o(.dtors)
 *crtbegin?.o(.dtors)
 *(EXCLUDE_FILE(*crtend.o *crtend?.o) .dtors)
 *(SORT_BY_NAME(.dtors.*))
 *(.dtors)
                0x10002f10                        . = ALIGN (0x4)
                0x10002f10                        PROVIDE (__preinit_array_start = .)
 *(SORT_BY_NAME(.preinit_array.*))
 .preinit_array.00100
                0x10002f10        0x4 CMakeFiles/drill.dir/Users/sabrinapiazza/.pico-sdk/sdk/2.2.0/src/rp2_common/pico_runtime_init/runtime_init.c.o
                0x10002f10                __pre_init_runtime_init_early_resets
 .preinit_array.00101
                0x10002f14        0x4 CMakeFiles/drill.dir/Users/sabrinapiazza/.pico-sdk/sdk/2.2.0/src/rp2_common/pico_runtime_init/runtime_init.c.o
                0x10002f14                __pre_init_runtime_init_usb_power_down
 .preinit_array.00275
                0x10002f18        0x4 CMakeFiles/drill.dir/Users/sabrinapiazza/.pico-sdk/sdk/2.2.0/src/rp2_common/pico_bit_ops/bit_ops_aeabi.S.o
 .preinit_array.00300
                0x10002f1c        0x4 CMakeFiles/drill.dir/Users/sabrinapiazza/.pico-sdk/sdk/2.2.0/src/rp2_common/pico_mem_ops/mem_ops_aeabi.S.o
 .preinit_array.00350
                0x10002f20        0x4 CMakeFiles/drill.dir/Users/sabrinapiazza/.pico-sdk/sdk/2.2.0/src/rp2_common/pico_double/double_aeabi_rp2040.S.o
 .preinit_array.00350
                0x10002f24        0x4 CMakeFiles/drill.dir/Users/sabrinapiazza/.pico-sdk/sdk/2.2.0/src/rp2_common/pico_float/float_aeabi_rp2040.S.o
 .preinit_array.00500
                0x10002f28        0x4 CMakeFiles/drill.dir/Users/sabrinapiazza/.pico-sdk/sdk/2.2.0/src/rp2_common/pico_runtime_init/runtime_init.c.o
                0x10002f28                __pre_init_runtime_init_clocks
 .preinit_array.00600
                0x10002f2c        0x4 CMakeFiles/drill.dir/Users/sabrinapiazza/.pico-sdk/sdk/2.2.0/src/rp2_common/pico_runtime_init/runtime_init.c.o
                0x10002f2c                __pre_init_runtime_init_post_clock_resets
 .preinit_array.00700
                0x10002f30        0x4 CMakeFiles/drill.dir/Users/sabrinapiazza/.pico-sdk/sdk/2.2.0/src/rp2_common/pico_runtime_init/runtime_init.c.o
                0x10002f30                __pre_init_runtime_init_rp2040_gpio_ie_disable
 .preinit_array.01000
                0x10002f34        0x4 CMakeFiles/drill.dir/Users/sabrinapiazza/.pico-sdk/sdk/2.2.0/src/rp2_common/pico_runtime_init/runtime_init.c.o
                0x10002f34                __pre_init_runtime_init_spin_locks_reset
 .preinit_array.01100
                0x10002f38        0x4 CMakeFiles/drill.dir/Users/sabrinapiazza/.pico-sdk/sdk/2.2.0/src/common/pico_sync/mutex.c.o
                0x10002f38                __pre_init_runtime_init_mutex
 .preinit_array.10080
                0x10002f3c        0x4 CMakeFiles/drill.dir/Users/sabrinapiazza/.pico-sdk/sdk/2.2.0/src/rp2_common/pico_runtime_init/runtime_init.c.o
                0x10002f3c                __pre_init_runtime_init_install_ram_vector_table
 .preinit_array.11000
                0x10002f40        0x4 CMakeFiles/drill.dir/Users/sabrinapiazza/.pico-sdk/sdk/2.2.0/src/common/pico_time/time.c.o
                0x10002f40                __pre_init_runtime_init_default_alarm_pool
 .preinit_array.YYYYY
                0x10002f44        0x4 CMakeFiles/drill.dir/Users/sabrinapiazza/.pico-sdk/sdk/2.2.0/src/rp2_common/pico_runtime/runtime.c.o
                0x10002f44                __pre_init_first_per_core_initializer
 .preinit_array.ZZZZZ.01200
                0x10002f48        0x4 CMakeFiles/drill.dir/Users/sabrinapiazza/.pico-sdk/sdk/2.2.0/src/rp2_common/hardware_irq/irq.c.o
                0x10002f48                __pre_init_runtime_init_per_core_irq_priorities
 *(.preinit_array)
                0x10002f4c                        PROVIDE (__preinit_array_end = .)
                0x10002f4c                        . = ALIGN (0x4)
                0x10002f4c                        PROVIDE (__init_array_start = .)
 *(SORT_BY_NAME(.init_array.*))
 .init_array.01000
                0x10002f4c        0x4 CMakeFiles/drill.dir/Users/sabrinapiazza/.pico-sdk/sdk/2.2.0/src/rp2_common/pico_unique_id/unique_id.c.o
 *(.init_array)
 .init_array    0x10002f50        0x4 /Users/sabrinapiazza/.pico-sdk/toolchain/14_2_Rel1/bin/../lib/gcc/arm-none-eabi/14.2.1/thumb/v6-m/nofp/crtbegin.o
                0x10002f54                        PROVIDE (__init_array_end = .)
                0x10002f54                        . = ALIGN (0x4)
                [!provide]                        PROVIDE (__fini_array_start = .)
 *(SORT_BY_NAME(.fini_array.*))
 *(.fini_array)
                [!provide]                        PROVIDE (__fini_array_end = .)
 *(.eh_frame*)
 .eh_frame      0x10002f54        0x0 /Users/sabrinapiazza/.pico-sdk/toolchain/14_2_Rel1/bin/../lib/gcc/arm-none-eabi/14.2.1/thumb/v6-m/nofp/crtbegin.o
                0x10002f54                        . = ALIGN (0x4)

.glue_7         0x10002f54        0x0
 .glue_7        0x10002f54        0x0 linker stubs

.glue_7t        0x10002f54        0x0
 .glue_7t       0x10002f54        0x0 linker stubs

.vfp11_veneer   0x10002f54        0x0
 .vfp11_veneer  0x10002f54        0x0 linker stubs

.v4_bx          0x10002f54        0x0
 .v4_bx         0x10002f54        0x0 linker stubs

.iplt           0x10002f54        0x0
 .iplt          0x10002f54        0x0 /Users/sabrinapiazza/.pico-sdk/toolchain/14_2_Rel1/bin/../lib/gcc/arm-none-eabi/14.2.1/thumb/v6-m/nofp/crtbegin.o

.rodata         0x10002f58      0xa44
 *(EXCLUDE_FILE(*libm.a: *libc.a:*lib_a-mem*.o *libgcc.a:) .rodata*)
 .rodata.panic.str1.4
                0x10002f58      0x731 CMakeFiles/drill.dir/Users/sabrinapiazza/.pico-sdk/sdk/2.2.0/src/rp2_common/pico_platform_panic/panic.c.o
                                 0x12 (size before relaxing)
 .rodata.resolve_j_16.str1.4
                0x10003689       0x63 CMakeFiles/drill.dir/Users/sabrinapiazza/.pico-sdk/sdk/2.2.0/src/rp2_common/hardware_irq/irq.c.o
 .rodata.irq_set_exclusive_handler.str1.4
                0x10003689       0x36 CMakeFiles/drill.dir/Users/sabrinapiazza/.pico-sdk/sdk/2.2.0/src/rp2_common/hardware_irq/irq.c.o
 *fill*         0x10003689        0x3 
 .rodata.__func__.6
                0x1000368c       0x1a CMakeFiles/drill.dir/Users/sabrinapiazza/.pico-sdk/sdk/2.2.0/src/rp2_common/hardware_irq/irq.c.o
 .rodata.runtime_init_mutex.str1.4
                0x100036a6       0x66 CMakeFiles/drill.dir/Users/sabrinapiazza/.pico-sdk/sdk/2.2.0/src/common/pico_sync/mutex.c.o
 .rodata.str1.4
                0x100036a6       0x51 CMakeFiles/drill.dir/Users/sabrinapiazza/.pico-sdk/sdk/2.2.0/src/common/pico_sync/mutex.c.o
 *fill*         0x100036a6        0x2 
 .rodata.__func__.1
                0x100036a8        0xb CMakeFiles/drill.dir/Users/sabrinapiazza/.pico-sdk/sdk/2.2.0/src/common/pico_sync/mutex.c.o
 *fill*         0x100036b3        0x1 
 .rodata.__func__.3
                0x100036b4       0x18 CMakeFiles/drill.dir/Users/sabrinapiazza/.pico-sdk/sdk/2.2.0/src/common/pico_sync/mutex.c.o
 .rodata.__func__.6
                0x100036cc       0x13 CMakeFiles/drill.dir/Users/sabrinapiazza/.pico-sdk/sdk/2.2.0/src/common/pico_sync/mutex.c.o
 .rodata.alarm_pool_irq_handler.str1.4
                0x100036df       0x71 CMakeFiles/drill.dir/Users/sabrinapiazza/.pico-sdk/sdk/2.2.0/src/common/pico_time/time.c.o
 .rodata.alarm_pool_get_default.str1.4
                0x100036df       0x21 CMakeFiles/drill.dir/Users/sabrinapiazza/.pico-sdk/sdk/2.2.0/src/common/pico_time/time.c.o
 *fill*         0x100036df        0x1 
 .rodata.__func__.1
                0x100036e0       0x17 CMakeFiles/drill.dir/Users/sabrinapiazza/.pico-sdk/sdk/2.2.0/src/common/pico_time/time.c.o
 *fill*         0x100036f7        0x1 
 .rodata.__func__.2
                0x100036f8       0x17 CMakeFiles/drill.dir/Users/sabrinapiazza/.pico-sdk/sdk/2.2.0/src/common/pico_time/time.c.o
 .rodata.timer_hardware_alarm_claim.str1.4
                0x1000370f       0x22 CMakeFiles/drill.dir/Users/sabrinapiazza/.pico-sdk/sdk/2.2.0/src/rp2_common/hardware_timer/timer.c.o
 .rodata.pll_init.str1.4
                0x1000370f      0x120 CMakeFiles/drill.dir/Users/sabrinapiazza/.pico-sdk/sdk/2.2.0/src/rp2_common/hardware_pll/pll.c.o
 *fill*         0x1000370f        0x1 
 .rodata.__func__.0
                0x10003710        0x9 CMakeFiles/drill.dir/Users/sabrinapiazza/.pico-sdk/sdk/2.2.0/src/rp2_common/hardware_pll/pll.c.o
 .rodata.missing_double_func_shim.str1.4
                0x10003719       0x18 CMakeFiles/drill.dir/Users/sabrinapiazza/.pico-sdk/sdk/2.2.0/src/rp2_common/pico_double/double_init_rom_rp2040.c.o
 .rodata.__aeabi_double_init.str1.4
                0x10003719       0xa1 CMakeFiles/drill.dir/Users/sabrinapiazza/.pico-sdk/sdk/2.2.0/src/rp2_common/pico_double/double_init_rom_rp2040.c.o
 *fill*         0x10003719        0x3 
 .rodata.__func__.0
                0x1000371c       0x14 CMakeFiles/drill.dir/Users/sabrinapiazza/.pico-sdk/sdk/2.2.0/src/rp2_common/pico_double/double_init_rom_rp2040.c.o
 .rodata.missing_float_func_shim.str1.4
                0x10003730        0x1 CMakeFiles/drill.dir/Users/sabrinapiazza/.pico-sdk/sdk/2.2.0/src/rp2_common/pico_float/float_init_rom_rp2040.c.o
 .rodata.__aeabi_float_init.str1.4
                0x10003730       0x8f CMakeFiles/drill.dir/Users/sabrinapiazza/.pico-sdk/sdk/2.2.0/src/rp2_common/pico_float/float_init_rom_rp2040.c.o
 .rodata.__func__.0
                0x10003730       0x13 CMakeFiles/drill.dir/Users/sabrinapiazza/.pico-sdk/sdk/2.2.0/src/rp2_common/pico_float/float_init_rom_rp2040.c.o
 .rodata.str1.4
                0x10003743       0x3c CMakeFiles/drill.dir/Users/sabrinapiazza/.pico-sdk/sdk/2.2.0/src/rp2_common/pico_standard_binary_info/standard_binary_info.c.o
 *fill*         0x10003743        0x1 
 .rodata.__bi_84
                0x10003744        0xc CMakeFiles/drill.dir/Users/sabrinapiazza/.pico-sdk/sdk/2.2.0/src/rp2_common/pico_standard_binary_info/standard_binary_info.c.o
 .rodata.__bi_78
                0x10003750        0xc CMakeFiles/drill.dir/Users/sabrinapiazza/.pico-sdk/sdk/2.2.0/src/rp2_common/pico_standard_binary_info/standard_binary_info.c.o
 .rodata.__bi_54
                0x1000375c        0xc CMakeFiles/drill.dir/Users/sabrinapiazza/.pico-sdk/sdk/2.2.0/src/rp2_common/pico_standard_binary_info/standard_binary_info.c.o
 .rodata.__bi_48
                0x10003768        0xc CMakeFiles/drill.dir/Users/sabrinapiazza/.pico-sdk/sdk/2.2.0/src/rp2_common/pico_standard_binary_info/standard_binary_info.c.o
 .rodata.__bi_42
                0x10003774        0xc CMakeFiles/drill.dir/Users/sabrinapiazza/.pico-sdk/sdk/2.2.0/src/rp2_common/pico_standard_binary_info/standard_binary_info.c.o
 .rodata.__bi_34
                0x10003780        0xc CMakeFiles/drill.dir/Users/sabrinapiazza/.pico-sdk/sdk/2.2.0/src/rp2_common/pico_standard_binary_info/standard_binary_info.c.o
 .rodata.__bi_26
                0x1000378c        0xc CMakeFiles/drill.dir/Users/sabrinapiazza/.pico-sdk/sdk/2.2.0/src/rp2_common/pico_standard_binary_info/standard_binary_info.c.o
 .rodata._ftoa.str1.4
                0x10003798       0x15 CMakeFiles/drill.dir/Users/sabrinapiazza/.pico-sdk/sdk/2.2.0/src/rp2_common/pico_printf/printf.c.o
 .rodata._vsnprintf
                0x10003798      0x19c CMakeFiles/drill.dir/Users/sabrinapiazza/.pico-sdk/sdk/2.2.0/src/rp2_common/pico_printf/printf.c.o
 *fill*         0x10003934        0x4 
 .rodata.pow10.0
                0x10003938       0x50 CMakeFiles/drill.dir/Users/sabrinapiazza/.pico-sdk/sdk/2.2.0/src/rp2_common/pico_printf/printf.c.o
 .rodata.__assert_func.str1.4
                0x10003988       0x43 CMakeFiles/drill.dir/Users/sabrinapiazza/.pico-sdk/sdk/2.2.0/src/rp2_common/pico_clib_interface/newlib_interface.c.o
 .rodata.crlf_str.0
                0x10003988        0x2 CMakeFiles/drill.dir/Users/sabrinapiazza/.pico-sdk/sdk/2.2.0/src/rp2_common/pico_stdio/stdio.c.o
 .rodata.str1.4
                0x1000398a      0x209 CMakeFiles/drill.dir/Users/sabrinapiazza/.pico-sdk/sdk/2.2.0/src/rp2_common/hardware_flash/flash.c.o
 *fill*         0x1000398a        0x2 
 .rodata.__func__.0
                0x1000398c        0xd CMakeFiles/drill.dir/Users/sabrinapiazza/.pico-sdk/sdk/2.2.0/src/rp2_common/hardware_flash/flash.c.o
                0x1000399c                        . = ALIGN (0x4)
 *fill*         0x10003999        0x3 
 *(SORT_BY_ALIGNMENT(SORT_BY_NAME(.flashdata*)))
                0x1000399c                        . = ALIGN (0x4)

.ARM.extab
 *(.ARM.extab* .gnu.linkonce.armextab.*)
                0x1000399c                        __exidx_start = .

.ARM.exidx
 *(.ARM.exidx* .gnu.linkonce.armexidx.*)
                0x1000399c                        __exidx_end = .
                0x1000399c                        . = ALIGN (0x4)
                0x1000399c                        __binary_info_start = .

.binary_info    0x1000399c       0x1c
 *(.binary_info.keep.*)
 .binary_info.keep.__bi_ptr84
                0x1000399c        0x4 CMakeFiles/drill.dir/Users/sabrinapiazza/.pico-sdk/sdk/2.2.0/src/rp2_common/pico_standard_binary_info/standard_binary_info.c.o
 .binary_info.keep.__bi_ptr78
                0x100039a0        0x4 CMakeFiles/drill.dir/Users/sabrinapiazza/.pico-sdk/sdk/2.2.0/src/rp2_common/pico_standard_binary_info/standard_binary_info.c.o
 .binary_info.keep.__bi_ptr54
                0x100039a4        0x4 CMakeFiles/drill.dir/Users/sabrinapiazza/.pico-sdk/sdk/2.2.0/src/rp2_common/pico_standard_binary_info/standard_binary_info.c.o
 .binary_info.keep.__bi_ptr48
                0x100039a8        0x4 CMakeFiles/drill.dir/Users/sabrinapiazza/.pico-sdk/sdk/2.2.0/src/rp2_common/pico_standard_binary_info/standard_binary_info.c.o
 .binary_info.keep.__bi_ptr42
                0x100039ac        0x4 CMakeFiles/drill.dir/Users/sabrinapiazza/.pico-sdk/sdk/2.2.0/src/rp2_common/pico_standard_binary_info/standard_binary_info.c.o
 .binary_info.keep.__bi_ptr34
                0x100039b0        0x4 CMakeFiles/drill.dir/Users/sabrinapiazza/.pico-sdk/sdk/2.2.0/src/rp2_common/pico_standard_binary_info/standard_binary_info.c.o
 .binary_info.keep.__bi_ptr26
                0x100039b4        0x4 CMakeFiles/drill.dir/Users/sabrinapiazza/.pico-sdk/sdk/2.2.0/src/rp2_common/pico_standard_binary_info/standard_binary_info.c.o
 *(.binary_info.*)
                0x100039b8                        __binary_info_end = .
                0x100039b8                        . = ALIGN (0x4)

.ram_vector_table
                0x20000000       0xc0
 *(.ram_vector_table)
 .ram_vector_table
                0x20000000       0xc0 CMakeFiles/drill.dir/Users/sabrinapiazza/.pico-sdk/sdk/2.2.0/src/rp2_common/pico_runtime_init/runtime_init.c.o
                0x20000000                ram_vector_table

.uninitialized_data
                0x200000c0        0x0
                0x200000c0                        . = ALIGN (0x4)
 *(.uninitialized_data*)

.data           0x200000c0      0x358 load address 0x100039b8
                0x200000c0                        __data_start__ = .
 *(vtable)
 *(.time_critical*)
 .time_critical.mutex_try_enter
                0x200000c0       0x48 CMakeFiles/drill.dir/Users/sabrinapiazza/.pico-sdk/sdk/2.2.0/src/common/pico_sync/mutex.c.o
                0x200000c0                mutex_try_enter
 .time_critical.mutex_enter_block_until
                0x20000108       0x90 CMakeFiles/drill.dir/Users/sabrinapiazza/.pico-sdk/sdk/2.2.0/src/common/pico_sync/mutex.c.o
                0x20000108                mutex_enter_block_until
 .time_critical.mutex_try_enter_block_until
                0x20000198       0x34 CMakeFiles/drill.dir/Users/sabrinapiazza/.pico-sdk/sdk/2.2.0/src/common/pico_sync/mutex.c.o
                0x20000198                mutex_try_enter_block_until
 .time_critical.mutex_exit
                0x200001cc       0x4c CMakeFiles/drill.dir/Users/sabrinapiazza/.pico-sdk/sdk/2.2.0/src/common/pico_sync/mutex.c.o
                0x200001cc                mutex_exit
 .time_critical.flash_init_boot2_copyout
                0x20000218       0x30 CMakeFiles/drill.dir/Users/sabrinapiazza/.pico-sdk/sdk/2.2.0/src/rp2_common/hardware_flash/flash.c.o
 .time_critical.flash_enable_xip_via_boot2
                0x20000248        0xc CMakeFiles/drill.dir/Users/sabrinapiazza/.pico-sdk/sdk/2.2.0/src/rp2_common/hardware_flash/flash.c.o
 .time_critical.flash_save_hardware_state
                0x20000254       0x1c CMakeFiles/drill.dir/Users/sabrinapiazza/.pico-sdk/sdk/2.2.0/src/rp2_common/hardware_flash/flash.c.o
 .time_critical.flash_restore_hardware_state
                0x20000270       0x20 CMakeFiles/drill.dir/Users/sabrinapiazza/.pico-sdk/sdk/2.2.0/src/rp2_common/hardware_flash/flash.c.o
 .time_critical.flash_cs_force
                0x20000290       0x28 CMakeFiles/drill.dir/Users/sabrinapiazza/.pico-sdk/sdk/2.2.0/src/rp2_common/hardware_flash/flash.c.o
 .time_critical.flash_do_cmd
                0x200002b8       0xec CMakeFiles/drill.dir/Users/sabrinapiazza/.pico-sdk/sdk/2.2.0/src/rp2_common/hardware_flash/flash.c.o
                0x200002b8                flash_do_cmd
 *(.text*)
 .text          0x200003a4        0x4 /Users/sabrinapiazza/.pico-sdk/toolchain/14_2_Rel1/bin/../lib/gcc/arm-none-eabi/14.2.1/thumb/v6-m/nofp/libgcc.a(_dvmd_tls.o)
                0x200003a4                __aeabi_ldiv0
                0x200003a4                __aeabi_idiv0
 .text.__stub   0x200003a8       0x20 linker stubs
                0x200003c8                        . = ALIGN (0x4)
 *(.rodata*)
                0x200003c8                        . = ALIGN (0x4)
 *(.data*)
 .data.striped_spin_lock_num
                0x200003c8        0x1 CMakeFiles/drill.dir/Users/sabrinapiazza/.pico-sdk/sdk/2.2.0/src/rp2_common/hardware_sync/sync.c.o
 *fill*         0x200003c9        0x3 
 .data.default_alarm_pool
                0x200003cc       0x18 CMakeFiles/drill.dir/Users/sabrinapiazza/.pico-sdk/sdk/2.2.0/src/common/pico_time/time.c.o
 *fill*         0x200003e4        0xc 
 .data.aeabi_bits_funcs
                0x200003f0       0x10 CMakeFiles/drill.dir/Users/sabrinapiazza/.pico-sdk/sdk/2.2.0/src/rp2_common/pico_bit_ops/bit_ops_aeabi.S.o
                0x200003f0                aeabi_bits_funcs
                0x20000400                aeabi_bits_funcs_end
 .data.aeabi_mem_funcs
                0x20000400       0x10 CMakeFiles/drill.dir/Users/sabrinapiazza/.pico-sdk/sdk/2.2.0/src/rp2_common/pico_mem_ops/mem_ops_aeabi.S.o
                0x20000400                aeabi_mem_funcs
                0x20000410                aeabi_mem_funcs_end
                0x20000410                        . = ALIGN (0x4)
 *(.after_data.*)
                0x20000410                        . = ALIGN (0x4)
                0x20000410                        PROVIDE (__mutex_array_start = .)
 *(SORT_BY_NAME(.mutex_array.*))
 *(.mutex_array)
 .mutex_array   0x20000410        0x8 CMakeFiles/drill.dir/Users/sabrinapiazza/.pico-sdk/sdk/2.2.0/src/rp2_common/pico_stdio/stdio.c.o
                0x20000418                        PROVIDE (__mutex_array_end = .)
                0x20000418                        . = ALIGN (0x4)
 *(.jcr)
                0x20000418                        . = ALIGN (0x4)

.tm_clone_table
                0x20000418        0x0 load address 0x10003d10
 .tm_clone_table
                0x20000418        0x0 /Users/sabrinapiazza/.pico-sdk/toolchain/14_2_Rel1/bin/../lib/gcc/arm-none-eabi/14.2.1/thumb/v6-m/nofp/crtbegin.o
 .tm_clone_table
                0x20000418        0x0 /Users/sabrinapiazza/.pico-sdk/toolchain/14_2_Rel1/bin/../lib/gcc/arm-none-eabi/14.2.1/thumb/v6-m/nofp/crtend.o

.igot.plt       0x20000418        0x0 load address 0x10003d10
 .igot.plt      0x20000418        0x0 /Users/sabrinapiazza/.pico-sdk/toolchain/14_2_Rel1/bin/../lib/gcc/arm-none-eabi/14.2.1/thumb/v6-m/nofp/crtbegin.o

.tdata          0x20000418        0x0 load address 0x10003d10
                0x20000418                        . = ALIGN (0x4)
 *(.tdata .tdata.* .gnu.linkonce.td.*)
                0x20000418                        __tdata_end = .
                0x20000418                        PROVIDE (__data_end__ = .)
                0x100039b8                        __etext = LOADADDR (.data)

.tbss           0x20000418        0x0 load address 0x10003d10
                0x20000418                        . = ALIGN (0x4)
                0x20000418                        __bss_start__ = .
                0x20000418                        __tls_base = .
 *(.tbss .tbss.* .gnu.linkonce.tb.*)
 *(.tcommon)
                0x20000418                        __tls_end = .

.bss            0x20000418      0x4f0 load address 0x10003d10
                0x20000418                        . = ALIGN (0x4)
                0x20000418                        __tbss_end = .
 *(SORT_BY_ALIGNMENT(SORT_BY_NAME(.bss*)))
 .bss.default_alarm_pool_entries
                0x20000418      0x180 CMakeFiles/drill.dir/Users/sabrinapiazza/.pico-sdk/sdk/2.2.0/src/common/pico_time/time.c.o
 .bss.boot2_copyout
                0x20000598      0x100 CMakeFiles/drill.dir/Users/sabrinapiazza/.pico-sdk/sdk/2.2.0/src/rp2_common/hardware_flash/flash.c.o
 .bss.claimed   0x20000698        0x1 CMakeFiles/drill.dir/Users/sabrinapiazza/.pico-sdk/sdk/2.2.0/src/rp2_common/hardware_timer/timer.c.o
 *fill*         0x20000699        0x3 
 .bss.configured_freq
                0x2000069c       0x28 CMakeFiles/drill.dir/Users/sabrinapiazza/.pico-sdk/sdk/2.2.0/src/rp2_common/hardware_clocks/clocks.c.o
 .bss.drivers   0x200006c4        0x4 CMakeFiles/drill.dir/Users/sabrinapiazza/.pico-sdk/sdk/2.2.0/src/rp2_common/pico_stdio/stdio.c.o
 .bss.filter    0x200006c8        0x4 CMakeFiles/drill.dir/Users/sabrinapiazza/.pico-sdk/sdk/2.2.0/src/rp2_common/pico_stdio/stdio.c.o
 .bss.object.0  0x200006cc       0x18 /Users/sabrinapiazza/.pico-sdk/toolchain/14_2_Rel1/bin/../lib/gcc/arm-none-eabi/14.2.1/thumb/v6-m/nofp/crtbegin.o
 .bss.pools     0x200006e4       0x10 CMakeFiles/drill.dir/Users/sabrinapiazza/.pico-sdk/sdk/2.2.0/src/common/pico_time/time.c.o
 .bss.retrieved_id
                0x200006f4        0x8 CMakeFiles/drill.dir/Users/sabrinapiazza/.pico-sdk/sdk/2.2.0/src/rp2_common/pico_unique_id/unique_id.c.o
 .bss.sd_table  0x200006fc      0x100 CMakeFiles/drill.dir/Users/sabrinapiazza/.pico-sdk/sdk/2.2.0/src/rp2_common/pico_double/double_init_rom_rp2040.c.o
                0x200006fc                sd_table
 .bss.sf_clz_func
                0x200007fc        0x4 CMakeFiles/drill.dir/Users/sabrinapiazza/.pico-sdk/sdk/2.2.0/src/rp2_common/pico_double/double_init_rom_rp2040.c.o
                0x200007fc                sf_clz_func
 .bss.sf_table  0x20000800      0x100 CMakeFiles/drill.dir/Users/sabrinapiazza/.pico-sdk/sdk/2.2.0/src/rp2_common/pico_float/float_init_rom_rp2040.c.o
                0x20000800                sf_table
 .bss.sleep_notifier
                0x20000900        0x4 CMakeFiles/drill.dir/Users/sabrinapiazza/.pico-sdk/sdk/2.2.0/src/common/pico_time/time.c.o
 .bss.boot2_copyout_valid
                0x20000904        0x1 CMakeFiles/drill.dir/Users/sabrinapiazza/.pico-sdk/sdk/2.2.0/src/rp2_common/hardware_flash/flash.c.o
 *(COMMON)
                0x20000908                        . = ALIGN (0x4)
 *fill*         0x20000905        0x3 
                0x20000908                        __bss_end__ = .

.heap           0x20000908      0x800 load address 0x10003d10
                0x20000908                        __end__ = .
                0x20000908                        end = __end__
 *(.heap*)
 .heap          0x20000908      0x800 CMakeFiles/drill.dir/Users/sabrinapiazza/.pico-sdk/sdk/2.2.0/src/rp2_common/pico_crt0/crt0.S.o
                0x20040000                        __HeapLimit = (ORIGIN (RAM) + LENGTH (RAM))

.scratch_x      0x20040000        0x0 load address 0x10003d10
                0x20040000                        __scratch_x_start__ = .
 *(.scratch_x.*)
                0x20040000                        . = ALIGN (0x4)
                0x20040000                        __scratch_x_end__ = .
                0x10003d10                        __scratch_x_source__ = LOADADDR (.scratch_x)

.scratch_y      0x20041000        0x0 load address 0x10003d10
                0x20041000                        __scratch_y_start__ = .
 *(.scratch_y.*)
                0x20041000                        . = ALIGN (0x4)
                0x20041000                        __scratch_y_end__ = .
                0x10003d10                        __scratch_y_source__ = LOADADDR (.scratch_y)

.stack1_dummy
 *(.stack1*)

.stack_dummy    0x20041000      0x800
 *(.stack*)
 .stack         0x20041000      0x800 CMakeFiles/drill.dir/Users/sabrinapiazza/.pico-sdk/sdk/2.2.0/src/rp2_common/pico_crt0/crt0.S.o

.rel.dyn        0x20041800        0x0
 .rel.iplt      0x20041800        0x0 /Users/sabrinapiazza/.pico-sdk/toolchain/14_2_Rel1/bin/../lib/gcc/arm-none-eabi/14.2.1/thumb/v6-m/nofp/crtbegin.o

.flash_end      0x10003d10        0x0
 *(.embedded_end_block*)
                0x10003d10                        PROVIDE (__flash_binary_end = .)
                0x20040000                        __StackLimit = (ORIGIN (RAM) + LENGTH (RAM))
                0x20041000                        __StackOneTop = (ORIGIN (SCRATCH_X) + LENGTH (SCRATCH_X))
                0x20042000                        __StackTop = (ORIGIN (SCRATCH_Y) + LENGTH (SCRATCH_Y))
                0x20041000                        __StackOneBottom = (__StackOneTop - SIZEOF (.stack1_dummy))
                0x20041800                        __StackBottom = (__StackTop - SIZEOF (.stack_dummy))
                0x20042000                        PROVIDE (__stack = __StackTop)
                [!provide]                        PROVIDE (__heap_start = __end__)
                [!provide]                        PROVIDE (__heap_end = __HeapLimit)
                [!provide]                        PROVIDE (__tls_align = MAX (ALIGNOF (.tdata), ALIGNOF (.tbss)))
                [!provide]                        PROVIDE (__tls_size_align = (((__tls_size + __tls_align) - 0x1) & ~ ((__tls_align - 0x1))))
                [!provide]                        PROVIDE (__arm32_tls_tcb_offset = MAX (0x8, __tls_align))
                [!provide]                        PROVIDE (_end = __end__)
                [!provide]                        PROVIDE (__llvm_libc_heap_limit = __HeapLimit)
                0x00000001                        ASSERT ((__StackLimit >= __HeapLimit), region RAM overflowed)
                0x00000001                        ASSERT (((__binary_info_header_end - __logical_binary_start) <= 0x100), Binary info must be in first 256 bytes of the binary)
LOAD CMakeFiles/drill.dir/drill.cpp.o
LOAD CMakeFiles/drill.dir/Users/sabrinapiazza/.pico-sdk/sdk/2.2.0/src/rp2_common/pico_stdlib/stdlib.c.o
LOAD CMakeFiles/drill.dir/Users/sabrinapiazza/.pico-sdk/sdk/2.2.0/src/rp2_common/hardware_gpio/gpio.c.o
LOAD CMakeFiles/drill.dir/Users/sabrinapiazza/.pico-sdk/sdk/2.2.0/src/rp2040/pico_platform/platform.c.o
LOAD CMakeFiles/drill.dir/Users/sabrinapiazza/.pico-sdk/sdk/2.2.0/src/rp2_common/pico_platform_common/common.c.o
LOAD CMakeFiles/drill.dir/Users/sabrinapiazza/.pico-sdk/sdk/2.2.0/src/rp2_common/pico_platform_panic/panic.c.o
LOAD CMakeFiles/drill.dir/Users/sabrinapiazza/.pico-sdk/sdk/2.2.0/src/common/hardware_claim/claim.c.o
LOAD CMakeFiles/drill.dir/Users/sabrinapiazza/.pico-sdk/sdk/2.2.0/src/rp2_common/hardware_sync/sync.c.o
LOAD CMakeFiles/drill.dir/Users/sabrinapiazza/.pico-sdk/sdk/2.2.0/src/rp2_common/hardware_sync_spin_lock/sync_spin_lock.c.o
LOAD CMakeFiles/drill.dir/Users/sabrinapiazza/.pico-sdk/sdk/2.2.0/src/rp2_common/hardware_irq/irq.c.o
LOAD CMakeFiles/drill.dir/Users/sabrinapiazza/.pico-sdk/sdk/2.2.0/src/rp2_common/hardware_irq/irq_handler_chain.S.o
LOAD CMakeFiles/drill.dir/Users/sabrinapiazza/.pico-sdk/sdk/2.2.0/src/common/pico_sync/sem.c.o
LOAD CMakeFiles/drill.dir/Users/sabrinapiazza/.pico-sdk/sdk/2.2.0/src/common/pico_sync/lock_core.c.o
LOAD CMakeFiles/drill.dir/Users/sabrinapiazza/.pico-sdk/sdk/2.2.0/src/common/pico_sync/mutex.c.o
LOAD CMakeFiles/drill.dir/Users/sabrinapiazza/.pico-sdk/sdk/2.2.0/src/common/pico_sync/critical_section.c.o
LOAD CMakeFiles/drill.dir/Users/sabrinapiazza/.pico-sdk/sdk/2.2.0/src/common/pico_time/time.c.o
LOAD CMakeFiles/drill.dir/Users/sabrinapiazza/.pico-sdk/sdk/2.2.0/src/common/pico_time/timeout_helper.c.o
LOAD CMakeFiles/drill.dir/Users/sabrinapiazza/.pico-sdk/sdk/2.2.0/src/rp2_common/hardware_timer/timer.c.o
LOAD CMakeFiles/drill.dir/Users/sabrinapiazza/.pico-sdk/sdk/2.2.0/src/common/pico_util/datetime.c.o
LOAD CMakeFiles/drill.dir/Users/sabrinapiazza/.pico-sdk/sdk/2.2.0/src/common/pico_util/pheap.c.o
LOAD CMakeFiles/drill.dir/Users/sabrinapiazza/.pico-sdk/sdk/2.2.0/src/common/pico_util/queue.c.o
LOAD CMakeFiles/drill.dir/Users/sabrinapiazza/.pico-sdk/sdk/2.2.0/src/rp2_common/hardware_uart/uart.c.o
LOAD CMakeFiles/drill.dir/Users/sabrinapiazza/.pico-sdk/sdk/2.2.0/src/rp2_common/hardware_clocks/clocks.c.o
LOAD CMakeFiles/drill.dir/Users/sabrinapiazza/.pico-sdk/sdk/2.2.0/src/rp2_common/hardware_pll/pll.c.o
LOAD CMakeFiles/drill.dir/Users/sabrinapiazza/.pico-sdk/sdk/2.2.0/src/rp2_common/hardware_vreg/vreg.c.o
LOAD CMakeFiles/drill.dir/Users/sabrinapiazza/.pico-sdk/sdk/2.2.0/src/rp2_common/hardware_watchdog/watchdog.c.o
LOAD CMakeFiles/drill.dir/Users/sabrinapiazza/.pico-sdk/sdk/2.2.0/src/rp2_common/hardware_ticks/ticks.c.o
LOAD CMakeFiles/drill.dir/Users/sabrinapiazza/.pico-sdk/sdk/2.2.0/src/rp2_common/pico_bootrom/bootrom.c.o
LOAD CMakeFiles/drill.dir/Users/sabrinapiazza/.pico-sdk/sdk/2.2.0/src/rp2_common/pico_bootrom/bootrom_lock.c.o
LOAD CMakeFiles/drill.dir/Users/sabrinapiazza/.pico-sdk/sdk/2.2.0/src/rp2_common/hardware_boot_lock/boot_lock.c.o
LOAD CMakeFiles/drill.dir/Users/sabrinapiazza/.pico-sdk/sdk/2.2.0/src/rp2_common/pico_flash/flash.c.o
LOAD CMakeFiles/drill.dir/Users/sabrinapiazza/.pico-sdk/sdk/2.2.0/src/rp2_common/hardware_xosc/xosc.c.o
LOAD CMakeFiles/drill.dir/Users/sabrinapiazza/.pico-sdk/sdk/2.2.0/src/rp2_common/hardware_divider/divider.S.o
LOAD CMakeFiles/drill.dir/Users/sabrinapiazza/.pico-sdk/sdk/2.2.0/src/rp2_common/pico_runtime/runtime.c.o
LOAD CMakeFiles/drill.dir/Users/sabrinapiazza/.pico-sdk/sdk/2.2.0/src/rp2_common/pico_runtime_init/runtime_init.c.o
LOAD CMakeFiles/drill.dir/Users/sabrinapiazza/.pico-sdk/sdk/2.2.0/src/rp2_common/pico_runtime_init/runtime_init_clocks.c.o
LOAD CMakeFiles/drill.dir/Users/sabrinapiazza/.pico-sdk/sdk/2.2.0/src/rp2_common/pico_runtime_init/runtime_init_stack_guard.c.o
LOAD CMakeFiles/drill.dir/Users/sabrinapiazza/.pico-sdk/sdk/2.2.0/src/rp2_common/pico_bit_ops/bit_ops_aeabi.S.o
LOAD CMakeFiles/drill.dir/Users/sabrinapiazza/.pico-sdk/sdk/2.2.0/src/rp2_common/pico_divider/divider_hardware.S.o
LOAD CMakeFiles/drill.dir/Users/sabrinapiazza/.pico-sdk/sdk/2.2.0/src/rp2_common/pico_double/double_aeabi_rp2040.S.o
LOAD CMakeFiles/drill.dir/Users/sabrinapiazza/.pico-sdk/sdk/2.2.0/src/rp2_common/pico_double/double_init_rom_rp2040.c.o
LOAD CMakeFiles/drill.dir/Users/sabrinapiazza/.pico-sdk/sdk/2.2.0/src/rp2_common/pico_double/double_math.c.o
LOAD CMakeFiles/drill.dir/Users/sabrinapiazza/.pico-sdk/sdk/2.2.0/src/rp2_common/pico_double/double_v1_rom_shim_rp2040.S.o
LOAD CMakeFiles/drill.dir/Users/sabrinapiazza/.pico-sdk/sdk/2.2.0/src/rp2_common/pico_int64_ops/pico_int64_ops_aeabi.S.o
LOAD CMakeFiles/drill.dir/Users/sabrinapiazza/.pico-sdk/sdk/2.2.0/src/rp2_common/pico_float/float_aeabi_rp2040.S.o
LOAD CMakeFiles/drill.dir/Users/sabrinapiazza/.pico-sdk/sdk/2.2.0/src/rp2_common/pico_float/float_init_rom_rp2040.c.o
LOAD CMakeFiles/drill.dir/Users/sabrinapiazza/.pico-sdk/sdk/2.2.0/src/rp2_common/pico_float/float_math.c.o
LOAD CMakeFiles/drill.dir/Users/sabrinapiazza/.pico-sdk/sdk/2.2.0/src/rp2_common/pico_float/float_v1_rom_shim_rp2040.S.o
LOAD CMakeFiles/drill.dir/Users/sabrinapiazza/.pico-sdk/sdk/2.2.0/src/rp2_common/pico_malloc/malloc.c.o
LOAD CMakeFiles/drill.dir/Users/sabrinapiazza/.pico-sdk/sdk/2.2.0/src/rp2_common/pico_mem_ops/mem_ops_aeabi.S.o
LOAD CMakeFiles/drill.dir/Users/sabrinapiazza/.pico-sdk/sdk/2.2.0/src/rp2_common/pico_atomic/atomic.c.o
LOAD CMakeFiles/drill.dir/Users/sabrinapiazza/.pico-sdk/sdk/2.2.0/src/rp2_common/pico_cxx_options/new_delete.cpp.o
LOAD CMakeFiles/drill.dir/Users/sabrinapiazza/.pico-sdk/sdk/2.2.0/src/rp2_common/pico_standard_binary_info/standard_binary_info.c.o
LOAD CMakeFiles/drill.dir/Users/sabrinapiazza/.pico-sdk/sdk/2.2.0/src/rp2_common/pico_printf/printf.c.o
LOAD CMakeFiles/drill.dir/Users/sabrinapiazza/.pico-sdk/sdk/2.2.0/src/rp2_common/pico_crt0/crt0.S.o
LOAD CMakeFiles/drill.dir/Users/sabrinapiazza/.pico-sdk/sdk/2.2.0/src/rp2_common/pico_clib_interface/newlib_interface.c.o
LOAD CMakeFiles/drill.dir/Users/sabrinapiazza/.pico-sdk/sdk/2.2.0/src/rp2_common/pico_stdio/stdio.c.o
LOAD CMakeFiles/drill.dir/Users/sabrinapiazza/.pico-sdk/sdk/2.2.0/src/rp2_common/pico_stdio_usb/reset_interface.c.o
LOAD CMakeFiles/drill.dir/Users/sabrinapiazza/.pico-sdk/sdk/2.2.0/src/rp2_common/pico_stdio_usb/stdio_usb.c.o
LOAD CMakeFiles/drill.dir/Users/sabrinapiazza/.pico-sdk/sdk/2.2.0/src/rp2_common/pico_stdio_usb/stdio_usb_descriptors.c.o
LOAD CMakeFiles/drill.dir/Users/sabrinapiazza/.pico-sdk/sdk/2.2.0/src/rp2_common/pico_unique_id/unique_id.c.o
LOAD CMakeFiles/drill.dir/Users/sabrinapiazza/.pico-sdk/sdk/2.2.0/src/rp2_common/hardware_flash/flash.c.o
LOAD CMakeFiles/drill.dir/Users/sabrinapiazza/.pico-sdk/sdk/2.2.0/src/rp2_common/hardware_xip_cache/xip_cache.c.o
LOAD CMakeFiles/drill.dir/Users/sabrinapiazza/.pico-sdk/sdk/2.2.0/lib/tinyusb/src/portable/raspberrypi/rp2040/dcd_rp2040.c.o
LOAD CMakeFiles/drill.dir/Users/sabrinapiazza/.pico-sdk/sdk/2.2.0/lib/tinyusb/src/portable/raspberrypi/rp2040/rp2040_usb.c.o
LOAD CMakeFiles/drill.dir/Users/sabrinapiazza/.pico-sdk/sdk/2.2.0/lib/tinyusb/src/device/usbd.c.o
LOAD CMakeFiles/drill.dir/Users/sabrinapiazza/.pico-sdk/sdk/2.2.0/lib/tinyusb/src/device/usbd_control.c.o
LOAD CMakeFiles/drill.dir/Users/sabrinapiazza/.pico-sdk/sdk/2.2.0/lib/tinyusb/src/class/audio/audio_device.c.o
LOAD CMakeFiles/drill.dir/Users/sabrinapiazza/.pico-sdk/sdk/2.2.0/lib/tinyusb/src/class/cdc/cdc_device.c.o
LOAD CMakeFiles/drill.dir/Users/sabrinapiazza/.pico-sdk/sdk/2.2.0/lib/tinyusb/src/class/dfu/dfu_device.c.o
LOAD CMakeFiles/drill.dir/Users/sabrinapiazza/.pico-sdk/sdk/2.2.0/lib/tinyusb/src/class/dfu/dfu_rt_device.c.o
LOAD CMakeFiles/drill.dir/Users/sabrinapiazza/.pico-sdk/sdk/2.2.0/lib/tinyusb/src/class/hid/hid_device.c.o
LOAD CMakeFiles/drill.dir/Users/sabrinapiazza/.pico-sdk/sdk/2.2.0/lib/tinyusb/src/class/midi/midi_device.c.o
LOAD CMakeFiles/drill.dir/Users/sabrinapiazza/.pico-sdk/sdk/2.2.0/lib/tinyusb/src/class/msc/msc_device.c.o
LOAD CMakeFiles/drill.dir/Users/sabrinapiazza/.pico-sdk/sdk/2.2.0/lib/tinyusb/src/class/net/ecm_rndis_device.c.o
LOAD CMakeFiles/drill.dir/Users/sabrinapiazza/.pico-sdk/sdk/2.2.0/lib/tinyusb/src/class/net/ncm_device.c.o
LOAD CMakeFiles/drill.dir/Users/sabrinapiazza/.pico-sdk/sdk/2.2.0/lib/tinyusb/src/class/usbtmc/usbtmc_device.c.o
LOAD CMakeFiles/drill.dir/Users/sabrinapiazza/.pico-sdk/sdk/2.2.0/lib/tinyusb/src/class/vendor/vendor_device.c.o
LOAD CMakeFiles/drill.dir/Users/sabrinapiazza/.pico-sdk/sdk/2.2.0/lib/tinyusb/src/class/video/video_device.c.o
LOAD CMakeFiles/drill.dir/Users/sabrinapiazza/.pico-sdk/sdk/2.2.0/lib/tinyusb/src/tusb.c.o
LOAD CMakeFiles/drill.dir/Users/sabrinapiazza/.pico-sdk/sdk/2.2.0/lib/tinyusb/src/common/tusb_fifo.c.o
LOAD CMakeFiles/drill.dir/Users/sabrinapiazza/.pico-sdk/sdk/2.2.0/src/rp2_common/pico_fix/rp2040_usb_device_enumeration/rp2040_usb_device_enumeration.c.o
LOAD pico-sdk/src/rp2040/boot_stage2/CMakeFiles/bs2_default_library.dir/./bs2_default_padded_checksummed.S.o
LOAD /Users/sabrinapiazza/.pico-sdk/toolchain/14_2_Rel1/bin/../lib/gcc/arm-none-eabi/14.2.1/../../../../arm-none-eabi/lib/thumb/v6-m/nofp/libstdc++.a
LOAD /Users/sabrinapiazza/.pico-sdk/toolchain/14_2_Rel1/bin/../lib/gcc/arm-none-eabi/14.2.1/../../../../arm-none-eabi/lib/thumb/v6-m/nofp/libm.a
START GROUP
LOAD /Users/sabrinapiazza/.pico-sdk/toolchain/14_2_Rel1/bin/../lib/gcc/arm-none-eabi/14.2.1/thumb/v6-m/nofp/libgcc.a
LOAD /Users/sabrinapiazza/.pico-sdk/toolchain/14_2_Rel1/bin/../lib/gcc/arm-none-eabi/14.2.1/../../../../arm-none-eabi/lib/thumb/v6-m/nofp/libg.a
LOAD /Users/sabrinapiazza/.pico-sdk/toolchain/14_2_Rel1/bin/../lib/gcc/arm-none-eabi/14.2.1/../../../../arm-none-eabi/lib/thumb/v6-m/nofp/libc.a
END GROUP
START GROUP
LOAD /Users/sabrinapiazza/.pico-sdk/toolchain/14_2_Rel1/bin/../lib/gcc/arm-none-eabi/14.2.1/thumb/v6-m/nofp/libgcc.a
LOAD /Users/sabrinapiazza/.pico-sdk/toolchain/14_2_Rel1/bin/../lib/gcc/arm-none-eabi/14.2.1/../../../../arm-none-eabi/lib/thumb/v6-m/nofp/libc.a
LOAD /Users/sabrinapiazza/.pico-sdk/toolchain/14_2_Rel1/bin/../lib/gcc/arm-none-eabi/14.2.1/../../../../arm-none-eabi/lib/thumb/v6-m/nofp/libnosys.a
END GROUP
LOAD /Users/sabrinapiazza/.pico-sdk/toolchain/14_2_Rel1/bin/../lib/gcc/arm-none-eabi/14.2.1/thumb/v6-m/nofp/crtend.o
LOAD /Users/sabrinapiazza/.pico-sdk/toolchain/14_2_Rel1/bin/../lib/gcc/arm-none-eabi/14.2.1/thumb/v6-m/nofp/crtn.o
OUTPUT(drill.elf elf32-littlearm)
LOAD linker stubs

.ARM.attributes
                0x00000000       0x28
 .ARM.attributes
                0x00000000       0x1e /Users/sabrinapiazza/.pico-sdk/toolchain/14_2_Rel1/bin/../lib/gcc/arm-none-eabi/14.2.1/thumb/v6-m/nofp/crti.o
 .ARM.attributes
                0x0000001e       0x2c /Users/sabrinapiazza/.pico-sdk/toolchain/14_2_Rel1/bin/../lib/gcc/arm-none-eabi/14.2.1/thumb/v6-m/nofp/crtbegin.o
 .ARM.attributes
                0x0000004a       0x2c CMakeFiles/drill.dir/Users/sabrinapiazza/.pico-sdk/sdk/2.2.0/src/rp2_common/pico_platform_panic/panic.c.o
 .ARM.attributes
                0x00000076       0x2c CMakeFiles/drill.dir/Users/sabrinapiazza/.pico-sdk/sdk/2.2.0/src/common/hardware_claim/claim.c.o
 .ARM.attributes
                0x000000a2       0x2c CMakeFiles/drill.dir/Users/sabrinapiazza/.pico-sdk/sdk/2.2.0/src/rp2_common/hardware_sync/sync.c.o
 .ARM.attributes
                0x000000ce       0x2c CMakeFiles/drill.dir/Users/sabrinapiazza/.pico-sdk/sdk/2.2.0/src/rp2_common/hardware_sync_spin_lock/sync_spin_lock.c.o
 .ARM.attributes
                0x000000fa       0x2c CMakeFiles/drill.dir/Users/sabrinapiazza/.pico-sdk/sdk/2.2.0/src/rp2_common/hardware_irq/irq.c.o
 .ARM.attributes
                0x00000126       0x2c CMakeFiles/drill.dir/Users/sabrinapiazza/.pico-sdk/sdk/2.2.0/src/common/pico_sync/lock_core.c.o
 .ARM.attributes
                0x00000152       0x2c CMakeFiles/drill.dir/Users/sabrinapiazza/.pico-sdk/sdk/2.2.0/src/common/pico_sync/mutex.c.o
 .ARM.attributes
                0x0000017e       0x2c CMakeFiles/drill.dir/Users/sabrinapiazza/.pico-sdk/sdk/2.2.0/src/common/pico_time/time.c.o
 .ARM.attributes
                0x000001aa       0x2c CMakeFiles/drill.dir/Users/sabrinapiazza/.pico-sdk/sdk/2.2.0/src/rp2_common/hardware_timer/timer.c.o
 .ARM.attributes
                0x000001d6       0x2c CMakeFiles/drill.dir/Users/sabrinapiazza/.pico-sdk/sdk/2.2.0/src/rp2_common/hardware_clocks/clocks.c.o
 .ARM.attributes
                0x00000202       0x2c CMakeFiles/drill.dir/Users/sabrinapiazza/.pico-sdk/sdk/2.2.0/src/rp2_common/hardware_pll/pll.c.o
 .ARM.attributes
                0x0000022e       0x2c CMakeFiles/drill.dir/Users/sabrinapiazza/.pico-sdk/sdk/2.2.0/src/rp2_common/hardware_ticks/ticks.c.o
 .ARM.attributes
                0x0000025a       0x2c CMakeFiles/drill.dir/Users/sabrinapiazza/.pico-sdk/sdk/2.2.0/src/rp2_common/pico_bootrom/bootrom.c.o
 .ARM.attributes
                0x00000286       0x2c CMakeFiles/drill.dir/Users/sabrinapiazza/.pico-sdk/sdk/2.2.0/src/rp2_common/hardware_xosc/xosc.c.o
 .ARM.attributes
                0x000002b2       0x2c CMakeFiles/drill.dir/Users/sabrinapiazza/.pico-sdk/sdk/2.2.0/src/rp2_common/pico_runtime/runtime.c.o
 .ARM.attributes
                0x000002de       0x2c CMakeFiles/drill.dir/Users/sabrinapiazza/.pico-sdk/sdk/2.2.0/src/rp2_common/pico_runtime_init/runtime_init.c.o
 .ARM.attributes
                0x0000030a       0x2c CMakeFiles/drill.dir/Users/sabrinapiazza/.pico-sdk/sdk/2.2.0/src/rp2_common/pico_runtime_init/runtime_init_clocks.c.o
 .ARM.attributes
                0x00000336       0x22 CMakeFiles/drill.dir/Users/sabrinapiazza/.pico-sdk/sdk/2.2.0/src/rp2_common/pico_bit_ops/bit_ops_aeabi.S.o
 .ARM.attributes
                0x00000358       0x22 CMakeFiles/drill.dir/Users/sabrinapiazza/.pico-sdk/sdk/2.2.0/src/rp2_common/pico_divider/divider_hardware.S.o
 .ARM.attributes
                0x0000037a       0x22 CMakeFiles/drill.dir/Users/sabrinapiazza/.pico-sdk/sdk/2.2.0/src/rp2_common/pico_double/double_aeabi_rp2040.S.o
 .ARM.attributes
                0x0000039c       0x2c CMakeFiles/drill.dir/Users/sabrinapiazza/.pico-sdk/sdk/2.2.0/src/rp2_common/pico_double/double_init_rom_rp2040.c.o
 .ARM.attributes
                0x000003c8       0x22 CMakeFiles/drill.dir/Users/sabrinapiazza/.pico-sdk/sdk/2.2.0/src/rp2_common/pico_double/double_v1_rom_shim_rp2040.S.o
 .ARM.attributes
                0x000003ea       0x22 CMakeFiles/drill.dir/Users/sabrinapiazza/.pico-sdk/sdk/2.2.0/src/rp2_common/pico_float/float_aeabi_rp2040.S.o
 .ARM.attributes
                0x0000040c       0x2c CMakeFiles/drill.dir/Users/sabrinapiazza/.pico-sdk/sdk/2.2.0/src/rp2_common/pico_float/float_init_rom_rp2040.c.o
 .ARM.attributes
                0x00000438       0x22 CMakeFiles/drill.dir/Users/sabrinapiazza/.pico-sdk/sdk/2.2.0/src/rp2_common/pico_mem_ops/mem_ops_aeabi.S.o
 .ARM.attributes
                0x0000045a       0x2c CMakeFiles/drill.dir/Users/sabrinapiazza/.pico-sdk/sdk/2.2.0/src/rp2_common/pico_standard_binary_info/standard_binary_info.c.o
 .ARM.attributes
                0x00000486       0x2c CMakeFiles/drill.dir/Users/sabrinapiazza/.pico-sdk/sdk/2.2.0/src/rp2_common/pico_printf/printf.c.o
 .ARM.attributes
                0x000004b2       0x22 CMakeFiles/drill.dir/Users/sabrinapiazza/.pico-sdk/sdk/2.2.0/src/rp2_common/pico_crt0/crt0.S.o
 .ARM.attributes
                0x000004d4       0x2c CMakeFiles/drill.dir/Users/sabrinapiazza/.pico-sdk/sdk/2.2.0/src/rp2_common/pico_clib_interface/newlib_interface.c.o
 .ARM.attributes
                0x00000500       0x2c CMakeFiles/drill.dir/Users/sabrinapiazza/.pico-sdk/sdk/2.2.0/src/rp2_common/pico_stdio/stdio.c.o
 .ARM.attributes
                0x0000052c       0x2c CMakeFiles/drill.dir/Users/sabrinapiazza/.pico-sdk/sdk/2.2.0/src/rp2_common/pico_unique_id/unique_id.c.o
 .ARM.attributes
                0x00000558       0x2c CMakeFiles/drill.dir/Users/sabrinapiazza/.pico-sdk/sdk/2.2.0/src/rp2_common/hardware_flash/flash.c.o
 .ARM.attributes
                0x00000584       0x22 pico-sdk/src/rp2040/boot_stage2/CMakeFiles/bs2_default_library.dir/./bs2_default_padded_checksummed.S.o
 .ARM.attributes
                0x000005a6       0x1e /Users/sabrinapiazza/.pico-sdk/toolchain/14_2_Rel1/bin/../lib/gcc/arm-none-eabi/14.2.1/thumb/v6-m/nofp/libgcc.a(_dvmd_tls.o)
 .ARM.attributes
                0x000005c4       0x2c /Users/sabrinapiazza/.pico-sdk/toolchain/14_2_Rel1/bin/../lib/gcc/arm-none-eabi/14.2.1/../../../../arm-none-eabi/lib/thumb/v6-m/nofp/libg.a(libc_a-strlen-stub.o)
 .ARM.attributes
                0x000005f0       0x2c /Users/sabrinapiazza/.pico-sdk/toolchain/14_2_Rel1/bin/../lib/gcc/arm-none-eabi/14.2.1/thumb/v6-m/nofp/crtend.o

.comment        0x00000000       0x45
 .comment       0x00000000       0x45 CMakeFiles/drill.dir/Users/sabrinapiazza/.pico-sdk/sdk/2.2.0/src/rp2_common/pico_platform_panic/panic.c.o
                                 0x46 (size before relaxing)
 .comment       0x00000045       0x46 CMakeFiles/drill.dir/Users/sabrinapiazza/.pico-sdk/sdk/2.2.0/src/common/hardware_claim/claim.c.o
 .comment       0x00000045       0x46 CMakeFiles/drill.dir/Users/sabrinapiazza/.pico-sdk/sdk/2.2.0/src/rp2_common/hardware_sync/sync.c.o
 .comment       0x00000045       0x46 CMakeFiles/drill.dir/Users/sabrinapiazza/.pico-sdk/sdk/2.2.0/src/rp2_common/hardware_sync_spin_lock/sync_spin_lock.c.o
 .comment       0x00000045       0x46 CMakeFiles/drill.dir/Users/sabrinapiazza/.pico-sdk/sdk/2.2.0/src/rp2_common/hardware_irq/irq.c.o
 .comment       0x00000045       0x46 CMakeFiles/drill.dir/Users/sabrinapiazza/.pico-sdk/sdk/2.2.0/src/common/pico_sync/lock_core.c.o
 .comment       0x00000045       0x46 CMakeFiles/drill.dir/Users/sabrinapiazza/.pico-sdk/sdk/2.2.0/src/common/pico_sync/mutex.c.o
 .comment       0x00000045       0x46 CMakeFiles/drill.dir/Users/sabrinapiazza/.pico-sdk/sdk/2.2.0/src/common/pico_time/time.c.o
 .comment       0x00000045       0x46 CMakeFiles/drill.dir/Users/sabrinapiazza/.pico-sdk/sdk/2.2.0/src/rp2_common/hardware_timer/timer.c.o
 .comment       0x00000045       0x46 CMakeFiles/drill.dir/Users/sabrinapiazza/.pico-sdk/sdk/2.2.0/src/rp2_common/hardware_clocks/clocks.c.o
 .comment       0x00000045       0x46 CMakeFiles/drill.dir/Users/sabrinapiazza/.pico-sdk/sdk/2.2.0/src/rp2_common/hardware_pll/pll.c.o
 .comment       0x00000045       0x46 CMakeFiles/drill.dir/Users/sabrinapiazza/.pico-sdk/sdk/2.2.0/src/rp2_common/hardware_ticks/ticks.c.o
 .comment       0x00000045       0x46 CMakeFiles/drill.dir/Users/sabrinapiazza/.pico-sdk/sdk/2.2.0/src/rp2_common/pico_bootrom/bootrom.c.o
 .comment       0x00000045       0x46 CMakeFiles/drill.dir/Users/sabrinapiazza/.pico-sdk/sdk/2.2.0/src/rp2_common/hardware_xosc/xosc.c.o
 .comment       0x00000045       0x46 CMakeFiles/drill.dir/Users/sabrinapiazza/.pico-sdk/sdk/2.2.0/src/rp2_common/pico_runtime/runtime.c.o
 .comment       0x00000045       0x46 CMakeFiles/drill.dir/Users/sabrinapiazza/.pico-sdk/sdk/2.2.0/src/rp2_common/pico_runtime_init/runtime_init.c.o
 .comment       0x00000045       0x46 CMakeFiles/drill.dir/Users/sabrinapiazza/.pico-sdk/sdk/2.2.0/src/rp2_common/pico_runtime_init/runtime_init_clocks.c.o
 .comment       0x00000045       0x46 CMakeFiles/drill.dir/Users/sabrinapiazza/.pico-sdk/sdk/2.2.0/src/rp2_common/pico_double/double_init_rom_rp2040.c.o
 .comment       0x00000045       0x46 CMakeFiles/drill.dir/Users/sabrinapiazza/.pico-sdk/sdk/2.2.0/src/rp2_common/pico_float/float_init_rom_rp2040.c.o
 .comment       0x00000045       0x46 CMakeFiles/drill.dir/Users/sabrinapiazza/.pico-sdk/sdk/2.2.0/src/rp2_common/pico_standard_binary_info/standard_binary_info.c.o
 .comment       0x00000045       0x46 CMakeFiles/drill.dir/Users/sabrinapiazza/.pico-sdk/sdk/2.2.0/src/rp2_common/pico_printf/printf.c.o
 .comment       0x00000045       0x46 CMakeFiles/drill.dir/Users/sabrinapiazza/.pico-sdk/sdk/2.2.0/src/rp2_common/pico_clib_interface/newlib_interface.c.o
 .comment       0x00000045       0x46 CMakeFiles/drill.dir/Users/sabrinapiazza/.pico-sdk/sdk/2.2.0/src/rp2_common/pico_stdio/stdio.c.o
 .comment       0x00000045       0x46 CMakeFiles/drill.dir/Users/sabrinapiazza/.pico-sdk/sdk/2.2.0/src/rp2_common/pico_unique_id/unique_id.c.o
 .comment       0x00000045       0x46 CMakeFiles/drill.dir/Users/sabrinapiazza/.pico-sdk/sdk/2.2.0/src/rp2_common/hardware_flash/flash.c.o

.debug_info     0x00000000    0x135ab
 .debug_info    0x00000000      0x1b4 CMakeFiles/drill.dir/Users/sabrinapiazza/.pico-sdk/sdk/2.2.0/src/rp2_common/pico_platform_panic/panic.c.o
 .debug_info    0x000001b4      0x6b9 CMakeFiles/drill.dir/Users/sabrinapiazza/.pico-sdk/sdk/2.2.0/src/common/hardware_claim/claim.c.o
 .debug_info    0x0000086d      0x465 CMakeFiles/drill.dir/Users/sabrinapiazza/.pico-sdk/sdk/2.2.0/src/rp2_common/hardware_sync/sync.c.o
 .debug_info    0x00000cd2      0x2f7 CMakeFiles/drill.dir/Users/sabrinapiazza/.pico-sdk/sdk/2.2.0/src/rp2_common/hardware_sync_spin_lock/sync_spin_lock.c.o
 .debug_info    0x00000fc9     0x206d CMakeFiles/drill.dir/Users/sabrinapiazza/.pico-sdk/sdk/2.2.0/src/rp2_common/hardware_irq/irq.c.o
 .debug_info    0x00003036      0x1af CMakeFiles/drill.dir/Users/sabrinapiazza/.pico-sdk/sdk/2.2.0/src/common/pico_sync/lock_core.c.o
 .debug_info    0x000031e5     0x1eaa CMakeFiles/drill.dir/Users/sabrinapiazza/.pico-sdk/sdk/2.2.0/src/common/pico_sync/mutex.c.o
 .debug_info    0x0000508f     0x3537 CMakeFiles/drill.dir/Users/sabrinapiazza/.pico-sdk/sdk/2.2.0/src/common/pico_time/time.c.o
 .debug_info    0x000085c6     0x19f4 CMakeFiles/drill.dir/Users/sabrinapiazza/.pico-sdk/sdk/2.2.0/src/rp2_common/hardware_timer/timer.c.o
 .debug_info    0x00009fba     0x15c2 CMakeFiles/drill.dir/Users/sabrinapiazza/.pico-sdk/sdk/2.2.0/src/rp2_common/hardware_clocks/clocks.c.o
 .debug_info    0x0000b57c      0x64f CMakeFiles/drill.dir/Users/sabrinapiazza/.pico-sdk/sdk/2.2.0/src/rp2_common/hardware_pll/pll.c.o
 .debug_info    0x0000bbcb      0x2b2 CMakeFiles/drill.dir/Users/sabrinapiazza/.pico-sdk/sdk/2.2.0/src/rp2_common/hardware_ticks/ticks.c.o
 .debug_info    0x0000be7d      0x491 CMakeFiles/drill.dir/Users/sabrinapiazza/.pico-sdk/sdk/2.2.0/src/rp2_common/pico_bootrom/bootrom.c.o
 .debug_info    0x0000c30e      0x1d0 CMakeFiles/drill.dir/Users/sabrinapiazza/.pico-sdk/sdk/2.2.0/src/rp2_common/hardware_xosc/xosc.c.o
 .debug_info    0x0000c4de      0x1bc CMakeFiles/drill.dir/Users/sabrinapiazza/.pico-sdk/sdk/2.2.0/src/rp2_common/pico_runtime/runtime.c.o
 .debug_info    0x0000c69a      0x805 CMakeFiles/drill.dir/Users/sabrinapiazza/.pico-sdk/sdk/2.2.0/src/rp2_common/pico_runtime_init/runtime_init.c.o
 .debug_info    0x0000ce9f      0x766 CMakeFiles/drill.dir/Users/sabrinapiazza/.pico-sdk/sdk/2.2.0/src/rp2_common/pico_runtime_init/runtime_init_clocks.c.o
 .debug_info    0x0000d605       0x23 CMakeFiles/drill.dir/Users/sabrinapiazza/.pico-sdk/sdk/2.2.0/src/rp2_common/pico_bit_ops/bit_ops_aeabi.S.o
 .debug_info    0x0000d628       0x23 CMakeFiles/drill.dir/Users/sabrinapiazza/.pico-sdk/sdk/2.2.0/src/rp2_common/pico_divider/divider_hardware.S.o
 .debug_info    0x0000d64b       0x23 CMakeFiles/drill.dir/Users/sabrinapiazza/.pico-sdk/sdk/2.2.0/src/rp2_common/pico_double/double_aeabi_rp2040.S.o
 .debug_info    0x0000d66e      0x371 CMakeFiles/drill.dir/Users/sabrinapiazza/.pico-sdk/sdk/2.2.0/src/rp2_common/pico_double/double_init_rom_rp2040.c.o
 .debug_info    0x0000d9df       0x24 CMakeFiles/drill.dir/Users/sabrinapiazza/.pico-sdk/sdk/2.2.0/src/rp2_common/pico_double/double_v1_rom_shim_rp2040.S.o
 .debug_info    0x0000da03       0x23 CMakeFiles/drill.dir/Users/sabrinapiazza/.pico-sdk/sdk/2.2.0/src/rp2_common/pico_float/float_aeabi_rp2040.S.o
 .debug_info    0x0000da26      0x333 CMakeFiles/drill.dir/Users/sabrinapiazza/.pico-sdk/sdk/2.2.0/src/rp2_common/pico_float/float_init_rom_rp2040.c.o
 .debug_info    0x0000dd59       0x23 CMakeFiles/drill.dir/Users/sabrinapiazza/.pico-sdk/sdk/2.2.0/src/rp2_common/pico_mem_ops/mem_ops_aeabi.S.o
 .debug_info    0x0000dd7c      0x2b8 CMakeFiles/drill.dir/Users/sabrinapiazza/.pico-sdk/sdk/2.2.0/src/rp2_common/pico_standard_binary_info/standard_binary_info.c.o
 .debug_info    0x0000e034     0x19ed CMakeFiles/drill.dir/Users/sabrinapiazza/.pico-sdk/sdk/2.2.0/src/rp2_common/pico_printf/printf.c.o
 .debug_info    0x0000fa21       0x23 CMakeFiles/drill.dir/Users/sabrinapiazza/.pico-sdk/sdk/2.2.0/src/rp2_common/pico_crt0/crt0.S.o
 .debug_info    0x0000fa44      0xc22 CMakeFiles/drill.dir/Users/sabrinapiazza/.pico-sdk/sdk/2.2.0/src/rp2_common/pico_clib_interface/newlib_interface.c.o
 .debug_info    0x00010666     0x1423 CMakeFiles/drill.dir/Users/sabrinapiazza/.pico-sdk/sdk/2.2.0/src/rp2_common/pico_stdio/stdio.c.o
 .debug_info    0x00011a89      0x288 CMakeFiles/drill.dir/Users/sabrinapiazza/.pico-sdk/sdk/2.2.0/src/rp2_common/pico_unique_id/unique_id.c.o
 .debug_info    0x00011d11     0x189a CMakeFiles/drill.dir/Users/sabrinapiazza/.pico-sdk/sdk/2.2.0/src/rp2_common/hardware_flash/flash.c.o

.debug_abbrev   0x00000000     0x443c
 .debug_abbrev  0x00000000      0x12d CMakeFiles/drill.dir/Users/sabrinapiazza/.pico-sdk/sdk/2.2.0/src/rp2_common/pico_platform_panic/panic.c.o
 .debug_abbrev  0x0000012d      0x29f CMakeFiles/drill.dir/Users/sabrinapiazza/.pico-sdk/sdk/2.2.0/src/common/hardware_claim/claim.c.o
 .debug_abbrev  0x000003cc      0x1f4 CMakeFiles/drill.dir/Users/sabrinapiazza/.pico-sdk/sdk/2.2.0/src/rp2_common/hardware_sync/sync.c.o
 .debug_abbrev  0x000005c0      0x1f0 CMakeFiles/drill.dir/Users/sabrinapiazza/.pico-sdk/sdk/2.2.0/src/rp2_common/hardware_sync_spin_lock/sync_spin_lock.c.o
 .debug_abbrev  0x000007b0      0x5d1 CMakeFiles/drill.dir/Users/sabrinapiazza/.pico-sdk/sdk/2.2.0/src/rp2_common/hardware_irq/irq.c.o
 .debug_abbrev  0x00000d81      0x116 CMakeFiles/drill.dir/Users/sabrinapiazza/.pico-sdk/sdk/2.2.0/src/common/pico_sync/lock_core.c.o
 .debug_abbrev  0x00000e97      0x421 CMakeFiles/drill.dir/Users/sabrinapiazza/.pico-sdk/sdk/2.2.0/src/common/pico_sync/mutex.c.o
 .debug_abbrev  0x000012b8      0x62f CMakeFiles/drill.dir/Users/sabrinapiazza/.pico-sdk/sdk/2.2.0/src/common/pico_time/time.c.o
 .debug_abbrev  0x000018e7      0x467 CMakeFiles/drill.dir/Users/sabrinapiazza/.pico-sdk/sdk/2.2.0/src/rp2_common/hardware_timer/timer.c.o
 .debug_abbrev  0x00001d4e      0x491 CMakeFiles/drill.dir/Users/sabrinapiazza/.pico-sdk/sdk/2.2.0/src/rp2_common/hardware_clocks/clocks.c.o
 .debug_abbrev  0x000021df      0x20e CMakeFiles/drill.dir/Users/sabrinapiazza/.pico-sdk/sdk/2.2.0/src/rp2_common/hardware_pll/pll.c.o
 .debug_abbrev  0x000023ed      0x152 CMakeFiles/drill.dir/Users/sabrinapiazza/.pico-sdk/sdk/2.2.0/src/rp2_common/hardware_ticks/ticks.c.o
 .debug_abbrev  0x0000253f      0x1a9 CMakeFiles/drill.dir/Users/sabrinapiazza/.pico-sdk/sdk/2.2.0/src/rp2_common/pico_bootrom/bootrom.c.o
 .debug_abbrev  0x000026e8      0x11d CMakeFiles/drill.dir/Users/sabrinapiazza/.pico-sdk/sdk/2.2.0/src/rp2_common/hardware_xosc/xosc.c.o
 .debug_abbrev  0x00002805      0x149 CMakeFiles/drill.dir/Users/sabrinapiazza/.pico-sdk/sdk/2.2.0/src/rp2_common/pico_runtime/runtime.c.o
 .debug_abbrev  0x0000294e      0x258 CMakeFiles/drill.dir/Users/sabrinapiazza/.pico-sdk/sdk/2.2.0/src/rp2_common/pico_runtime_init/runtime_init.c.o
 .debug_abbrev  0x00002ba6      0x2ce CMakeFiles/drill.dir/Users/sabrinapiazza/.pico-sdk/sdk/2.2.0/src/rp2_common/pico_runtime_init/runtime_init_clocks.c.o
 .debug_abbrev  0x00002e74       0x12 CMakeFiles/drill.dir/Users/sabrinapiazza/.pico-sdk/sdk/2.2.0/src/rp2_common/pico_bit_ops/bit_ops_aeabi.S.o
 .debug_abbrev  0x00002e86       0x12 CMakeFiles/drill.dir/Users/sabrinapiazza/.pico-sdk/sdk/2.2.0/src/rp2_common/pico_divider/divider_hardware.S.o
 .debug_abbrev  0x00002e98       0x12 CMakeFiles/drill.dir/Users/sabrinapiazza/.pico-sdk/sdk/2.2.0/src/rp2_common/pico_double/double_aeabi_rp2040.S.o
 .debug_abbrev  0x00002eaa      0x1c7 CMakeFiles/drill.dir/Users/sabrinapiazza/.pico-sdk/sdk/2.2.0/src/rp2_common/pico_double/double_init_rom_rp2040.c.o
 .debug_abbrev  0x00003071       0x14 CMakeFiles/drill.dir/Users/sabrinapiazza/.pico-sdk/sdk/2.2.0/src/rp2_common/pico_double/double_v1_rom_shim_rp2040.S.o
 .debug_abbrev  0x00003085       0x12 CMakeFiles/drill.dir/Users/sabrinapiazza/.pico-sdk/sdk/2.2.0/src/rp2_common/pico_float/float_aeabi_rp2040.S.o
 .debug_abbrev  0x00003097      0x1ab CMakeFiles/drill.dir/Users/sabrinapiazza/.pico-sdk/sdk/2.2.0/src/rp2_common/pico_float/float_init_rom_rp2040.c.o
 .debug_abbrev  0x00003242       0x12 CMakeFiles/drill.dir/Users/sabrinapiazza/.pico-sdk/sdk/2.2.0/src/rp2_common/pico_mem_ops/mem_ops_aeabi.S.o
 .debug_abbrev  0x00003254       0xb8 CMakeFiles/drill.dir/Users/sabrinapiazza/.pico-sdk/sdk/2.2.0/src/rp2_common/pico_standard_binary_info/standard_binary_info.c.o
 .debug_abbrev  0x0000330c      0x382 CMakeFiles/drill.dir/Users/sabrinapiazza/.pico-sdk/sdk/2.2.0/src/rp2_common/pico_printf/printf.c.o
 .debug_abbrev  0x0000368e       0x12 CMakeFiles/drill.dir/Users/sabrinapiazza/.pico-sdk/sdk/2.2.0/src/rp2_common/pico_crt0/crt0.S.o
 .debug_abbrev  0x000036a0      0x35f CMakeFiles/drill.dir/Users/sabrinapiazza/.pico-sdk/sdk/2.2.0/src/rp2_common/pico_clib_interface/newlib_interface.c.o
 .debug_abbrev  0x000039ff      0x50b CMakeFiles/drill.dir/Users/sabrinapiazza/.pico-sdk/sdk/2.2.0/src/rp2_common/pico_stdio/stdio.c.o
 .debug_abbrev  0x00003f0a      0x181 CMakeFiles/drill.dir/Users/sabrinapiazza/.pico-sdk/sdk/2.2.0/src/rp2_common/pico_unique_id/unique_id.c.o
 .debug_abbrev  0x0000408b      0x3b1 CMakeFiles/drill.dir/Users/sabrinapiazza/.pico-sdk/sdk/2.2.0/src/rp2_common/hardware_flash/flash.c.o

.debug_aranges  0x00000000      0xd58
 .debug_aranges
                0x00000000       0x28 CMakeFiles/drill.dir/Users/sabrinapiazza/.pico-sdk/sdk/2.2.0/src/rp2_common/pico_platform_panic/panic.c.o
 .debug_aranges
                0x00000028       0x48 CMakeFiles/drill.dir/Users/sabrinapiazza/.pico-sdk/sdk/2.2.0/src/common/hardware_claim/claim.c.o
 .debug_aranges
                0x00000070       0x48 CMakeFiles/drill.dir/Users/sabrinapiazza/.pico-sdk/sdk/2.2.0/src/rp2_common/hardware_sync/sync.c.o
 .debug_aranges
                0x000000b8       0x28 CMakeFiles/drill.dir/Users/sabrinapiazza/.pico-sdk/sdk/2.2.0/src/rp2_common/hardware_sync_spin_lock/sync_spin_lock.c.o
 .debug_aranges
                0x000000e0       0xe8 CMakeFiles/drill.dir/Users/sabrinapiazza/.pico-sdk/sdk/2.2.0/src/rp2_common/hardware_irq/irq.c.o
 .debug_aranges
                0x000001c8       0x20 CMakeFiles/drill.dir/Users/sabrinapiazza/.pico-sdk/sdk/2.2.0/src/common/pico_sync/lock_core.c.o
 .debug_aranges
                0x000001e8       0x98 CMakeFiles/drill.dir/Users/sabrinapiazza/.pico-sdk/sdk/2.2.0/src/common/pico_sync/mutex.c.o
 .debug_aranges
                0x00000280      0x118 CMakeFiles/drill.dir/Users/sabrinapiazza/.pico-sdk/sdk/2.2.0/src/common/pico_time/time.c.o
 .debug_aranges
                0x00000398       0xf0 CMakeFiles/drill.dir/Users/sabrinapiazza/.pico-sdk/sdk/2.2.0/src/rp2_common/hardware_timer/timer.c.o
 .debug_aranges
                0x00000488       0xa0 CMakeFiles/drill.dir/Users/sabrinapiazza/.pico-sdk/sdk/2.2.0/src/rp2_common/hardware_clocks/clocks.c.o
 .debug_aranges
                0x00000528       0x28 CMakeFiles/drill.dir/Users/sabrinapiazza/.pico-sdk/sdk/2.2.0/src/rp2_common/hardware_pll/pll.c.o
 .debug_aranges
                0x00000550       0x30 CMakeFiles/drill.dir/Users/sabrinapiazza/.pico-sdk/sdk/2.2.0/src/rp2_common/hardware_ticks/ticks.c.o
 .debug_aranges
                0x00000580       0x40 CMakeFiles/drill.dir/Users/sabrinapiazza/.pico-sdk/sdk/2.2.0/src/rp2_common/pico_bootrom/bootrom.c.o
 .debug_aranges
                0x000005c0       0x30 CMakeFiles/drill.dir/Users/sabrinapiazza/.pico-sdk/sdk/2.2.0/src/rp2_common/hardware_xosc/xosc.c.o
 .debug_aranges
                0x000005f0       0x40 CMakeFiles/drill.dir/Users/sabrinapiazza/.pico-sdk/sdk/2.2.0/src/rp2_common/pico_runtime/runtime.c.o
 .debug_aranges
                0x00000630       0x48 CMakeFiles/drill.dir/Users/sabrinapiazza/.pico-sdk/sdk/2.2.0/src/rp2_common/pico_runtime_init/runtime_init.c.o
 .debug_aranges
                0x00000678       0x28 CMakeFiles/drill.dir/Users/sabrinapiazza/.pico-sdk/sdk/2.2.0/src/rp2_common/pico_runtime_init/runtime_init_clocks.c.o
 .debug_aranges
                0x000006a0       0x60 CMakeFiles/drill.dir/Users/sabrinapiazza/.pico-sdk/sdk/2.2.0/src/rp2_common/pico_bit_ops/bit_ops_aeabi.S.o
 .debug_aranges
                0x00000700       0x40 CMakeFiles/drill.dir/Users/sabrinapiazza/.pico-sdk/sdk/2.2.0/src/rp2_common/pico_divider/divider_hardware.S.o
 .debug_aranges
                0x00000740      0x150 CMakeFiles/drill.dir/Users/sabrinapiazza/.pico-sdk/sdk/2.2.0/src/rp2_common/pico_double/double_aeabi_rp2040.S.o
 .debug_aranges
                0x00000890       0x28 CMakeFiles/drill.dir/Users/sabrinapiazza/.pico-sdk/sdk/2.2.0/src/rp2_common/pico_double/double_init_rom_rp2040.c.o
 .debug_aranges
                0x000008b8       0x20 CMakeFiles/drill.dir/Users/sabrinapiazza/.pico-sdk/sdk/2.2.0/src/rp2_common/pico_double/double_v1_rom_shim_rp2040.S.o
 .debug_aranges
                0x000008d8      0x138 CMakeFiles/drill.dir/Users/sabrinapiazza/.pico-sdk/sdk/2.2.0/src/rp2_common/pico_float/float_aeabi_rp2040.S.o
 .debug_aranges
                0x00000a10       0x28 CMakeFiles/drill.dir/Users/sabrinapiazza/.pico-sdk/sdk/2.2.0/src/rp2_common/pico_float/float_init_rom_rp2040.c.o
 .debug_aranges
                0x00000a38       0x38 CMakeFiles/drill.dir/Users/sabrinapiazza/.pico-sdk/sdk/2.2.0/src/rp2_common/pico_mem_ops/mem_ops_aeabi.S.o
 .debug_aranges
                0x00000a70       0x18 CMakeFiles/drill.dir/Users/sabrinapiazza/.pico-sdk/sdk/2.2.0/src/rp2_common/pico_standard_binary_info/standard_binary_info.c.o
 .debug_aranges
                0x00000a88       0x90 CMakeFiles/drill.dir/Users/sabrinapiazza/.pico-sdk/sdk/2.2.0/src/rp2_common/pico_printf/printf.c.o
 .debug_aranges
                0x00000b18       0x28 CMakeFiles/drill.dir/Users/sabrinapiazza/.pico-sdk/sdk/2.2.0/src/rp2_common/pico_crt0/crt0.S.o
 .debug_aranges
                0x00000b40       0xa8 CMakeFiles/drill.dir/Users/sabrinapiazza/.pico-sdk/sdk/2.2.0/src/rp2_common/pico_clib_interface/newlib_interface.c.o
 .debug_aranges
                0x00000be8       0xd0 CMakeFiles/drill.dir/Users/sabrinapiazza/.pico-sdk/sdk/2.2.0/src/rp2_common/pico_stdio/stdio.c.o
 .debug_aranges
                0x00000cb8       0x30 CMakeFiles/drill.dir/Users/sabrinapiazza/.pico-sdk/sdk/2.2.0/src/rp2_common/pico_unique_id/unique_id.c.o
 .debug_aranges
                0x00000ce8       0x70 CMakeFiles/drill.dir/Users/sabrinapiazza/.pico-sdk/sdk/2.2.0/src/rp2_common/hardware_flash/flash.c.o

.debug_rnglists
                0x00000000      0xd09
 .debug_rnglists
                0x00000000       0x19 CMakeFiles/drill.dir/Users/sabrinapiazza/.pico-sdk/sdk/2.2.0/src/rp2_common/pico_platform_panic/panic.c.o
 .debug_rnglists
                0x00000019       0x31 CMakeFiles/drill.dir/Users/sabrinapiazza/.pico-sdk/sdk/2.2.0/src/common/hardware_claim/claim.c.o
 .debug_rnglists
                0x0000004a       0x31 CMakeFiles/drill.dir/Users/sabrinapiazza/.pico-sdk/sdk/2.2.0/src/rp2_common/hardware_sync/sync.c.o
 .debug_rnglists
                0x0000007b       0x19 CMakeFiles/drill.dir/Users/sabrinapiazza/.pico-sdk/sdk/2.2.0/src/rp2_common/hardware_sync_spin_lock/sync_spin_lock.c.o
 .debug_rnglists
                0x00000094      0x10e CMakeFiles/drill.dir/Users/sabrinapiazza/.pico-sdk/sdk/2.2.0/src/rp2_common/hardware_irq/irq.c.o
 .debug_rnglists
                0x000001a2       0x13 CMakeFiles/drill.dir/Users/sabrinapiazza/.pico-sdk/sdk/2.2.0/src/common/pico_sync/lock_core.c.o
 .debug_rnglists
                0x000001b5      0x135 CMakeFiles/drill.dir/Users/sabrinapiazza/.pico-sdk/sdk/2.2.0/src/common/pico_sync/mutex.c.o
 .debug_rnglists
                0x000002ea      0x1c9 CMakeFiles/drill.dir/Users/sabrinapiazza/.pico-sdk/sdk/2.2.0/src/common/pico_time/time.c.o
 .debug_rnglists
                0x000004b3       0xb2 CMakeFiles/drill.dir/Users/sabrinapiazza/.pico-sdk/sdk/2.2.0/src/rp2_common/hardware_timer/timer.c.o
 .debug_rnglists
                0x00000565       0xef CMakeFiles/drill.dir/Users/sabrinapiazza/.pico-sdk/sdk/2.2.0/src/rp2_common/hardware_clocks/clocks.c.o
 .debug_rnglists
                0x00000654       0x1a CMakeFiles/drill.dir/Users/sabrinapiazza/.pico-sdk/sdk/2.2.0/src/rp2_common/hardware_pll/pll.c.o
 .debug_rnglists
                0x0000066e       0x1f CMakeFiles/drill.dir/Users/sabrinapiazza/.pico-sdk/sdk/2.2.0/src/rp2_common/hardware_ticks/ticks.c.o
 .debug_rnglists
                0x0000068d       0x37 CMakeFiles/drill.dir/Users/sabrinapiazza/.pico-sdk/sdk/2.2.0/src/rp2_common/pico_bootrom/bootrom.c.o
 .debug_rnglists
                0x000006c4       0x1f CMakeFiles/drill.dir/Users/sabrinapiazza/.pico-sdk/sdk/2.2.0/src/rp2_common/hardware_xosc/xosc.c.o
 .debug_rnglists
                0x000006e3       0x2b CMakeFiles/drill.dir/Users/sabrinapiazza/.pico-sdk/sdk/2.2.0/src/rp2_common/pico_runtime/runtime.c.o
 .debug_rnglists
                0x0000070e       0x31 CMakeFiles/drill.dir/Users/sabrinapiazza/.pico-sdk/sdk/2.2.0/src/rp2_common/pico_runtime_init/runtime_init.c.o
 .debug_rnglists
                0x0000073f       0x26 CMakeFiles/drill.dir/Users/sabrinapiazza/.pico-sdk/sdk/2.2.0/src/rp2_common/pico_runtime_init/runtime_init_clocks.c.o
 .debug_rnglists
                0x00000765       0x43 CMakeFiles/drill.dir/Users/sabrinapiazza/.pico-sdk/sdk/2.2.0/src/rp2_common/pico_bit_ops/bit_ops_aeabi.S.o
 .debug_rnglists
                0x000007a8       0x2c CMakeFiles/drill.dir/Users/sabrinapiazza/.pico-sdk/sdk/2.2.0/src/rp2_common/pico_divider/divider_hardware.S.o
 .debug_rnglists